pytorch-benchmark-opt-0:108:152 [1] NCCL INFO NET/IB : GPU Direct RDMA (nvidia-peermem) enabled for HCA 0 'mlx5_6
pytorch-benchmark-opt-0:108:152 [1] NCCL INFO NET/IB : GPU Direct RDMA (DMABUF) enabled for HCA 0 'mlx5_6
pytorch-benchmark-opt-0:108:163 [1] NCCL INFO Channel 01/0 : 1[1] -> 5[1] [send] via NET/IBext_v8/0
pytorch-benchmark-opt-0:108:163 [1] NCCL INFO GPU Direct RDMA Disabled for GPU 26000 / HCA 0 (distance 6 > 3)
pytorch-benchmark-opt-0:108:152 [1] NCCL INFO New proxy send connection 9 from local rank 1, transport 2
pytorch-benchmark-opt-0:108:163 [1] NCCL INFO Connected to proxy localRank 1 -> connection 0x7fcf64005378
pytorch-benchmark-opt-0:109:160 [2] NCCL INFO Channel 03/0 : 2[2] -> 0[0] via P2P/CUMEM
pytorch-benchmark-opt-0:108:152 [1] NCCL INFO NET/IB : GPU Direct RDMA (nvidia-peermem) enabled for HCA 0 'mlx5_6
pytorch-benchmark-opt-0:108:152 [1] NCCL INFO NET/IB : GPU Direct RDMA (DMABUF) enabled for HCA 0 'mlx5_6
pytorch-benchmark-opt-0:108:163 [1] NCCL INFO Channel 03/0 : 1[1] -> 5[1] [send] via NET/IBext_v8/0
pytorch-benchmark-opt-0:108:163 [1] NCCL INFO GPU Direct RDMA Disabled for GPU 26000 / HCA 0 (distance 6 > 3)
pytorch-benchmark-opt-0:109:154 [2] NCCL INFO New proxy send connection 13 from local rank 2, transport 0
pytorch-benchmark-opt-0:109:160 [2] NCCL INFO Connected to proxy localRank 2 -> connection 0x7f1d68005558
pytorch-benchmark-opt-0:108:152 [1] NCCL INFO New proxy send connection 10 from local rank 1, transport 2
pytorch-benchmark-opt-0:108:163 [1] NCCL INFO Connected to proxy localRank 1 -> connection 0x7fcf640053f0
pytorch-benchmark-opt-0:108:152 [1] NCCL INFO NET/IB : GPU Direct RDMA (nvidia-peermem) enabled for HCA 0 'mlx5_6
pytorch-benchmark-opt-0:108:152 [1] NCCL INFO NET/IB : GPU Direct RDMA (DMABUF) enabled for HCA 0 'mlx5_6
pytorch-benchmark-opt-0:108:163 [1] NCCL INFO Channel 05/0 : 1[1] -> 5[1] [send] via NET/IBext_v8/0
pytorch-benchmark-opt-0:108:163 [1] NCCL INFO GPU Direct RDMA Disabled for GPU 26000 / HCA 0 (distance 6 > 3)
pytorch-benchmark-opt-0:108:152 [1] NCCL INFO New proxy send connection 11 from local rank 1, transport 2
pytorch-benchmark-opt-0:108:163 [1] NCCL INFO Connected to proxy localRank 1 -> connection 0x7fcf64005468
pytorch-benchmark-opt-0:108:152 [1] NCCL INFO NET/IB : GPU Direct RDMA (nvidia-peermem) enabled for HCA 0 'mlx5_6
pytorch-benchmark-opt-0:108:152 [1] NCCL INFO NET/IB : GPU Direct RDMA (DMABUF) enabled for HCA 0 'mlx5_6
pytorch-benchmark-opt-0:109:160 [2] NCCL INFO Channel 05/0 : 2[2] -> 0[0] via P2P/CUMEM
pytorch-benchmark-opt-0:108:163 [1] NCCL INFO Channel 07/0 : 1[1] -> 5[1] [send] via NET/IBext_v8/0
pytorch-benchmark-opt-0:109:154 [2] NCCL INFO New proxy send connection 14 from local rank 2, transport 0
pytorch-benchmark-opt-0:109:160 [2] NCCL INFO Connected to proxy localRank 2 -> connection 0x7f1d680055d0
pytorch-benchmark-opt-0:109:160 [2] NCCL INFO Channel 07/0 : 2[2] -> 0[0] via P2P/CUMEM
pytorch-benchmark-opt-0:109:154 [2] NCCL INFO New proxy send connection 15 from local rank 2, transport 0
pytorch-benchmark-opt-0:109:160 [2] NCCL INFO Connected to proxy localRank 2 -> connection 0x7f1d68005648
pytorch-benchmark-opt-0:108:152 [1] NCCL INFO New proxy recv connection 12 from local rank 1, transport 0
pytorch-benchmark-opt-0:108:163 [1] NCCL INFO Connected to proxy localRank 1 -> connection 0x7fcf640054e0
pytorch-benchmark-opt-0:108:152 [1] NCCL INFO New proxy recv connection 13 from local rank 1, transport 0
pytorch-benchmark-opt-0:108:163 [1] NCCL INFO Connected to proxy localRank 1 -> connection 0x7fcf64005558
pytorch-benchmark-opt-0:107:158 [0] NCCL INFO New proxy send connection 16 from local rank 2, transport 0
pytorch-benchmark-opt-0:109:154 [2] NCCL INFO New proxy send connection 16 from local rank 0, transport 0
pytorch-benchmark-opt-0:109:160 [2] NCCL INFO Connected to proxy localRank 0 -> connection 0x7fa4a80056c0
pytorch-benchmark-opt-0:107:162 [0] NCCL INFO Connected to proxy localRank 2 -> connection 0x7f1d680056c0
pytorch-benchmark-opt-0:108:152 [1] NCCL INFO New proxy recv connection 14 from local rank 1, transport 0
pytorch-benchmark-opt-0:108:163 [1] NCCL INFO Connected to proxy localRank 1 -> connection 0x7fcf640055d0
pytorch-benchmark-opt-0:108:152 [1] NCCL INFO New proxy recv connection 15 from local rank 1, transport 0
pytorch-benchmark-opt-0:108:163 [1] NCCL INFO Connected to proxy localRank 1 -> connection 0x7fcf64005648
pytorch-benchmark-opt-0:110:153 [3] NCCL INFO New proxy send connection 16 from local rank 1, transport 0
pytorch-benchmark-opt-0:108:152 [1] NCCL INFO New proxy send connection 16 from local rank 3, transport 0
pytorch-benchmark-opt-0:108:163 [1] NCCL INFO Connected to proxy localRank 3 -> connection 0x7f00800056c0
pytorch-benchmark-opt-0:110:161 [3] NCCL INFO Connected to proxy localRank 1 -> connection 0x7fcf640056c0
pytorch-benchmark-opt-0:109:154 [2] NCCL INFO NET/IB: NCCL Dev 3 IbDev 3 Port 1 qpn 6123 mtu 5 query_ece={supported=1, vendor_id=0x15b3, options=0x30000002, comp_mask=0x0} GID 3 (0/26A000AFFFF0000) fifoRkey=0x40f00 fifoLkey=0x40f00
pytorch-benchmark-opt-0:109:154 [2] NCCL INFO NET/IB: NCCL Dev 3 IbDev 3 Port 1 qpn 6124 mtu 5 query_ece={supported=1, vendor_id=0x15b3, options=0x30000002, comp_mask=0x0} GID 3 (0/26A000AFFFF0000) fifoRkey=0x40f00 fifoLkey=0x40f00
pytorch-benchmark-opt-0:110:153 [3] NCCL INFO New proxy send connection 17 from local rank 0, transport 0
pytorch-benchmark-opt-0:107:158 [0] NCCL INFO New proxy send connection 17 from local rank 3, transport 0
pytorch-benchmark-opt-0:107:162 [0] NCCL INFO Connected to proxy localRank 3 -> connection 0x7f0080005738
pytorch-benchmark-opt-0:110:161 [3] NCCL INFO Connected to proxy localRank 0 -> connection 0x7fa4a8005738
pytorch-benchmark-opt-0:108:152 [1] NCCL INFO NET/IB: NCCL Dev 0 IbDev 0 Port 1 qpn 6175 mtu 5 query_ece={supported=1, vendor_id=0x15b3, options=0x30000002, comp_mask=0x0} GID 3 (0/267000AFFFF0000) fifoRkey=0x45c00 fifoLkey=0x45c00
pytorch-benchmark-opt-0:108:152 [1] NCCL INFO NET/IB: NCCL Dev 0 IbDev 0 Port 1 qpn 6176 mtu 5 query_ece={supported=1, vendor_id=0x15b3, options=0x30000002, comp_mask=0x0} GID 3 (0/267000AFFFF0000) fifoRkey=0x45c00 fifoLkey=0x45c00
pytorch-benchmark-opt-0:109:154 [2] NCCL INFO NET/IB: NCCL Dev 3 IbDev 3 Port 1 qpn 6128 mtu 5 query_ece={supported=1, vendor_id=0x15b3, options=0x30000002, comp_mask=0x0} GID 3 (0/26A000AFFFF0000) fifoRkey=0x41000 fifoLkey=0x41000
pytorch-benchmark-opt-0:109:154 [2] NCCL INFO NET/IB: NCCL Dev 3 IbDev 3 Port 1 qpn 6129 mtu 5 query_ece={supported=1, vendor_id=0x15b3, options=0x30000002, comp_mask=0x0} GID 3 (0/26A000AFFFF0000) fifoRkey=0x41000 fifoLkey=0x41000
pytorch-benchmark-opt-0:109:154 [2] NCCL INFO NET/IB: IbDev 3 Port 1 qpn 5043 set_ece={supported=1, vendor_id=0x15b3, options=0x0, comp_mask=0x0}
pytorch-benchmark-opt-0:109:154 [2] NCCL INFO NET/IB: IbDev 3 Port 1 qpn 5044 set_ece={supported=1, vendor_id=0x15b3, options=0x0, comp_mask=0x0}
pytorch-benchmark-opt-0:108:152 [1] NCCL INFO NET/IB: NCCL Dev 0 IbDev 0 Port 1 qpn 6177 mtu 5 query_ece={supported=1, vendor_id=0x15b3, options=0x30000002, comp_mask=0x0} GID 3 (0/267000AFFFF0000) fifoRkey=0x42600 fifoLkey=0x42600
pytorch-benchmark-opt-0:108:152 [1] NCCL INFO NET/IB: NCCL Dev 0 IbDev 0 Port 1 qpn 6178 mtu 5 query_ece={supported=1, vendor_id=0x15b3, options=0x30000002, comp_mask=0x0} GID 3 (0/267000AFFFF0000) fifoRkey=0x42600 fifoLkey=0x42600
pytorch-benchmark-opt-0:108:152 [1] NCCL INFO NET/IB: NCCL Dev 0 IbDev 0 Port 1 qpn 6179 mtu 5 query_ece={supported=1, vendor_id=0x15b3, options=0x30000002, comp_mask=0x0} GID 3 (0/267000AFFFF0000) fifoRkey=0x41200 fifoLkey=0x41200
pytorch-benchmark-opt-0:108:152 [1] NCCL INFO NET/IB: NCCL Dev 0 IbDev 0 Port 1 qpn 6180 mtu 5 query_ece={supported=1, vendor_id=0x15b3, options=0x30000002, comp_mask=0x0} GID 3 (0/267000AFFFF0000) fifoRkey=0x41200 fifoLkey=0x41200
pytorch-benchmark-opt-0:108:152 [1] NCCL INFO NET/IB: NCCL Dev 0 IbDev 0 Port 1 qpn 6181 mtu 5 query_ece={supported=1, vendor_id=0x15b3, options=0x30000002, comp_mask=0x0} GID 3 (0/267000AFFFF0000) fifoRkey=0x41c00 fifoLkey=0x41c00
pytorch-benchmark-opt-0:108:152 [1] NCCL INFO NET/IB: NCCL Dev 0 IbDev 0 Port 1 qpn 6182 mtu 5 query_ece={supported=1, vendor_id=0x15b3, options=0x30000002, comp_mask=0x0} GID 3 (0/267000AFFFF0000) fifoRkey=0x41c00 fifoLkey=0x41c00
pytorch-benchmark-opt-0:108:152 [1] NCCL INFO NET/IB: IbDev 0 Port 1 qpn 5014 set_ece={supported=1, vendor_id=0x15b3, options=0x0, comp_mask=0x0}
pytorch-benchmark-opt-0:108:152 [1] NCCL INFO NET/IB: IbDev 0 Port 1 qpn 5015 set_ece={supported=1, vendor_id=0x15b3, options=0x0, comp_mask=0x0}
pytorch-benchmark-opt-0:109:154 [2] NCCL INFO NET/IB: IbDev 3 Port 1 qpn 5046 set_ece={supported=1, vendor_id=0x15b3, options=0x0, comp_mask=0x0}
pytorch-benchmark-opt-0:109:154 [2] NCCL INFO NET/IB: IbDev 3 Port 1 qpn 5047 set_ece={supported=1, vendor_id=0x15b3, options=0x0, comp_mask=0x0}
pytorch-benchmark-opt-0:109:154 [2] NCCL INFO NET/IB: NCCL Dev 3 IbDev 3 Port 1 qpn 6133 mtu 5 query_ece={supported=1, vendor_id=0x15b3, options=0x30000002, comp_mask=0x0} GID 3 (0/26A000AFFFF0000) fifoRkey=0x41f00 fifoLkey=0x41f00
pytorch-benchmark-opt-0:109:154 [2] NCCL INFO NET/IB: NCCL Dev 3 IbDev 3 Port 1 qpn 6134 mtu 5 query_ece={supported=1, vendor_id=0x15b3, options=0x30000002, comp_mask=0x0} GID 3 (0/26A000AFFFF0000) fifoRkey=0x41f00 fifoLkey=0x41f00
pytorch-benchmark-opt-0:108:152 [1] NCCL INFO NET/IB: IbDev 0 Port 1 qpn 5019 set_ece={supported=1, vendor_id=0x15b3, options=0x0, comp_mask=0x0}
pytorch-benchmark-opt-0:108:152 [1] NCCL INFO NET/IB: IbDev 0 Port 1 qpn 5020 set_ece={supported=1, vendor_id=0x15b3, options=0x0, comp_mask=0x0}
pytorch-benchmark-opt-0:109:154 [2] NCCL INFO NET/IB: IbDev 3 Port 1 qpn 5117 set_ece={supported=1, vendor_id=0x15b3, options=0x0, comp_mask=0x0}
pytorch-benchmark-opt-0:109:154 [2] NCCL INFO NET/IB: IbDev 3 Port 1 qpn 5118 set_ece={supported=1, vendor_id=0x15b3, options=0x0, comp_mask=0x0}
pytorch-benchmark-opt-0:108:152 [1] NCCL INFO NET/IB: IbDev 0 Port 1 qpn 5090 set_ece={supported=1, vendor_id=0x15b3, options=0x0, comp_mask=0x0}
pytorch-benchmark-opt-0:108:152 [1] NCCL INFO NET/IB: IbDev 0 Port 1 qpn 5091 set_ece={supported=1, vendor_id=0x15b3, options=0x0, comp_mask=0x0}
pytorch-benchmark-opt-0:109:154 [2] NCCL INFO NET/IB: NCCL Dev 3 IbDev 3 Port 1 qpn 6204 mtu 5 query_ece={supported=1, vendor_id=0x15b3, options=0x30000002, comp_mask=0x0} GID 3 (0/26A000AFFFF0000) fifoRkey=0x42300 fifoLkey=0x42300
pytorch-benchmark-opt-0:109:154 [2] NCCL INFO NET/IB: NCCL Dev 3 IbDev 3 Port 1 qpn 6205 mtu 5 query_ece={supported=1, vendor_id=0x15b3, options=0x30000002, comp_mask=0x0} GID 3 (0/26A000AFFFF0000) fifoRkey=0x42300 fifoLkey=0x42300
pytorch-benchmark-opt-0:108:152 [1] NCCL INFO NET/IB: IbDev 0 Port 1 qpn 5095 set_ece={supported=1, vendor_id=0x15b3, options=0x0, comp_mask=0x0}
pytorch-benchmark-opt-0:108:152 [1] NCCL INFO NET/IB: IbDev 0 Port 1 qpn 5096 set_ece={supported=1, vendor_id=0x15b3, options=0x0, comp_mask=0x0}
pytorch-benchmark-opt-0:109:154 [2] NCCL INFO NET/IB: IbDev 3 Port 1 qpn 5122 set_ece={supported=1, vendor_id=0x15b3, options=0x0, comp_mask=0x0}
pytorch-benchmark-opt-0:109:154 [2] NCCL INFO NET/IB: IbDev 3 Port 1 qpn 5123 set_ece={supported=1, vendor_id=0x15b3, options=0x0, comp_mask=0x0}
pytorch-benchmark-opt-0:108:163 [1] NCCL INFO Connected all rings
pytorch-benchmark-opt-0:110:161 [3] NCCL INFO Connected all rings
pytorch-benchmark-opt-0:109:160 [2] NCCL INFO Connected all rings
pytorch-benchmark-opt-0:107:162 [0] NCCL INFO Connected all rings
    0.10      233.7          189.1          779.7          0.75           0.93           0.22
    0.12      215.2          188.4          907.7          0.98           1.11           0.23
    0.15      225.0          204.5          550.5          1.17           1.28           0.48
    0.20      288.6          206.4         1954.4          1.21           1.70           0.18
    0.32      319.8          268.6         1712.5          1.75           2.08           0.33
    0.40      322.2          254.0         2458.5          2.17           2.76           0.28
    0.50      372.5          275.8         1739.5          2.35           3.17           0.50
    0.64      329.7          283.0         1376.8          3.40           3.96           0.81
    0.80      378.3          279.0         2696.0          3.70           5.02           0.52
    1.00      351.8          258.6         1478.9          4.97           6.77           1.18
    1.25      313.5          280.5          385.3          6.98           7.80           5.68
    1.50      363.3          286.8         2426.6          7.23           9.15           1.08
    2.00      362.9          277.3         1507.7          9.64          12.62           2.32
    3.16      362.3          331.1         1099.4         15.26          16.70           5.03
    4.00      434.1          340.4         2304.8         16.13          20.56           3.04
    5.00      505.8          382.8         2648.7         17.30          22.86           3.30
    6.40      506.7          448.5         1196.2         22.10          24.97           9.36
    8.00      586.7          543.9         1082.2         23.86          25.74          12.94
   10.00      699.5          658.3          772.9         25.02          26.58          22.64
   12.50      849.0          797.1          898.1         25.76          27.44          24.36
   15.00      984.7          933.7         1023.8         26.66          28.11          25.64
   20.00     1370.8         1192.6         3262.5         25.53          29.35          10.73
   31.60     1972.2         1888.7         2151.7         28.04          29.28          25.70
   40.00     2404.7         2225.7         3019.3         29.11          31.45          23.18
   50.00     2934.9         2813.8         3007.8         29.81          31.10          29.09
   64.00     3793.6         3671.2         3892.5         29.52          30.51          28.77
   80.00     4758.1         4669.3         4842.9         29.42          29.98          28.91
  100.00     6352.1         5829.8         8285.1         27.55          30.02          21.12
  125.00     7437.2         7325.9         7629.7         29.41          29.86          28.67
  160.00     9427.8         9298.7         9599.7         29.70          30.11          29.17
  200.00    11783.0        11538.0        12002.9         29.70          30.33          29.16
  250.00    14663.9        14457.9        14945.0         29.84          30.26          29.27
  316.00    18533.0        18282.8        18724.2         29.84          30.25          29.53
  400.00    23404.9        23225.0        23812.1         29.91          30.14          29.40
  500.00    31365.6        28853.9        73205.9         27.90          30.33          11.95
  640.00    37189.4        36775.2        37489.0         30.12          30.46          29.88
  800.00    52759.7        44522.0        112809.5         26.54          31.45          12.41
 1000.00    62076.6        54647.3        97445.0         28.19          32.02          17.96
 1250.00    77466.2        67810.8        113445.1         28.24          32.26          19.28
 1600.00    93571.8        87035.1        104981.8         29.92          32.17          26.67
 2000.00    112784.7        109213.5        114214.7         31.03          32.05          30.64
 2500.00    141937.1        140099.0        147015.4         30.82          31.23          29.76
 3160.00    176490.0        175535.0        177755.6         31.33          31.50          31.11
 4000.00    221045.3        217989.9        223193.6         31.67          32.11          31.36
 5000.00    273713.6        270003.2        276847.7         31.97          32.41          31.61
 6400.00    349458.1        345361.3        355524.6         32.05          32.43          31.50
 8000.00    436657.5        429902.2        444132.2         32.06          32.57          31.52
pytorch-benchmark-opt-0:107:166 [0] NCCL INFO socketProgressOpt: abort called
pytorch-benchmark-opt-0:107:166 [0] NCCL INFO misc/socket.cc:47 -> 3
pytorch-benchmark-opt-0:107:166 [0] NCCL INFO misc/socket.cc:58 -> 3
pytorch-benchmark-opt-0:107:166 [0] NCCL INFO misc/socket.cc:781 -> 3
pytorch-benchmark-opt-0:107:166 [0] NCCL INFO socketProgressOpt: abort called
pytorch-benchmark-opt-0:107:166 [0] NCCL INFO misc/socket.cc:47 -> 3
pytorch-benchmark-opt-0:107:166 [0] NCCL INFO misc/socket.cc:58 -> 3
pytorch-benchmark-opt-0:107:166 [0] NCCL INFO misc/socket.cc:781 -> 3
pytorch-benchmark-opt-0:107:158 [0] NCCL INFO socketProgressOpt: abort called
pytorch-benchmark-opt-0:107:158 [0] NCCL INFO misc/socket.cc:832 -> 3
pytorch-benchmark-opt-0:107:166 [0] NCCL INFO socketProgressOpt: abort called
pytorch-benchmark-opt-0:107:166 [0] NCCL INFO misc/socket.cc:47 -> 3
pytorch-benchmark-opt-0:107:166 [0] NCCL INFO misc/socket.cc:58 -> 3
pytorch-benchmark-opt-0:107:166 [0] NCCL INFO misc/socket.cc:781 -> 3
pytorch-benchmark-opt-0:109:167 [2] NCCL INFO socketProgressOpt: abort called
pytorch-benchmark-opt-0:109:167 [2] NCCL INFO misc/socket.cc:47 -> 3
pytorch-benchmark-opt-0:109:167 [2] NCCL INFO misc/socket.cc:58 -> 3
pytorch-benchmark-opt-0:109:167 [2] NCCL INFO misc/socket.cc:781 -> 3
pytorch-benchmark-opt-0:107:158 [0] NCCL INFO socketProgressOpt: abort called
pytorch-benchmark-opt-0:107:158 [0] NCCL INFO misc/socket.cc:832 -> 3
pytorch-benchmark-opt-0:109:167 [2] NCCL INFO socketProgressOpt: abort called
pytorch-benchmark-opt-0:109:167 [2] NCCL INFO misc/socket.cc:47 -> 3
pytorch-benchmark-opt-0:109:167 [2] NCCL INFO misc/socket.cc:58 -> 3
pytorch-benchmark-opt-0:109:167 [2] NCCL INFO misc/socket.cc:781 -> 3
pytorch-benchmark-opt-0:109:154 [2] NCCL INFO socketProgressOpt: abort called
pytorch-benchmark-opt-0:109:154 [2] NCCL INFO misc/socket.cc:832 -> 3
pytorch-benchmark-opt-0:110:168 [3] NCCL INFO socketProgressOpt: abort called
pytorch-benchmark-opt-0:110:168 [3] NCCL INFO misc/socket.cc:47 -> 3
pytorch-benchmark-opt-0:110:168 [3] NCCL INFO misc/socket.cc:58 -> 3
pytorch-benchmark-opt-0:110:168 [3] NCCL INFO misc/socket.cc:781 -> 3
pytorch-benchmark-opt-0:107:158 [0] NCCL INFO socketProgressOpt: abort called
pytorch-benchmark-opt-0:107:158 [0] NCCL INFO misc/socket.cc:832 -> 3
pytorch-benchmark-opt-0:110:168 [3] NCCL INFO socketProgressOpt: abort called
pytorch-benchmark-opt-0:110:168 [3] NCCL INFO misc/socket.cc:47 -> 3
pytorch-benchmark-opt-0:110:168 [3] NCCL INFO misc/socket.cc:58 -> 3
pytorch-benchmark-opt-0:110:168 [3] NCCL INFO misc/socket.cc:781 -> 3
pytorch-benchmark-opt-0:110:168 [3] NCCL INFO socketProgressOpt: abort called
pytorch-benchmark-opt-0:110:168 [3] NCCL INFO misc/socket.cc:47 -> 3
pytorch-benchmark-opt-0:110:168 [3] NCCL INFO misc/socket.cc:58 -> 3
pytorch-benchmark-opt-0:110:168 [3] NCCL INFO misc/socket.cc:781 -> 3
pytorch-benchmark-opt-0:110:153 [3] NCCL INFO socketProgressOpt: abort called
pytorch-benchmark-opt-0:110:153 [3] NCCL INFO misc/socket.cc:832 -> 3
pytorch-benchmark-opt-0:108:169 [1] NCCL INFO socketProgressOpt: abort called
pytorch-benchmark-opt-0:108:169 [1] NCCL INFO misc/socket.cc:47 -> 3
pytorch-benchmark-opt-0:108:152 [1] NCCL INFO socketProgressOpt: abort called
pytorch-benchmark-opt-0:108:152 [1] NCCL INFO misc/socket.cc:832 -> 3
pytorch-benchmark-opt-0:108:169 [1] NCCL INFO misc/socket.cc:58 -> 3
pytorch-benchmark-opt-0:108:169 [1] NCCL INFO misc/socket.cc:781 -> 3
pytorch-benchmark-opt-0:108:169 [1] NCCL INFO socketProgressOpt: abort called
pytorch-benchmark-opt-0:108:169 [1] NCCL INFO misc/socket.cc:47 -> 3
pytorch-benchmark-opt-0:108:169 [1] NCCL INFO misc/socket.cc:58 -> 3
pytorch-benchmark-opt-0:108:169 [1] NCCL INFO misc/socket.cc:781 -> 3
pytorch-benchmark-opt-0:110:153 [3] NCCL INFO socketProgressOpt: abort called
pytorch-benchmark-opt-0:110:153 [3] NCCL INFO misc/socket.cc:832 -> 3
pytorch-benchmark-opt-0:107:166 [0] NCCL INFO comm 0x8bb8b90 rank 0 nranks 8 cudaDev 0 busId 6000 - Abort COMPLETE
pytorch-benchmark-opt-0:107:166 [0] NCCL INFO NET/Plugin: Closing net plugin 'IBext_v8'
pytorch-benchmark-opt-0:107:166 [0] NCCL INFO NET/Plugin: Closing collnet plugin 'SHARP'
pytorch-benchmark-opt-0:110:168 [3] NCCL INFO comm 0x8a71100 rank 3 nranks 8 cudaDev 3 busId c6000 - Abort COMPLETE
pytorch-benchmark-opt-0:110:168 [3] NCCL INFO NET/Plugin: Closing net plugin 'IBext_v8'
pytorch-benchmark-opt-0:110:168 [3] NCCL INFO NET/Plugin: Closing collnet plugin 'SHARP'
pytorch-benchmark-opt-0:109:167 [2] NCCL INFO comm 0x9218870 rank 2 nranks 8 cudaDev 2 busId a6000 - Abort COMPLETE
pytorch-benchmark-opt-0:109:167 [2] NCCL INFO NET/Plugin: Closing net plugin 'IBext_v8'
pytorch-benchmark-opt-0:109:167 [2] NCCL INFO NET/Plugin: Closing collnet plugin 'SHARP'
pytorch-benchmark-opt-0:108:169 [1] NCCL INFO comm 0x8bcf130 rank 1 nranks 8 cudaDev 1 busId 26000 - Abort COMPLETE
pytorch-benchmark-opt-0:108:169 [1] NCCL INFO NET/Plugin: Closing net plugin 'IBext_v8'
pytorch-benchmark-opt-0:108:169 [1] NCCL INFO NET/Plugin: Closing collnet plugin 'SHARP'
+ BENCHMARK_EXIT_CODE=0
+ echo '=== Benchmark completed with exit code: 0 ==='
+ '[' 0 -eq 0 ']'
=== Benchmark completed with exit code: 0 ===
SUCCESS: Optimized benchmark completed on pytorch-benchmark-opt-0
Container will remain running. Use 'oc logs' to view results.
+ echo 'SUCCESS: Optimized benchmark completed on pytorch-benchmark-opt-0'
+ echo 'Container will remain running. Use '\''oc logs'\'' to view results.'
+ sleep infinity
