pytorch-benchmark-opt-1:111:154 [3] NCCL INFO New proxy send connection 52 from local rank 3, transport 0
pytorch-benchmark-opt-1:111:161 [3] NCCL INFO Connected to proxy localRank 3 -> connection 0x7f2e780067a0
pytorch-benchmark-opt-1:108:152 [0] NCCL INFO New proxy recv connection 52 from local rank 0, transport 0
pytorch-benchmark-opt-1:108:162 [0] NCCL INFO Connected to proxy localRank 0 -> connection 0x7f50b40067a0
pytorch-benchmark-opt-1:110:155 [2] NCCL INFO New proxy recv connection 44 from local rank 2, transport 0
pytorch-benchmark-opt-1:110:160 [2] NCCL INFO Connected to proxy localRank 2 -> connection 0x7fd3a00063e0
pytorch-benchmark-opt-1:111:161 [3] NCCL INFO Channel 09/0 : 7[3] -> 6[2] via P2P/CUMEM
pytorch-benchmark-opt-1:111:154 [3] NCCL INFO New proxy send connection 53 from local rank 3, transport 0
pytorch-benchmark-opt-1:111:161 [3] NCCL INFO Connected to proxy localRank 3 -> connection 0x7f2e78006818
pytorch-benchmark-opt-1:109:157 [1] NCCL INFO New proxy recv connection 44 from local rank 1, transport 0
pytorch-benchmark-opt-1:109:163 [1] NCCL INFO Connected to proxy localRank 1 -> connection 0x7f83d00063e0
pytorch-benchmark-opt-1:110:155 [2] NCCL INFO New proxy recv connection 45 from local rank 2, transport 0
pytorch-benchmark-opt-1:110:160 [2] NCCL INFO Connected to proxy localRank 2 -> connection 0x7fd3a0006458
pytorch-benchmark-opt-1:108:152 [0] NCCL INFO New proxy recv connection 53 from local rank 0, transport 0
pytorch-benchmark-opt-1:108:162 [0] NCCL INFO Connected to proxy localRank 0 -> connection 0x7f50b4006818
pytorch-benchmark-opt-1:111:161 [3] NCCL INFO Channel 12/0 : 7[3] -> 6[2] via P2P/CUMEM
pytorch-benchmark-opt-1:111:154 [3] NCCL INFO New proxy send connection 54 from local rank 3, transport 0
pytorch-benchmark-opt-1:111:161 [3] NCCL INFO Connected to proxy localRank 3 -> connection 0x7f2e78006890
pytorch-benchmark-opt-1:109:157 [1] NCCL INFO New proxy recv connection 45 from local rank 1, transport 0
pytorch-benchmark-opt-1:109:163 [1] NCCL INFO Connected to proxy localRank 1 -> connection 0x7f83d0006458
pytorch-benchmark-opt-1:110:155 [2] NCCL INFO New proxy recv connection 46 from local rank 2, transport 0
pytorch-benchmark-opt-1:110:160 [2] NCCL INFO Connected to proxy localRank 2 -> connection 0x7fd3a00064d0
pytorch-benchmark-opt-1:108:152 [0] NCCL INFO New proxy recv connection 54 from local rank 0, transport 0
pytorch-benchmark-opt-1:111:161 [3] NCCL INFO Channel 15/0 : 7[3] -> 6[2] via P2P/CUMEM
pytorch-benchmark-opt-1:108:162 [0] NCCL INFO Connected to proxy localRank 0 -> connection 0x7f50b4006890
pytorch-benchmark-opt-1:111:154 [3] NCCL INFO New proxy send connection 55 from local rank 3, transport 0
pytorch-benchmark-opt-1:111:161 [3] NCCL INFO Connected to proxy localRank 3 -> connection 0x7f2e78006908
pytorch-benchmark-opt-1:109:157 [1] NCCL INFO New proxy recv connection 46 from local rank 1, transport 0
pytorch-benchmark-opt-1:110:155 [2] NCCL INFO New proxy recv connection 47 from local rank 2, transport 0
pytorch-benchmark-opt-1:109:163 [1] NCCL INFO Connected to proxy localRank 1 -> connection 0x7f83d00064d0
pytorch-benchmark-opt-1:110:160 [2] NCCL INFO Connected to proxy localRank 2 -> connection 0x7fd3a0006548
pytorch-benchmark-opt-1:108:152 [0] NCCL INFO New proxy recv connection 55 from local rank 0, transport 0
pytorch-benchmark-opt-1:108:162 [0] NCCL INFO Connected to proxy localRank 0 -> connection 0x7f50b4006908
pytorch-benchmark-opt-1:110:160 [2] NCCL INFO Channel 00/0 : 6[2] -> 5[1] via P2P/CUMEM
pytorch-benchmark-opt-1:109:157 [1] NCCL INFO New proxy recv connection 47 from local rank 1, transport 0
pytorch-benchmark-opt-1:109:163 [1] NCCL INFO Connected to proxy localRank 1 -> connection 0x7f83d0006548
pytorch-benchmark-opt-1:110:155 [2] NCCL INFO New proxy send connection 48 from local rank 2, transport 0
pytorch-benchmark-opt-1:110:160 [2] NCCL INFO Connected to proxy localRank 2 -> connection 0x7fd3a00065c0
pytorch-benchmark-opt-1:109:163 [1] NCCL INFO Channel 00/0 : 5[1] -> 4[0] via P2P/CUMEM
pytorch-benchmark-opt-1:110:160 [2] NCCL INFO Channel 01/0 : 6[2] -> 5[1] via P2P/CUMEM
pytorch-benchmark-opt-1:109:157 [1] NCCL INFO New proxy send connection 48 from local rank 1, transport 0
pytorch-benchmark-opt-1:109:163 [1] NCCL INFO Connected to proxy localRank 1 -> connection 0x7f83d00065c0
pytorch-benchmark-opt-1:110:155 [2] NCCL INFO New proxy send connection 49 from local rank 2, transport 0
pytorch-benchmark-opt-1:110:160 [2] NCCL INFO Connected to proxy localRank 2 -> connection 0x7fd3a0006638
pytorch-benchmark-opt-1:109:163 [1] NCCL INFO Channel 02/0 : 5[1] -> 4[0] via P2P/CUMEM
pytorch-benchmark-opt-1:110:160 [2] NCCL INFO Channel 04/0 : 6[2] -> 5[1] via P2P/CUMEM
pytorch-benchmark-opt-1:109:157 [1] NCCL INFO New proxy send connection 49 from local rank 1, transport 0
pytorch-benchmark-opt-1:109:163 [1] NCCL INFO Connected to proxy localRank 1 -> connection 0x7f83d0006638
pytorch-benchmark-opt-1:110:155 [2] NCCL INFO New proxy send connection 50 from local rank 2, transport 0
pytorch-benchmark-opt-1:110:160 [2] NCCL INFO Connected to proxy localRank 2 -> connection 0x7fd3a00066b0
pytorch-benchmark-opt-1:109:163 [1] NCCL INFO Channel 03/0 : 5[1] -> 4[0] via P2P/CUMEM
pytorch-benchmark-opt-1:110:160 [2] NCCL INFO Channel 07/0 : 6[2] -> 5[1] via P2P/CUMEM
pytorch-benchmark-opt-1:109:157 [1] NCCL INFO New proxy send connection 50 from local rank 1, transport 0
pytorch-benchmark-opt-1:109:163 [1] NCCL INFO Connected to proxy localRank 1 -> connection 0x7f83d00066b0
pytorch-benchmark-opt-1:110:155 [2] NCCL INFO New proxy send connection 51 from local rank 2, transport 0
pytorch-benchmark-opt-1:110:160 [2] NCCL INFO Connected to proxy localRank 2 -> connection 0x7fd3a0006728
pytorch-benchmark-opt-1:109:163 [1] NCCL INFO Channel 07/0 : 5[1] -> 4[0] via P2P/CUMEM
pytorch-benchmark-opt-1:110:160 [2] NCCL INFO Channel 08/0 : 6[2] -> 5[1] via P2P/CUMEM
pytorch-benchmark-opt-1:109:157 [1] NCCL INFO New proxy send connection 51 from local rank 1, transport 0
pytorch-benchmark-opt-1:109:163 [1] NCCL INFO Connected to proxy localRank 1 -> connection 0x7f83d0006728
pytorch-benchmark-opt-1:110:155 [2] NCCL INFO New proxy send connection 52 from local rank 2, transport 0
pytorch-benchmark-opt-1:110:160 [2] NCCL INFO Connected to proxy localRank 2 -> connection 0x7fd3a00067a0
pytorch-benchmark-opt-1:109:163 [1] NCCL INFO Channel 08/0 : 5[1] -> 4[0] via P2P/CUMEM
pytorch-benchmark-opt-1:110:160 [2] NCCL INFO Channel 09/0 : 6[2] -> 5[1] via P2P/CUMEM
pytorch-benchmark-opt-1:109:157 [1] NCCL INFO New proxy send connection 52 from local rank 1, transport 0
pytorch-benchmark-opt-1:109:163 [1] NCCL INFO Connected to proxy localRank 1 -> connection 0x7f83d00067a0
pytorch-benchmark-opt-1:110:155 [2] NCCL INFO New proxy send connection 53 from local rank 2, transport 0
pytorch-benchmark-opt-1:110:160 [2] NCCL INFO Connected to proxy localRank 2 -> connection 0x7fd3a0006818
pytorch-benchmark-opt-1:110:160 [2] NCCL INFO Channel 12/0 : 6[2] -> 5[1] via P2P/CUMEM
pytorch-benchmark-opt-1:109:163 [1] NCCL INFO Channel 10/0 : 5[1] -> 4[0] via P2P/CUMEM
pytorch-benchmark-opt-1:110:155 [2] NCCL INFO New proxy send connection 54 from local rank 2, transport 0
pytorch-benchmark-opt-1:110:160 [2] NCCL INFO Connected to proxy localRank 2 -> connection 0x7fd3a0006890
pytorch-benchmark-opt-1:109:157 [1] NCCL INFO New proxy send connection 53 from local rank 1, transport 0
pytorch-benchmark-opt-1:109:163 [1] NCCL INFO Connected to proxy localRank 1 -> connection 0x7f83d0006818
pytorch-benchmark-opt-1:110:160 [2] NCCL INFO Channel 15/0 : 6[2] -> 5[1] via P2P/CUMEM
pytorch-benchmark-opt-1:109:163 [1] NCCL INFO Channel 11/0 : 5[1] -> 4[0] via P2P/CUMEM
pytorch-benchmark-opt-1:110:155 [2] NCCL INFO New proxy send connection 55 from local rank 2, transport 0
pytorch-benchmark-opt-1:110:160 [2] NCCL INFO Connected to proxy localRank 2 -> connection 0x7fd3a0006908
pytorch-benchmark-opt-1:109:157 [1] NCCL INFO New proxy send connection 54 from local rank 1, transport 0
pytorch-benchmark-opt-1:109:163 [1] NCCL INFO Connected to proxy localRank 1 -> connection 0x7f83d0006890
pytorch-benchmark-opt-1:109:163 [1] NCCL INFO Channel 15/0 : 5[1] -> 4[0] via P2P/CUMEM
pytorch-benchmark-opt-1:109:157 [1] NCCL INFO New proxy send connection 55 from local rank 1, transport 0
pytorch-benchmark-opt-1:109:163 [1] NCCL INFO Connected to proxy localRank 1 -> connection 0x7f83d0006908
pytorch-benchmark-opt-1:110:155 [2] NCCL INFO New proxy send connection 56 from local rank 3, transport 0
pytorch-benchmark-opt-1:111:161 [3] NCCL INFO Connected to proxy localRank 2 -> connection 0x7fd3a0006980
pytorch-benchmark-opt-1:111:154 [3] NCCL INFO New proxy send connection 56 from local rank 2, transport 0
pytorch-benchmark-opt-1:110:160 [2] NCCL INFO Connected to proxy localRank 3 -> connection 0x7f2e78006980
pytorch-benchmark-opt-1:109:157 [1] NCCL INFO New proxy send connection 56 from local rank 0, transport 0
pytorch-benchmark-opt-1:108:162 [0] NCCL INFO Connected to proxy localRank 1 -> connection 0x7f83d0006980
pytorch-benchmark-opt-1:110:155 [2] NCCL INFO New proxy send connection 57 from local rank 1, transport 0
pytorch-benchmark-opt-1:109:163 [1] NCCL INFO Connected to proxy localRank 2 -> connection 0x7fd3a00069f8
pytorch-benchmark-opt-1:109:157 [1] NCCL INFO New proxy send connection 57 from local rank 2, transport 0
pytorch-benchmark-opt-1:110:160 [2] NCCL INFO Connected to proxy localRank 1 -> connection 0x7f83d00069f8
pytorch-benchmark-opt-1:108:152 [0] NCCL INFO New proxy send connection 56 from local rank 1, transport 0
pytorch-benchmark-opt-1:109:163 [1] NCCL INFO Connected to proxy localRank 0 -> connection 0x7f50b4006980
pytorch-benchmark-opt-1:109:157 [1] NCCL INFO New proxy send connection 58 from local rank 3, transport 0
pytorch-benchmark-opt-1:111:161 [3] NCCL INFO Connected to proxy localRank 1 -> connection 0x7f83d0006a70
pytorch-benchmark-opt-1:110:155 [2] NCCL INFO New proxy send connection 58 from local rank 0, transport 0
pytorch-benchmark-opt-1:108:162 [0] NCCL INFO Connected to proxy localRank 2 -> connection 0x7fd3a0006a70
pytorch-benchmark-opt-1:108:152 [0] NCCL INFO New proxy send connection 57 from local rank 2, transport 0
pytorch-benchmark-opt-1:110:160 [2] NCCL INFO Connected to proxy localRank 0 -> connection 0x7f50b40069f8
pytorch-benchmark-opt-1:111:154 [3] NCCL INFO New proxy send connection 57 from local rank 1, transport 0
pytorch-benchmark-opt-1:108:152 [0] NCCL INFO New proxy send connection 58 from local rank 3, transport 0
pytorch-benchmark-opt-1:109:163 [1] NCCL INFO Connected to proxy localRank 3 -> connection 0x7f2e780069f8
pytorch-benchmark-opt-1:111:161 [3] NCCL INFO Connected to proxy localRank 0 -> connection 0x7f50b4006a70
pytorch-benchmark-opt-1:111:154 [3] NCCL INFO New proxy send connection 58 from local rank 0, transport 0
pytorch-benchmark-opt-1:108:162 [0] NCCL INFO Connected to proxy localRank 3 -> connection 0x7f2e78006a70
pytorch-benchmark-opt-1:110:155 [2] NCCL INFO NET/IB: NCCL Dev 2 IbDev 2 Port 1 qpn 5399 mtu 5 query_ece={supported=1, vendor_id=0x15b3, options=0x30000002, comp_mask=0x0} GID 3 (0/369000AFFFF0000) fifoRkey=0x40f00 fifoLkey=0x40f00
pytorch-benchmark-opt-1:110:155 [2] NCCL INFO NET/IB: NCCL Dev 2 IbDev 2 Port 1 qpn 5400 mtu 5 query_ece={supported=1, vendor_id=0x15b3, options=0x30000002, comp_mask=0x0} GID 3 (0/369000AFFFF0000) fifoRkey=0x41000 fifoLkey=0x41000
pytorch-benchmark-opt-1:110:155 [2] NCCL INFO NET/IB: NCCL Dev 2 IbDev 2 Port 1 qpn 5401 mtu 5 query_ece={supported=1, vendor_id=0x15b3, options=0x30000002, comp_mask=0x0} GID 3 (0/369000AFFFF0000) fifoRkey=0x41100 fifoLkey=0x41100
pytorch-benchmark-opt-1:109:157 [1] NCCL INFO NET/IB: NCCL Dev 1 IbDev 1 Port 1 qpn 5451 mtu 5 query_ece={supported=1, vendor_id=0x15b3, options=0x30000002, comp_mask=0x0} GID 3 (0/368000AFFFF0000) fifoRkey=0x41000 fifoLkey=0x41000
pytorch-benchmark-opt-1:110:155 [2] NCCL INFO NET/IB: NCCL Dev 2 IbDev 2 Port 1 qpn 5402 mtu 5 query_ece={supported=1, vendor_id=0x15b3, options=0x30000002, comp_mask=0x0} GID 3 (0/369000AFFFF0000) fifoRkey=0x41200 fifoLkey=0x41200
pytorch-benchmark-opt-1:108:152 [0] NCCL INFO NET/IB: NCCL Dev 0 IbDev 0 Port 1 qpn 5447 mtu 5 query_ece={supported=1, vendor_id=0x15b3, options=0x30000002, comp_mask=0x0} GID 3 (0/367000AFFFF0000) fifoRkey=0x40f00 fifoLkey=0x40f00
pytorch-benchmark-opt-1:109:157 [1] NCCL INFO NET/IB: NCCL Dev 1 IbDev 1 Port 1 qpn 5452 mtu 5 query_ece={supported=1, vendor_id=0x15b3, options=0x30000002, comp_mask=0x0} GID 3 (0/368000AFFFF0000) fifoRkey=0x41100 fifoLkey=0x41100
pytorch-benchmark-opt-1:108:152 [0] NCCL INFO NET/IB: NCCL Dev 0 IbDev 0 Port 1 qpn 5448 mtu 5 query_ece={supported=1, vendor_id=0x15b3, options=0x30000002, comp_mask=0x0} GID 3 (0/367000AFFFF0000) fifoRkey=0x41000 fifoLkey=0x41000
pytorch-benchmark-opt-1:109:157 [1] NCCL INFO NET/IB: NCCL Dev 1 IbDev 1 Port 1 qpn 5453 mtu 5 query_ece={supported=1, vendor_id=0x15b3, options=0x30000002, comp_mask=0x0} GID 3 (0/368000AFFFF0000) fifoRkey=0x41200 fifoLkey=0x41200
pytorch-benchmark-opt-1:109:157 [1] NCCL INFO NET/IB: NCCL Dev 1 IbDev 1 Port 1 qpn 5454 mtu 5 query_ece={supported=1, vendor_id=0x15b3, options=0x30000002, comp_mask=0x0} GID 3 (0/368000AFFFF0000) fifoRkey=0x41300 fifoLkey=0x41300
pytorch-benchmark-opt-1:111:154 [3] NCCL INFO NET/IB: NCCL Dev 3 IbDev 3 Port 1 qpn 5395 mtu 5 query_ece={supported=1, vendor_id=0x15b3, options=0x30000002, comp_mask=0x0} GID 3 (0/36A000AFFFF0000) fifoRkey=0x40f00 fifoLkey=0x40f00
pytorch-benchmark-opt-1:109:157 [1] NCCL INFO NET/IB: IbDev 1 Port 1 qpn 4608 set_ece={supported=1, vendor_id=0x15b3, options=0x0, comp_mask=0x0}
pytorch-benchmark-opt-1:110:155 [2] NCCL INFO NET/IB: IbDev 2 Port 1 qpn 4722 set_ece={supported=1, vendor_id=0x15b3, options=0x0, comp_mask=0x0}
pytorch-benchmark-opt-1:109:157 [1] NCCL INFO NET/IB: IbDev 1 Port 1 qpn 4611 set_ece={supported=1, vendor_id=0x15b3, options=0x0, comp_mask=0x0}
pytorch-benchmark-opt-1:110:155 [2] NCCL INFO NET/IB: IbDev 2 Port 1 qpn 4725 set_ece={supported=1, vendor_id=0x15b3, options=0x0, comp_mask=0x0}
pytorch-benchmark-opt-1:108:152 [0] NCCL INFO NET/IB: NCCL Dev 0 IbDev 0 Port 1 qpn 5449 mtu 5 query_ece={supported=1, vendor_id=0x15b3, options=0x30000002, comp_mask=0x0} GID 3 (0/367000AFFFF0000) fifoRkey=0x41100 fifoLkey=0x41100
pytorch-benchmark-opt-1:111:154 [3] NCCL INFO NET/IB: NCCL Dev 3 IbDev 3 Port 1 qpn 5396 mtu 5 query_ece={supported=1, vendor_id=0x15b3, options=0x30000002, comp_mask=0x0} GID 3 (0/36A000AFFFF0000) fifoRkey=0x41000 fifoLkey=0x41000
pytorch-benchmark-opt-1:108:152 [0] NCCL INFO NET/IB: IbDev 0 Port 1 qpn 4615 set_ece={supported=1, vendor_id=0x15b3, options=0x0, comp_mask=0x0}
pytorch-benchmark-opt-1:111:154 [3] NCCL INFO NET/IB: IbDev 3 Port 1 qpn 4642 set_ece={supported=1, vendor_id=0x15b3, options=0x0, comp_mask=0x0}
pytorch-benchmark-opt-1:109:157 [1] NCCL INFO NET/IB: IbDev 1 Port 1 qpn 4614 set_ece={supported=1, vendor_id=0x15b3, options=0x0, comp_mask=0x0}
pytorch-benchmark-opt-1:110:155 [2] NCCL INFO NET/IB: IbDev 2 Port 1 qpn 4728 set_ece={supported=1, vendor_id=0x15b3, options=0x0, comp_mask=0x0}
pytorch-benchmark-opt-1:111:154 [3] NCCL INFO NET/IB: NCCL Dev 3 IbDev 3 Port 1 qpn 5401 mtu 5 query_ece={supported=1, vendor_id=0x15b3, options=0x30000002, comp_mask=0x0} GID 3 (0/36A000AFFFF0000) fifoRkey=0x41b00 fifoLkey=0x41b00
pytorch-benchmark-opt-1:108:152 [0] NCCL INFO NET/IB: NCCL Dev 0 IbDev 0 Port 1 qpn 5454 mtu 5 query_ece={supported=1, vendor_id=0x15b3, options=0x30000002, comp_mask=0x0} GID 3 (0/367000AFFFF0000) fifoRkey=0x41c00 fifoLkey=0x41c00
pytorch-benchmark-opt-1:108:152 [0] NCCL INFO NET/IB: IbDev 0 Port 1 qpn 4618 set_ece={supported=1, vendor_id=0x15b3, options=0x0, comp_mask=0x0}
pytorch-benchmark-opt-1:111:154 [3] NCCL INFO NET/IB: NCCL Dev 3 IbDev 3 Port 1 qpn 5402 mtu 5 query_ece={supported=1, vendor_id=0x15b3, options=0x30000002, comp_mask=0x0} GID 3 (0/36A000AFFFF0000) fifoRkey=0x41f00 fifoLkey=0x41f00
pytorch-benchmark-opt-1:111:154 [3] NCCL INFO NET/IB: IbDev 3 Port 1 qpn 4645 set_ece={supported=1, vendor_id=0x15b3, options=0x0, comp_mask=0x0}
pytorch-benchmark-opt-1:110:155 [2] NCCL INFO NET/IB: IbDev 2 Port 1 qpn 4797 set_ece={supported=1, vendor_id=0x15b3, options=0x0, comp_mask=0x0}
pytorch-benchmark-opt-1:109:157 [1] NCCL INFO NET/IB: IbDev 1 Port 1 qpn 4683 set_ece={supported=1, vendor_id=0x15b3, options=0x0, comp_mask=0x0}
pytorch-benchmark-opt-1:108:152 [0] NCCL INFO NET/IB: IbDev 0 Port 1 qpn 4621 set_ece={supported=1, vendor_id=0x15b3, options=0x0, comp_mask=0x0}
pytorch-benchmark-opt-1:111:154 [3] NCCL INFO NET/IB: IbDev 3 Port 1 qpn 4648 set_ece={supported=1, vendor_id=0x15b3, options=0x0, comp_mask=0x0}
pytorch-benchmark-opt-1:108:152 [0] NCCL INFO NET/IB: IbDev 0 Port 1 qpn 4690 set_ece={supported=1, vendor_id=0x15b3, options=0x0, comp_mask=0x0}
pytorch-benchmark-opt-1:111:154 [3] NCCL INFO NET/IB: IbDev 3 Port 1 qpn 4717 set_ece={supported=1, vendor_id=0x15b3, options=0x0, comp_mask=0x0}
pytorch-benchmark-opt-1:108:162 [0] NCCL INFO Connected all trees
pytorch-benchmark-opt-1:111:161 [3] NCCL INFO Connected all trees
pytorch-benchmark-opt-1:109:163 [1] NCCL INFO Connected all trees
pytorch-benchmark-opt-1:110:160 [2] NCCL INFO Connected all trees
pytorch-benchmark-opt-1:108:169 [0] NCCL INFO GPU Direct RDMA Enabled for GPU 6000 / HCA 0 (distance 4 <= 7), read 0
pytorch-benchmark-opt-1:111:168 [3] NCCL INFO GPU Direct RDMA Enabled for GPU c6000 / HCA 0 (distance 4 <= 7), read 1
pytorch-benchmark-opt-1:108:152 [0] NCCL INFO New proxy recv connection 59 from local rank 0, transport 2
pytorch-benchmark-opt-1:110:155 [2] NCCL INFO New proxy recv connection 59 from local rank 2, transport 0
pytorch-benchmark-opt-1:108:169 [0] NCCL INFO Connected to proxy localRank 0 -> connection 0x7f50b4006ae8
pytorch-benchmark-opt-1:110:170 [2] NCCL INFO Connected to proxy localRank 2 -> connection 0x7fd3a0006ae8
pytorch-benchmark-opt-1:108:152 [0] NCCL INFO New proxy send connection 60 from local rank 3, transport 2
pytorch-benchmark-opt-1:108:152 [0] NCCL INFO NET/IB : GPU Direct RDMA (nvidia-peermem) enabled for HCA 0 'mlx5_6
pytorch-benchmark-opt-1:108:152 [0] NCCL INFO NET/IB : GPU Direct RDMA (DMABUF) enabled for HCA 0 'mlx5_6
pytorch-benchmark-opt-1:109:157 [1] NCCL INFO New proxy recv connection 59 from local rank 1, transport 0
pytorch-benchmark-opt-1:109:171 [1] NCCL INFO Connected to proxy localRank 1 -> connection 0x7f83d0006ae8
pytorch-benchmark-opt-1:108:169 [0] NCCL INFO Channel 00/0 : 3[3] -> 4[0] [receive] via NET/IBext_v8/0/GDRDMA
pytorch-benchmark-opt-1:108:169 [0] NCCL INFO GPU Direct RDMA Enabled for GPU 6000 / HCA 0 (distance 4 <= 7), read 0
pytorch-benchmark-opt-1:108:152 [0] NCCL INFO New proxy recv connection 61 from local rank 0, transport 2
pytorch-benchmark-opt-1:111:168 [3] NCCL INFO Connected to proxy localRank 0 -> connection 0x7f50b4006b60
pytorch-benchmark-opt-1:108:169 [0] NCCL INFO Connected to proxy localRank 0 -> connection 0x7f50b4006bd8
pytorch-benchmark-opt-1:108:152 [0] NCCL INFO NET/IB : GPU Direct RDMA (nvidia-peermem) enabled for HCA 0 'mlx5_6
pytorch-benchmark-opt-1:108:152 [0] NCCL INFO NET/IB : GPU Direct RDMA (DMABUF) enabled for HCA 0 'mlx5_6
pytorch-benchmark-opt-1:111:168 [3] NCCL INFO Channel 00/0 : 7[3] -> 0[0] [send] via NET/IBext_v8/0(4)/GDRDMA
pytorch-benchmark-opt-1:111:168 [3] NCCL INFO GPU Direct RDMA Enabled for GPU c6000 / HCA 0 (distance 4 <= 7), read 1
pytorch-benchmark-opt-1:108:152 [0] NCCL INFO NET/IB : GPU Direct RDMA (nvidia-peermem) enabled for HCA 0 'mlx5_6
pytorch-benchmark-opt-1:108:152 [0] NCCL INFO NET/IB : GPU Direct RDMA (DMABUF) enabled for HCA 0 'mlx5_6
pytorch-benchmark-opt-1:108:169 [0] NCCL INFO Channel 04/0 : 3[3] -> 4[0] [receive] via NET/IBext_v8/0/GDRDMA
pytorch-benchmark-opt-1:108:169 [0] NCCL INFO GPU Direct RDMA Enabled for GPU 6000 / HCA 0 (distance 4 <= 7), read 0
pytorch-benchmark-opt-1:108:152 [0] NCCL INFO New proxy send connection 62 from local rank 3, transport 2
pytorch-benchmark-opt-1:108:152 [0] NCCL INFO New proxy recv connection 63 from local rank 0, transport 2
pytorch-benchmark-opt-1:111:168 [3] NCCL INFO Connected to proxy localRank 0 -> connection 0x7f50b4006c50
pytorch-benchmark-opt-1:108:169 [0] NCCL INFO Connected to proxy localRank 0 -> connection 0x7f50b4006cc8
pytorch-benchmark-opt-1:108:152 [0] NCCL INFO NET/IB : GPU Direct RDMA (nvidia-peermem) enabled for HCA 0 'mlx5_6
pytorch-benchmark-opt-1:108:152 [0] NCCL INFO NET/IB : GPU Direct RDMA (DMABUF) enabled for HCA 0 'mlx5_6
pytorch-benchmark-opt-1:111:168 [3] NCCL INFO Channel 04/0 : 7[3] -> 0[0] [send] via NET/IBext_v8/0(4)/GDRDMA
pytorch-benchmark-opt-1:111:168 [3] NCCL INFO GPU Direct RDMA Enabled for GPU c6000 / HCA 0 (distance 4 <= 7), read 1
pytorch-benchmark-opt-1:108:152 [0] NCCL INFO NET/IB : GPU Direct RDMA (nvidia-peermem) enabled for HCA 0 'mlx5_6
pytorch-benchmark-opt-1:108:152 [0] NCCL INFO NET/IB : GPU Direct RDMA (DMABUF) enabled for HCA 0 'mlx5_6
pytorch-benchmark-opt-1:108:169 [0] NCCL INFO Channel 08/0 : 3[3] -> 4[0] [receive] via NET/IBext_v8/0/GDRDMA
pytorch-benchmark-opt-1:108:169 [0] NCCL INFO GPU Direct RDMA Enabled for GPU 6000 / HCA 0 (distance 4 <= 7), read 0
pytorch-benchmark-opt-1:108:152 [0] NCCL INFO New proxy send connection 64 from local rank 3, transport 2
pytorch-benchmark-opt-1:111:168 [3] NCCL INFO Connected to proxy localRank 0 -> connection 0x7f50b4006d40
pytorch-benchmark-opt-1:108:152 [0] NCCL INFO New proxy recv connection 65 from local rank 0, transport 2
pytorch-benchmark-opt-1:108:169 [0] NCCL INFO Connected to proxy localRank 0 -> connection 0x7f50b4006db8
pytorch-benchmark-opt-1:108:152 [0] NCCL INFO NET/IB : GPU Direct RDMA (nvidia-peermem) enabled for HCA 0 'mlx5_6
pytorch-benchmark-opt-1:108:152 [0] NCCL INFO NET/IB : GPU Direct RDMA (DMABUF) enabled for HCA 0 'mlx5_6
pytorch-benchmark-opt-1:111:168 [3] NCCL INFO Channel 08/0 : 7[3] -> 0[0] [send] via NET/IBext_v8/0(4)/GDRDMA
pytorch-benchmark-opt-1:111:168 [3] NCCL INFO GPU Direct RDMA Enabled for GPU c6000 / HCA 0 (distance 4 <= 7), read 1
pytorch-benchmark-opt-1:108:152 [0] NCCL INFO NET/IB : GPU Direct RDMA (nvidia-peermem) enabled for HCA 0 'mlx5_6
pytorch-benchmark-opt-1:108:152 [0] NCCL INFO NET/IB : GPU Direct RDMA (DMABUF) enabled for HCA 0 'mlx5_6
pytorch-benchmark-opt-1:108:169 [0] NCCL INFO Channel 12/0 : 3[3] -> 4[0] [receive] via NET/IBext_v8/0/GDRDMA
pytorch-benchmark-opt-1:108:169 [0] NCCL INFO Channel 04/0 : 4[0] -> 5[1] via P2P/CUMEM
pytorch-benchmark-opt-1:108:152 [0] NCCL INFO New proxy send connection 66 from local rank 3, transport 2
pytorch-benchmark-opt-1:111:168 [3] NCCL INFO Connected to proxy localRank 0 -> connection 0x7f50b4006e30
pytorch-benchmark-opt-1:108:152 [0] NCCL INFO New proxy send connection 67 from local rank 0, transport 0
pytorch-benchmark-opt-1:108:169 [0] NCCL INFO Connected to proxy localRank 0 -> connection 0x7f50b4006ea8
pytorch-benchmark-opt-1:108:152 [0] NCCL INFO NET/IB : GPU Direct RDMA (nvidia-peermem) enabled for HCA 0 'mlx5_6
pytorch-benchmark-opt-1:108:152 [0] NCCL INFO NET/IB : GPU Direct RDMA (DMABUF) enabled for HCA 0 'mlx5_6
pytorch-benchmark-opt-1:111:168 [3] NCCL INFO Channel 12/0 : 7[3] -> 0[0] [send] via NET/IBext_v8/0(4)/GDRDMA
pytorch-benchmark-opt-1:110:155 [2] NCCL INFO New proxy recv connection 60 from local rank 2, transport 0
pytorch-benchmark-opt-1:110:170 [2] NCCL INFO Connected to proxy localRank 2 -> connection 0x7fd3a0006b60
pytorch-benchmark-opt-1:109:157 [1] NCCL INFO New proxy recv connection 60 from local rank 1, transport 0
pytorch-benchmark-opt-1:109:171 [1] NCCL INFO Connected to proxy localRank 1 -> connection 0x7f83d0006b60
pytorch-benchmark-opt-1:108:169 [0] NCCL INFO Channel 12/0 : 4[0] -> 5[1] via P2P/CUMEM
pytorch-benchmark-opt-1:108:152 [0] NCCL INFO New proxy send connection 68 from local rank 0, transport 0
pytorch-benchmark-opt-1:108:169 [0] NCCL INFO Connected to proxy localRank 0 -> connection 0x7f50b4006f20
pytorch-benchmark-opt-1:109:171 [1] NCCL INFO Channel 01/0 : 5[1] -> 7[3] via P2P/CUMEM
pytorch-benchmark-opt-1:108:169 [0] NCCL INFO Channel 07/0 : 4[0] -> 6[2] via P2P/CUMEM
pytorch-benchmark-opt-1:111:154 [3] NCCL INFO New proxy recv connection 59 from local rank 3, transport 0
pytorch-benchmark-opt-1:109:157 [1] NCCL INFO New proxy send connection 61 from local rank 1, transport 0
pytorch-benchmark-opt-1:108:152 [0] NCCL INFO New proxy send connection 69 from local rank 0, transport 0
pytorch-benchmark-opt-1:111:168 [3] NCCL INFO Connected to proxy localRank 3 -> connection 0x7f2e78006ae8
pytorch-benchmark-opt-1:109:171 [1] NCCL INFO Connected to proxy localRank 1 -> connection 0x7f83d0006bd8
pytorch-benchmark-opt-1:108:169 [0] NCCL INFO Connected to proxy localRank 0 -> connection 0x7f50b4006f98
pytorch-benchmark-opt-1:109:171 [1] NCCL INFO Channel 09/0 : 5[1] -> 7[3] via P2P/CUMEM
pytorch-benchmark-opt-1:108:169 [0] NCCL INFO Channel 15/0 : 4[0] -> 6[2] via P2P/CUMEM
pytorch-benchmark-opt-1:109:157 [1] NCCL INFO New proxy send connection 62 from local rank 1, transport 0
pytorch-benchmark-opt-1:108:152 [0] NCCL INFO New proxy send connection 70 from local rank 0, transport 0
pytorch-benchmark-opt-1:109:171 [1] NCCL INFO Connected to proxy localRank 1 -> connection 0x7f83d0006c50
pytorch-benchmark-opt-1:108:169 [0] NCCL INFO Connected to proxy localRank 0 -> connection 0x7f50b4007010
pytorch-benchmark-opt-1:111:154 [3] NCCL INFO New proxy recv connection 60 from local rank 3, transport 0
pytorch-benchmark-opt-1:111:168 [3] NCCL INFO Connected to proxy localRank 3 -> connection 0x7f2e78006b60
pytorch-benchmark-opt-1:110:170 [2] NCCL INFO GPU Direct RDMA Enabled for GPU a6000 / HCA 2 (distance 4 <= 7), read 0
pytorch-benchmark-opt-1:108:169 [0] NCCL INFO Channel 02/0 : 4[0] -> 7[3] via P2P/CUMEM
pytorch-benchmark-opt-1:108:152 [0] NCCL INFO New proxy send connection 71 from local rank 0, transport 0
pytorch-benchmark-opt-1:110:155 [2] NCCL INFO New proxy recv connection 61 from local rank 2, transport 2
pytorch-benchmark-opt-1:108:169 [0] NCCL INFO Connected to proxy localRank 0 -> connection 0x7f50b4007088
pytorch-benchmark-opt-1:110:170 [2] NCCL INFO Connected to proxy localRank 2 -> connection 0x7fd3a0006bd8
pytorch-benchmark-opt-1:110:155 [2] NCCL INFO NET/IB : GPU Direct RDMA (nvidia-peermem) enabled for HCA 2 'mlx5_10
pytorch-benchmark-opt-1:110:155 [2] NCCL INFO NET/IB : GPU Direct RDMA (DMABUF) enabled for HCA 2 'mlx5_10
pytorch-benchmark-opt-1:109:171 [1] NCCL INFO GPU Direct RDMA Enabled for GPU 26000 / HCA 1 (distance 4 <= 7), read 0
pytorch-benchmark-opt-1:110:170 [2] NCCL INFO Channel 02/0 : 3[3] -> 6[2] [receive] via NET/IBext_v8/2/GDRDMA
pytorch-benchmark-opt-1:110:170 [2] NCCL INFO GPU Direct RDMA Enabled for GPU a6000 / HCA 2 (distance 4 <= 7), read 0
pytorch-benchmark-opt-1:109:157 [1] NCCL INFO New proxy recv connection 63 from local rank 1, transport 2
pytorch-benchmark-opt-1:109:171 [1] NCCL INFO Connected to proxy localRank 1 -> connection 0x7f83d0006cc8
pytorch-benchmark-opt-1:110:155 [2] NCCL INFO New proxy recv connection 62 from local rank 2, transport 2
pytorch-benchmark-opt-1:111:154 [3] NCCL INFO New proxy recv connection 61 from local rank 3, transport 0
pytorch-benchmark-opt-1:110:170 [2] NCCL INFO Connected to proxy localRank 2 -> connection 0x7fd3a0006c50
pytorch-benchmark-opt-1:111:168 [3] NCCL INFO Connected to proxy localRank 3 -> connection 0x7f2e78006bd8
pytorch-benchmark-opt-1:109:157 [1] NCCL INFO NET/IB : GPU Direct RDMA (nvidia-peermem) enabled for HCA 1 'mlx5_7
pytorch-benchmark-opt-1:108:169 [0] NCCL INFO Channel 10/0 : 4[0] -> 7[3] via P2P/CUMEM
pytorch-benchmark-opt-1:109:157 [1] NCCL INFO NET/IB : GPU Direct RDMA (DMABUF) enabled for HCA 1 'mlx5_7
pytorch-benchmark-opt-1:110:155 [2] NCCL INFO NET/IB : GPU Direct RDMA (nvidia-peermem) enabled for HCA 2 'mlx5_10
pytorch-benchmark-opt-1:110:155 [2] NCCL INFO NET/IB : GPU Direct RDMA (DMABUF) enabled for HCA 2 'mlx5_10
pytorch-benchmark-opt-1:108:152 [0] NCCL INFO New proxy send connection 72 from local rank 0, transport 0
pytorch-benchmark-opt-1:110:170 [2] NCCL INFO Channel 06/0 : 3[3] -> 6[2] [receive] via NET/IBext_v8/2/GDRDMA
pytorch-benchmark-opt-1:109:171 [1] NCCL INFO Channel 01/0 : 0[0] -> 5[1] [receive] via NET/IBext_v8/1/GDRDMA
pytorch-benchmark-opt-1:110:170 [2] NCCL INFO GPU Direct RDMA Enabled for GPU a6000 / HCA 2 (distance 4 <= 7), read 0
pytorch-benchmark-opt-1:108:169 [0] NCCL INFO Connected to proxy localRank 0 -> connection 0x7f50b4007100
pytorch-benchmark-opt-1:109:171 [1] NCCL INFO GPU Direct RDMA Enabled for GPU 26000 / HCA 1 (distance 4 <= 7), read 0
pytorch-benchmark-opt-1:110:155 [2] NCCL INFO New proxy recv connection 63 from local rank 2, transport 2
pytorch-benchmark-opt-1:109:157 [1] NCCL INFO New proxy recv connection 64 from local rank 1, transport 2
pytorch-benchmark-opt-1:110:170 [2] NCCL INFO Connected to proxy localRank 2 -> connection 0x7fd3a0006cc8
pytorch-benchmark-opt-1:109:171 [1] NCCL INFO Connected to proxy localRank 1 -> connection 0x7f83d0006d40
pytorch-benchmark-opt-1:110:155 [2] NCCL INFO NET/IB : GPU Direct RDMA (nvidia-peermem) enabled for HCA 2 'mlx5_10
pytorch-benchmark-opt-1:110:155 [2] NCCL INFO NET/IB : GPU Direct RDMA (DMABUF) enabled for HCA 2 'mlx5_10
pytorch-benchmark-opt-1:109:157 [1] NCCL INFO NET/IB : GPU Direct RDMA (nvidia-peermem) enabled for HCA 1 'mlx5_7
pytorch-benchmark-opt-1:109:157 [1] NCCL INFO NET/IB : GPU Direct RDMA (DMABUF) enabled for HCA 1 'mlx5_7
pytorch-benchmark-opt-1:110:170 [2] NCCL INFO Channel 10/0 : 3[3] -> 6[2] [receive] via NET/IBext_v8/2/GDRDMA
pytorch-benchmark-opt-1:110:170 [2] NCCL INFO GPU Direct RDMA Enabled for GPU a6000 / HCA 2 (distance 4 <= 7), read 0
pytorch-benchmark-opt-1:109:171 [1] NCCL INFO Channel 05/0 : 0[0] -> 5[1] [receive] via NET/IBext_v8/1/GDRDMA
pytorch-benchmark-opt-1:109:171 [1] NCCL INFO GPU Direct RDMA Enabled for GPU 26000 / HCA 1 (distance 4 <= 7), read 0
pytorch-benchmark-opt-1:110:155 [2] NCCL INFO New proxy recv connection 64 from local rank 2, transport 2
pytorch-benchmark-opt-1:110:170 [2] NCCL INFO Connected to proxy localRank 2 -> connection 0x7fd3a0006d40
pytorch-benchmark-opt-1:111:154 [3] NCCL INFO New proxy recv connection 62 from local rank 3, transport 0
pytorch-benchmark-opt-1:109:157 [1] NCCL INFO New proxy recv connection 65 from local rank 1, transport 2
pytorch-benchmark-opt-1:111:168 [3] NCCL INFO Connected to proxy localRank 3 -> connection 0x7f2e78006c50
pytorch-benchmark-opt-1:109:171 [1] NCCL INFO Connected to proxy localRank 1 -> connection 0x7f83d0006db8
pytorch-benchmark-opt-1:110:155 [2] NCCL INFO NET/IB : GPU Direct RDMA (nvidia-peermem) enabled for HCA 2 'mlx5_10
pytorch-benchmark-opt-1:110:155 [2] NCCL INFO NET/IB : GPU Direct RDMA (DMABUF) enabled for HCA 2 'mlx5_10
pytorch-benchmark-opt-1:110:170 [2] NCCL INFO Channel 14/0 : 3[3] -> 6[2] [receive] via NET/IBext_v8/2/GDRDMA
pytorch-benchmark-opt-1:109:157 [1] NCCL INFO NET/IB : GPU Direct RDMA (nvidia-peermem) enabled for HCA 1 'mlx5_7
pytorch-benchmark-opt-1:109:157 [1] NCCL INFO NET/IB : GPU Direct RDMA (DMABUF) enabled for HCA 1 'mlx5_7
pytorch-benchmark-opt-1:109:171 [1] NCCL INFO Channel 09/0 : 0[0] -> 5[1] [receive] via NET/IBext_v8/1/GDRDMA
pytorch-benchmark-opt-1:109:171 [1] NCCL INFO GPU Direct RDMA Enabled for GPU 26000 / HCA 1 (distance 4 <= 7), read 0
pytorch-benchmark-opt-1:109:157 [1] NCCL INFO New proxy recv connection 66 from local rank 1, transport 2
pytorch-benchmark-opt-1:109:171 [1] NCCL INFO Connected to proxy localRank 1 -> connection 0x7f83d0006e30
pytorch-benchmark-opt-1:111:168 [3] NCCL INFO GPU Direct RDMA Enabled for GPU c6000 / HCA 2 (distance 4 <= 7), read 1
pytorch-benchmark-opt-1:109:157 [1] NCCL INFO NET/IB : GPU Direct RDMA (nvidia-peermem) enabled for HCA 1 'mlx5_7
pytorch-benchmark-opt-1:109:157 [1] NCCL INFO NET/IB : GPU Direct RDMA (DMABUF) enabled for HCA 1 'mlx5_7
pytorch-benchmark-opt-1:109:171 [1] NCCL INFO Channel 13/0 : 0[0] -> 5[1] [receive] via NET/IBext_v8/1/GDRDMA
pytorch-benchmark-opt-1:110:155 [2] NCCL INFO New proxy send connection 65 from local rank 3, transport 2
pytorch-benchmark-opt-1:111:168 [3] NCCL INFO Connected to proxy localRank 2 -> connection 0x7fd3a0006db8
pytorch-benchmark-opt-1:110:155 [2] NCCL INFO NET/IB : GPU Direct RDMA (nvidia-peermem) enabled for HCA 2 'mlx5_10
pytorch-benchmark-opt-1:110:155 [2] NCCL INFO NET/IB : GPU Direct RDMA (DMABUF) enabled for HCA 2 'mlx5_10
pytorch-benchmark-opt-1:111:168 [3] NCCL INFO Channel 02/0 : 7[3] -> 2[2] [send] via NET/IBext_v8/2(6)/GDRDMA
pytorch-benchmark-opt-1:111:168 [3] NCCL INFO GPU Direct RDMA Enabled for GPU c6000 / HCA 2 (distance 4 <= 7), read 1
pytorch-benchmark-opt-1:110:155 [2] NCCL INFO New proxy send connection 66 from local rank 3, transport 2
pytorch-benchmark-opt-1:111:168 [3] NCCL INFO Connected to proxy localRank 2 -> connection 0x7fd3a0006e30
pytorch-benchmark-opt-1:110:155 [2] NCCL INFO NET/IB : GPU Direct RDMA (nvidia-peermem) enabled for HCA 2 'mlx5_10
pytorch-benchmark-opt-1:110:155 [2] NCCL INFO NET/IB : GPU Direct RDMA (DMABUF) enabled for HCA 2 'mlx5_10
pytorch-benchmark-opt-1:111:168 [3] NCCL INFO Channel 06/0 : 7[3] -> 2[2] [send] via NET/IBext_v8/2(6)/GDRDMA
pytorch-benchmark-opt-1:111:168 [3] NCCL INFO GPU Direct RDMA Enabled for GPU c6000 / HCA 2 (distance 4 <= 7), read 1
pytorch-benchmark-opt-1:110:155 [2] NCCL INFO New proxy send connection 67 from local rank 3, transport 2
pytorch-benchmark-opt-1:111:168 [3] NCCL INFO Connected to proxy localRank 2 -> connection 0x7fd3a0006ea8
pytorch-benchmark-opt-1:110:155 [2] NCCL INFO NET/IB : GPU Direct RDMA (nvidia-peermem) enabled for HCA 2 'mlx5_10
pytorch-benchmark-opt-1:110:155 [2] NCCL INFO NET/IB : GPU Direct RDMA (DMABUF) enabled for HCA 2 'mlx5_10
pytorch-benchmark-opt-1:111:168 [3] NCCL INFO Channel 10/0 : 7[3] -> 2[2] [send] via NET/IBext_v8/2(6)/GDRDMA
pytorch-benchmark-opt-1:111:168 [3] NCCL INFO GPU Direct RDMA Enabled for GPU c6000 / HCA 2 (distance 4 <= 7), read 1
pytorch-benchmark-opt-1:110:155 [2] NCCL INFO New proxy send connection 68 from local rank 3, transport 2
pytorch-benchmark-opt-1:111:168 [3] NCCL INFO Connected to proxy localRank 2 -> connection 0x7fd3a0006f20
pytorch-benchmark-opt-1:110:155 [2] NCCL INFO NET/IB : GPU Direct RDMA (nvidia-peermem) enabled for HCA 2 'mlx5_10
pytorch-benchmark-opt-1:110:155 [2] NCCL INFO NET/IB : GPU Direct RDMA (DMABUF) enabled for HCA 2 'mlx5_10
pytorch-benchmark-opt-1:111:168 [3] NCCL INFO Channel 14/0 : 7[3] -> 2[2] [send] via NET/IBext_v8/2(6)/GDRDMA
pytorch-benchmark-opt-1:108:169 [0] NCCL INFO GPU Direct RDMA Enabled for GPU 6000 / HCA 1 (distance 4 <= 7), read 1
pytorch-benchmark-opt-1:109:157 [1] NCCL INFO New proxy send connection 67 from local rank 0, transport 2
pytorch-benchmark-opt-1:110:170 [2] NCCL INFO GPU Direct RDMA Enabled for GPU a6000 / HCA 3 (distance 4 <= 7), read 1
pytorch-benchmark-opt-1:108:169 [0] NCCL INFO Connected to proxy localRank 1 -> connection 0x7f83d0006ea8
pytorch-benchmark-opt-1:111:154 [3] NCCL INFO New proxy send connection 63 from local rank 2, transport 2
pytorch-benchmark-opt-1:109:157 [1] NCCL INFO NET/IB : GPU Direct RDMA (nvidia-peermem) enabled for HCA 1 'mlx5_7
pytorch-benchmark-opt-1:109:157 [1] NCCL INFO NET/IB : GPU Direct RDMA (DMABUF) enabled for HCA 1 'mlx5_7
pytorch-benchmark-opt-1:111:168 [3] NCCL INFO GPU Direct RDMA Enabled for GPU c6000 / HCA 3 (distance 4 <= 7), read 0
pytorch-benchmark-opt-1:108:169 [0] NCCL INFO Channel 01/0 : 4[0] -> 1[1] [send] via NET/IBext_v8/1(5)/GDRDMA
pytorch-benchmark-opt-1:108:169 [0] NCCL INFO GPU Direct RDMA Enabled for GPU 6000 / HCA 1 (distance 4 <= 7), read 1
pytorch-benchmark-opt-1:109:157 [1] NCCL INFO New proxy send connection 68 from local rank 0, transport 2
pytorch-benchmark-opt-1:111:154 [3] NCCL INFO New proxy recv connection 64 from local rank 3, transport 2
pytorch-benchmark-opt-1:108:169 [0] NCCL INFO Connected to proxy localRank 1 -> connection 0x7f83d0006f20
pytorch-benchmark-opt-1:110:170 [2] NCCL INFO Connected to proxy localRank 3 -> connection 0x7f2e78006cc8
pytorch-benchmark-opt-1:111:168 [3] NCCL INFO Connected to proxy localRank 3 -> connection 0x7f2e78006d40
pytorch-benchmark-opt-1:109:157 [1] NCCL INFO NET/IB : GPU Direct RDMA (nvidia-peermem) enabled for HCA 1 'mlx5_7
pytorch-benchmark-opt-1:109:157 [1] NCCL INFO NET/IB : GPU Direct RDMA (DMABUF) enabled for HCA 1 'mlx5_7
pytorch-benchmark-opt-1:108:169 [0] NCCL INFO Channel 05/0 : 4[0] -> 1[1] [send] via NET/IBext_v8/1(5)/GDRDMA
pytorch-benchmark-opt-1:108:169 [0] NCCL INFO GPU Direct RDMA Enabled for GPU 6000 / HCA 1 (distance 4 <= 7), read 1
pytorch-benchmark-opt-1:111:154 [3] NCCL INFO NET/IB : GPU Direct RDMA (nvidia-peermem) enabled for HCA 3 'mlx5_11
pytorch-benchmark-opt-1:111:154 [3] NCCL INFO NET/IB : GPU Direct RDMA (DMABUF) enabled for HCA 3 'mlx5_11
pytorch-benchmark-opt-1:110:170 [2] NCCL INFO Channel 03/0 : 6[2] -> 3[3] [send] via NET/IBext_v8/3(7)/GDRDMA
pytorch-benchmark-opt-1:110:170 [2] NCCL INFO GPU Direct RDMA Enabled for GPU a6000 / HCA 3 (distance 4 <= 7), read 1
pytorch-benchmark-opt-1:111:154 [3] NCCL INFO NET/IB : GPU Direct RDMA (nvidia-peermem) enabled for HCA 3 'mlx5_11
pytorch-benchmark-opt-1:111:154 [3] NCCL INFO NET/IB : GPU Direct RDMA (DMABUF) enabled for HCA 3 'mlx5_11
pytorch-benchmark-opt-1:109:157 [1] NCCL INFO New proxy send connection 69 from local rank 0, transport 2
pytorch-benchmark-opt-1:108:169 [0] NCCL INFO Connected to proxy localRank 1 -> connection 0x7f83d0006f98
pytorch-benchmark-opt-1:111:168 [3] NCCL INFO Channel 03/0 : 2[2] -> 7[3] [receive] via NET/IBext_v8/3/GDRDMA
pytorch-benchmark-opt-1:111:168 [3] NCCL INFO GPU Direct RDMA Enabled for GPU c6000 / HCA 3 (distance 4 <= 7), read 0
pytorch-benchmark-opt-1:111:154 [3] NCCL INFO New proxy send connection 65 from local rank 2, transport 2
pytorch-benchmark-opt-1:109:157 [1] NCCL INFO NET/IB : GPU Direct RDMA (nvidia-peermem) enabled for HCA 1 'mlx5_7
pytorch-benchmark-opt-1:109:157 [1] NCCL INFO NET/IB : GPU Direct RDMA (DMABUF) enabled for HCA 1 'mlx5_7
pytorch-benchmark-opt-1:108:169 [0] NCCL INFO Channel 09/0 : 4[0] -> 1[1] [send] via NET/IBext_v8/1(5)/GDRDMA
pytorch-benchmark-opt-1:108:169 [0] NCCL INFO GPU Direct RDMA Enabled for GPU 6000 / HCA 1 (distance 4 <= 7), read 1
pytorch-benchmark-opt-1:110:170 [2] NCCL INFO Connected to proxy localRank 3 -> connection 0x7f2e78006db8
pytorch-benchmark-opt-1:111:154 [3] NCCL INFO New proxy recv connection 66 from local rank 3, transport 2
pytorch-benchmark-opt-1:109:157 [1] NCCL INFO New proxy send connection 70 from local rank 0, transport 2
pytorch-benchmark-opt-1:111:168 [3] NCCL INFO Connected to proxy localRank 3 -> connection 0x7f2e78006e30
pytorch-benchmark-opt-1:108:169 [0] NCCL INFO Connected to proxy localRank 1 -> connection 0x7f83d0007010
pytorch-benchmark-opt-1:111:154 [3] NCCL INFO NET/IB : GPU Direct RDMA (nvidia-peermem) enabled for HCA 3 'mlx5_11
pytorch-benchmark-opt-1:111:154 [3] NCCL INFO NET/IB : GPU Direct RDMA (DMABUF) enabled for HCA 3 'mlx5_11
pytorch-benchmark-opt-1:110:170 [2] NCCL INFO Channel 07/0 : 6[2] -> 3[3] [send] via NET/IBext_v8/3(7)/GDRDMA
pytorch-benchmark-opt-1:110:170 [2] NCCL INFO GPU Direct RDMA Enabled for GPU a6000 / HCA 3 (distance 4 <= 7), read 1
pytorch-benchmark-opt-1:109:157 [1] NCCL INFO NET/IB : GPU Direct RDMA (nvidia-peermem) enabled for HCA 1 'mlx5_7
pytorch-benchmark-opt-1:109:157 [1] NCCL INFO NET/IB : GPU Direct RDMA (DMABUF) enabled for HCA 1 'mlx5_7
pytorch-benchmark-opt-1:111:154 [3] NCCL INFO NET/IB : GPU Direct RDMA (nvidia-peermem) enabled for HCA 3 'mlx5_11
pytorch-benchmark-opt-1:111:154 [3] NCCL INFO NET/IB : GPU Direct RDMA (DMABUF) enabled for HCA 3 'mlx5_11
pytorch-benchmark-opt-1:108:169 [0] NCCL INFO Channel 13/0 : 4[0] -> 1[1] [send] via NET/IBext_v8/1(5)/GDRDMA
pytorch-benchmark-opt-1:111:168 [3] NCCL INFO Channel 07/0 : 2[2] -> 7[3] [receive] via NET/IBext_v8/3/GDRDMA
pytorch-benchmark-opt-1:111:168 [3] NCCL INFO GPU Direct RDMA Enabled for GPU c6000 / HCA 3 (distance 4 <= 7), read 0
pytorch-benchmark-opt-1:111:154 [3] NCCL INFO New proxy send connection 67 from local rank 2, transport 2
pytorch-benchmark-opt-1:110:170 [2] NCCL INFO Connected to proxy localRank 3 -> connection 0x7f2e78006ea8
pytorch-benchmark-opt-1:111:154 [3] NCCL INFO New proxy recv connection 68 from local rank 3, transport 2
pytorch-benchmark-opt-1:111:168 [3] NCCL INFO Connected to proxy localRank 3 -> connection 0x7f2e78006f20
pytorch-benchmark-opt-1:111:154 [3] NCCL INFO NET/IB : GPU Direct RDMA (nvidia-peermem) enabled for HCA 3 'mlx5_11
pytorch-benchmark-opt-1:111:154 [3] NCCL INFO NET/IB : GPU Direct RDMA (DMABUF) enabled for HCA 3 'mlx5_11
pytorch-benchmark-opt-1:110:170 [2] NCCL INFO Channel 11/0 : 6[2] -> 3[3] [send] via NET/IBext_v8/3(7)/GDRDMA
pytorch-benchmark-opt-1:110:170 [2] NCCL INFO GPU Direct RDMA Enabled for GPU a6000 / HCA 3 (distance 4 <= 7), read 1
pytorch-benchmark-opt-1:111:154 [3] NCCL INFO NET/IB : GPU Direct RDMA (nvidia-peermem) enabled for HCA 3 'mlx5_11
pytorch-benchmark-opt-1:111:154 [3] NCCL INFO NET/IB : GPU Direct RDMA (DMABUF) enabled for HCA 3 'mlx5_11
pytorch-benchmark-opt-1:108:152 [0] NCCL INFO New proxy recv connection 73 from local rank 0, transport 0
pytorch-benchmark-opt-1:111:168 [3] NCCL INFO Channel 11/0 : 2[2] -> 7[3] [receive] via NET/IBext_v8/3/GDRDMA
pytorch-benchmark-opt-1:111:168 [3] NCCL INFO GPU Direct RDMA Enabled for GPU c6000 / HCA 3 (distance 4 <= 7), read 0
pytorch-benchmark-opt-1:108:169 [0] NCCL INFO Connected to proxy localRank 0 -> connection 0x7f50b4007178
pytorch-benchmark-opt-1:111:154 [3] NCCL INFO New proxy send connection 69 from local rank 2, transport 2
pytorch-benchmark-opt-1:109:157 [1] NCCL INFO New proxy recv connection 71 from local rank 1, transport 0
pytorch-benchmark-opt-1:110:170 [2] NCCL INFO Connected to proxy localRank 3 -> connection 0x7f2e78006f98
pytorch-benchmark-opt-1:109:171 [1] NCCL INFO Connected to proxy localRank 1 -> connection 0x7f83d0007088
pytorch-benchmark-opt-1:111:154 [3] NCCL INFO New proxy recv connection 70 from local rank 3, transport 2
pytorch-benchmark-opt-1:111:168 [3] NCCL INFO Connected to proxy localRank 3 -> connection 0x7f2e78007010
pytorch-benchmark-opt-1:111:154 [3] NCCL INFO NET/IB : GPU Direct RDMA (nvidia-peermem) enabled for HCA 3 'mlx5_11
pytorch-benchmark-opt-1:111:154 [3] NCCL INFO NET/IB : GPU Direct RDMA (DMABUF) enabled for HCA 3 'mlx5_11
pytorch-benchmark-opt-1:110:170 [2] NCCL INFO Channel 15/0 : 6[2] -> 3[3] [send] via NET/IBext_v8/3(7)/GDRDMA
pytorch-benchmark-opt-1:111:154 [3] NCCL INFO NET/IB : GPU Direct RDMA (nvidia-peermem) enabled for HCA 3 'mlx5_11
pytorch-benchmark-opt-1:111:154 [3] NCCL INFO NET/IB : GPU Direct RDMA (DMABUF) enabled for HCA 3 'mlx5_11
pytorch-benchmark-opt-1:111:168 [3] NCCL INFO Channel 15/0 : 2[2] -> 7[3] [receive] via NET/IBext_v8/3/GDRDMA
pytorch-benchmark-opt-1:108:152 [0] NCCL INFO New proxy recv connection 74 from local rank 0, transport 0
pytorch-benchmark-opt-1:111:168 [3] NCCL INFO Channel 07/0 : 7[3] -> 5[1] via P2P/CUMEM
pytorch-benchmark-opt-1:108:169 [0] NCCL INFO Connected to proxy localRank 0 -> connection 0x7f50b40071f0
pytorch-benchmark-opt-1:110:170 [2] NCCL INFO Channel 01/0 : 6[2] -> 4[0] via P2P/CUMEM
pytorch-benchmark-opt-1:109:157 [1] NCCL INFO New proxy recv connection 72 from local rank 1, transport 0
pytorch-benchmark-opt-1:111:154 [3] NCCL INFO New proxy send connection 71 from local rank 3, transport 0
pytorch-benchmark-opt-1:109:171 [1] NCCL INFO Connected to proxy localRank 1 -> connection 0x7f83d0007100
pytorch-benchmark-opt-1:110:155 [2] NCCL INFO New proxy send connection 69 from local rank 2, transport 0
pytorch-benchmark-opt-1:111:168 [3] NCCL INFO Connected to proxy localRank 3 -> connection 0x7f2e78007088
pytorch-benchmark-opt-1:110:170 [2] NCCL INFO Connected to proxy localRank 2 -> connection 0x7fd3a0006f98
pytorch-benchmark-opt-1:111:168 [3] NCCL INFO Channel 15/0 : 7[3] -> 5[1] via P2P/CUMEM
pytorch-benchmark-opt-1:111:154 [3] NCCL INFO New proxy send connection 72 from local rank 3, transport 0
pytorch-benchmark-opt-1:111:168 [3] NCCL INFO Connected to proxy localRank 3 -> connection 0x7f2e78007100
pytorch-benchmark-opt-1:110:170 [2] NCCL INFO Channel 09/0 : 6[2] -> 4[0] via P2P/CUMEM
pytorch-benchmark-opt-1:110:155 [2] NCCL INFO New proxy send connection 70 from local rank 2, transport 0
pytorch-benchmark-opt-1:110:170 [2] NCCL INFO Connected to proxy localRank 2 -> connection 0x7fd3a0007010
pytorch-benchmark-opt-1:111:168 [3] NCCL INFO Channel 05/0 : 7[3] -> 6[2] via P2P/CUMEM
pytorch-benchmark-opt-1:109:157 [1] NCCL INFO New proxy recv connection 73 from local rank 1, transport 0
pytorch-benchmark-opt-1:111:154 [3] NCCL INFO New proxy send connection 73 from local rank 3, transport 0
pytorch-benchmark-opt-1:111:168 [3] NCCL INFO Connected to proxy localRank 3 -> connection 0x7f2e78007178
pytorch-benchmark-opt-1:109:171 [1] NCCL INFO Connected to proxy localRank 1 -> connection 0x7f83d0007178
pytorch-benchmark-opt-1:108:152 [0] NCCL INFO New proxy recv connection 75 from local rank 0, transport 0
pytorch-benchmark-opt-1:110:155 [2] NCCL INFO New proxy recv connection 71 from local rank 2, transport 0
pytorch-benchmark-opt-1:108:169 [0] NCCL INFO Connected to proxy localRank 0 -> connection 0x7f50b4007268
pytorch-benchmark-opt-1:110:170 [2] NCCL INFO Connected to proxy localRank 2 -> connection 0x7fd3a0007088
pytorch-benchmark-opt-1:111:168 [3] NCCL INFO Channel 13/0 : 7[3] -> 6[2] via P2P/CUMEM
pytorch-benchmark-opt-1:109:157 [1] NCCL INFO New proxy recv connection 74 from local rank 1, transport 0
pytorch-benchmark-opt-1:109:171 [1] NCCL INFO Connected to proxy localRank 1 -> connection 0x7f83d00071f0
pytorch-benchmark-opt-1:111:154 [3] NCCL INFO New proxy send connection 74 from local rank 3, transport 0
pytorch-benchmark-opt-1:111:168 [3] NCCL INFO Connected to proxy localRank 3 -> connection 0x7f2e780071f0
pytorch-benchmark-opt-1:108:152 [0] NCCL INFO New proxy recv connection 76 from local rank 0, transport 0
pytorch-benchmark-opt-1:108:169 [0] NCCL INFO Connected to proxy localRank 0 -> connection 0x7f50b40072e0
pytorch-benchmark-opt-1:110:155 [2] NCCL INFO New proxy recv connection 72 from local rank 2, transport 0
pytorch-benchmark-opt-1:110:170 [2] NCCL INFO Connected to proxy localRank 2 -> connection 0x7fd3a0007100
pytorch-benchmark-opt-1:109:157 [1] NCCL INFO New proxy recv connection 75 from local rank 1, transport 0
pytorch-benchmark-opt-1:109:171 [1] NCCL INFO Connected to proxy localRank 1 -> connection 0x7f83d0007268
pytorch-benchmark-opt-1:110:170 [2] NCCL INFO Channel 02/0 : 6[2] -> 5[1] via P2P/CUMEM
pytorch-benchmark-opt-1:110:155 [2] NCCL INFO New proxy send connection 73 from local rank 2, transport 0
pytorch-benchmark-opt-1:110:170 [2] NCCL INFO Connected to proxy localRank 2 -> connection 0x7fd3a0007178
pytorch-benchmark-opt-1:109:157 [1] NCCL INFO New proxy recv connection 76 from local rank 1, transport 0
pytorch-benchmark-opt-1:109:171 [1] NCCL INFO Connected to proxy localRank 1 -> connection 0x7f83d00072e0
pytorch-benchmark-opt-1:110:170 [2] NCCL INFO Channel 06/0 : 6[2] -> 5[1] via P2P/CUMEM
pytorch-benchmark-opt-1:109:171 [1] NCCL INFO Channel 06/0 : 5[1] -> 4[0] via P2P/CUMEM
pytorch-benchmark-opt-1:110:155 [2] NCCL INFO New proxy send connection 74 from local rank 2, transport 0
pytorch-benchmark-opt-1:110:170 [2] NCCL INFO Connected to proxy localRank 2 -> connection 0x7fd3a00071f0
pytorch-benchmark-opt-1:109:157 [1] NCCL INFO New proxy send connection 77 from local rank 1, transport 0
pytorch-benchmark-opt-1:109:171 [1] NCCL INFO Connected to proxy localRank 1 -> connection 0x7f83d0007358
pytorch-benchmark-opt-1:110:170 [2] NCCL INFO Channel 10/0 : 6[2] -> 5[1] via P2P/CUMEM
pytorch-benchmark-opt-1:109:171 [1] NCCL INFO Channel 14/0 : 5[1] -> 4[0] via P2P/CUMEM
pytorch-benchmark-opt-1:110:155 [2] NCCL INFO New proxy send connection 75 from local rank 2, transport 0
pytorch-benchmark-opt-1:110:170 [2] NCCL INFO Connected to proxy localRank 2 -> connection 0x7fd3a0007268
pytorch-benchmark-opt-1:109:157 [1] NCCL INFO New proxy send connection 78 from local rank 1, transport 0
pytorch-benchmark-opt-1:109:171 [1] NCCL INFO Connected to proxy localRank 1 -> connection 0x7f83d00073d0
pytorch-benchmark-opt-1:110:170 [2] NCCL INFO Channel 14/0 : 6[2] -> 5[1] via P2P/CUMEM
pytorch-benchmark-opt-1:110:155 [2] NCCL INFO New proxy send connection 76 from local rank 2, transport 0
pytorch-benchmark-opt-1:110:170 [2] NCCL INFO Connected to proxy localRank 2 -> connection 0x7fd3a00072e0
pytorch-benchmark-opt-1:108:152 [0] NCCL INFO NET/IB: NCCL Dev 0 IbDev 0 Port 1 qpn 5525 mtu 5 query_ece={supported=1, vendor_id=0x15b3, options=0x30000002, comp_mask=0x0} GID 3 (0/367000AFFFF0000) fifoRkey=0x43b00 fifoLkey=0x43b00
pytorch-benchmark-opt-1:108:152 [0] NCCL INFO NET/IB: NCCL Dev 0 IbDev 0 Port 1 qpn 5528 mtu 5 query_ece={supported=1, vendor_id=0x15b3, options=0x30000002, comp_mask=0x0} GID 3 (0/367000AFFFF0000) fifoRkey=0x43f00 fifoLkey=0x43f00
pytorch-benchmark-opt-1:108:152 [0] NCCL INFO NET/IB: IbDev 0 Port 1 qpn 4694 set_ece={supported=1, vendor_id=0x15b3, options=0x0, comp_mask=0x0}
pytorch-benchmark-opt-1:110:155 [2] NCCL INFO NET/IB: NCCL Dev 2 IbDev 2 Port 1 qpn 5477 mtu 5 query_ece={supported=1, vendor_id=0x15b3, options=0x30000002, comp_mask=0x0} GID 3 (0/369000AFFFF0000) fifoRkey=0x43b00 fifoLkey=0x43b00
pytorch-benchmark-opt-1:111:154 [3] NCCL INFO NET/IB: NCCL Dev 3 IbDev 3 Port 1 qpn 5473 mtu 5 query_ece={supported=1, vendor_id=0x15b3, options=0x30000002, comp_mask=0x0} GID 3 (0/36A000AFFFF0000) fifoRkey=0x43b00 fifoLkey=0x43b00
