pytorch-benchmark-opt-1:109:163 [1] NCCL INFO Connected to proxy localRank 1 -> connection 0x7f83d0005648
pytorch-benchmark-opt-1:111:154 [3] NCCL INFO New proxy recv connection 8 from local rank 3, transport 0
pytorch-benchmark-opt-1:111:161 [3] NCCL INFO Connected to proxy localRank 3 -> connection 0x7f2e78005300
pytorch-benchmark-opt-1:108:162 [0] NCCL INFO Channel 02/0 : 4[0] -> 6[2] via P2P/CUMEM
pytorch-benchmark-opt-1:108:152 [0] NCCL INFO New proxy send connection 8 from local rank 0, transport 0
pytorch-benchmark-opt-1:108:162 [0] NCCL INFO Connected to proxy localRank 0 -> connection 0x7f50b4005300
pytorch-benchmark-opt-1:110:155 [2] NCCL INFO New proxy recv connection 16 from local rank 2, transport 0
pytorch-benchmark-opt-1:110:160 [2] NCCL INFO Connected to proxy localRank 2 -> connection 0x7fd3a00056c0
pytorch-benchmark-opt-1:109:163 [1] NCCL INFO Channel 02/0 : 5[1] -> 7[3] via P2P/CUMEM
pytorch-benchmark-opt-1:109:157 [1] NCCL INFO New proxy send connection 16 from local rank 1, transport 0
pytorch-benchmark-opt-1:109:163 [1] NCCL INFO Connected to proxy localRank 1 -> connection 0x7f83d00056c0
pytorch-benchmark-opt-1:108:162 [0] NCCL INFO Channel 03/0 : 4[0] -> 6[2] via P2P/CUMEM
pytorch-benchmark-opt-1:111:154 [3] NCCL INFO New proxy recv connection 9 from local rank 3, transport 0
pytorch-benchmark-opt-1:111:161 [3] NCCL INFO Connected to proxy localRank 3 -> connection 0x7f2e78005378
pytorch-benchmark-opt-1:108:152 [0] NCCL INFO New proxy send connection 9 from local rank 0, transport 0
pytorch-benchmark-opt-1:108:162 [0] NCCL INFO Connected to proxy localRank 0 -> connection 0x7f50b4005378
pytorch-benchmark-opt-1:109:163 [1] NCCL INFO Channel 03/0 : 5[1] -> 7[3] via P2P/CUMEM
pytorch-benchmark-opt-1:110:155 [2] NCCL INFO New proxy recv connection 17 from local rank 2, transport 0
pytorch-benchmark-opt-1:110:160 [2] NCCL INFO Connected to proxy localRank 2 -> connection 0x7fd3a0005738
pytorch-benchmark-opt-1:109:157 [1] NCCL INFO New proxy send connection 17 from local rank 1, transport 0
pytorch-benchmark-opt-1:109:163 [1] NCCL INFO Connected to proxy localRank 1 -> connection 0x7f83d0005738
pytorch-benchmark-opt-1:111:154 [3] NCCL INFO New proxy recv connection 10 from local rank 3, transport 0
pytorch-benchmark-opt-1:108:162 [0] NCCL INFO Channel 05/0 : 4[0] -> 6[2] via P2P/CUMEM
pytorch-benchmark-opt-1:111:161 [3] NCCL INFO Connected to proxy localRank 3 -> connection 0x7f2e780053f0
pytorch-benchmark-opt-1:108:152 [0] NCCL INFO New proxy send connection 10 from local rank 0, transport 0
pytorch-benchmark-opt-1:108:162 [0] NCCL INFO Connected to proxy localRank 0 -> connection 0x7f50b40053f0
pytorch-benchmark-opt-1:109:163 [1] NCCL INFO Channel 05/0 : 5[1] -> 7[3] via P2P/CUMEM
pytorch-benchmark-opt-1:110:155 [2] NCCL INFO New proxy recv connection 18 from local rank 2, transport 0
pytorch-benchmark-opt-1:110:160 [2] NCCL INFO Connected to proxy localRank 2 -> connection 0x7fd3a00057b0
pytorch-benchmark-opt-1:109:157 [1] NCCL INFO New proxy send connection 18 from local rank 1, transport 0
pytorch-benchmark-opt-1:109:163 [1] NCCL INFO Connected to proxy localRank 1 -> connection 0x7f83d00057b0
pytorch-benchmark-opt-1:111:154 [3] NCCL INFO New proxy recv connection 11 from local rank 3, transport 0
pytorch-benchmark-opt-1:111:161 [3] NCCL INFO Connected to proxy localRank 3 -> connection 0x7f2e78005468
pytorch-benchmark-opt-1:108:162 [0] NCCL INFO Channel 06/0 : 4[0] -> 6[2] via P2P/CUMEM
pytorch-benchmark-opt-1:108:152 [0] NCCL INFO New proxy send connection 11 from local rank 0, transport 0
pytorch-benchmark-opt-1:108:162 [0] NCCL INFO Connected to proxy localRank 0 -> connection 0x7f50b4005468
pytorch-benchmark-opt-1:109:163 [1] NCCL INFO Channel 06/0 : 5[1] -> 7[3] via P2P/CUMEM
pytorch-benchmark-opt-1:110:155 [2] NCCL INFO New proxy recv connection 19 from local rank 2, transport 0
pytorch-benchmark-opt-1:110:160 [2] NCCL INFO Connected to proxy localRank 2 -> connection 0x7fd3a0005828
pytorch-benchmark-opt-1:109:157 [1] NCCL INFO New proxy send connection 19 from local rank 1, transport 0
pytorch-benchmark-opt-1:109:163 [1] NCCL INFO Connected to proxy localRank 1 -> connection 0x7f83d0005828
pytorch-benchmark-opt-1:111:154 [3] NCCL INFO New proxy recv connection 12 from local rank 3, transport 0
pytorch-benchmark-opt-1:111:161 [3] NCCL INFO Connected to proxy localRank 3 -> connection 0x7f2e780054e0
pytorch-benchmark-opt-1:108:162 [0] NCCL INFO Channel 10/0 : 4[0] -> 6[2] via P2P/CUMEM
pytorch-benchmark-opt-1:109:163 [1] NCCL INFO Channel 10/0 : 5[1] -> 7[3] via P2P/CUMEM
pytorch-benchmark-opt-1:108:152 [0] NCCL INFO New proxy send connection 12 from local rank 0, transport 0
pytorch-benchmark-opt-1:109:157 [1] NCCL INFO New proxy send connection 20 from local rank 1, transport 0
pytorch-benchmark-opt-1:108:162 [0] NCCL INFO Connected to proxy localRank 0 -> connection 0x7f50b40054e0
pytorch-benchmark-opt-1:109:163 [1] NCCL INFO Connected to proxy localRank 1 -> connection 0x7f83d00058a0
pytorch-benchmark-opt-1:110:155 [2] NCCL INFO New proxy recv connection 20 from local rank 2, transport 0
pytorch-benchmark-opt-1:110:160 [2] NCCL INFO Connected to proxy localRank 2 -> connection 0x7fd3a00058a0
pytorch-benchmark-opt-1:111:154 [3] NCCL INFO New proxy recv connection 13 from local rank 3, transport 0
pytorch-benchmark-opt-1:111:161 [3] NCCL INFO Connected to proxy localRank 3 -> connection 0x7f2e78005558
pytorch-benchmark-opt-1:110:155 [2] NCCL INFO New proxy recv connection 21 from local rank 2, transport 0
pytorch-benchmark-opt-1:110:160 [2] NCCL INFO Connected to proxy localRank 2 -> connection 0x7fd3a0005918
pytorch-benchmark-opt-1:109:163 [1] NCCL INFO Channel 11/0 : 5[1] -> 7[3] via P2P/CUMEM
pytorch-benchmark-opt-1:108:162 [0] NCCL INFO Channel 11/0 : 4[0] -> 6[2] via P2P/CUMEM
pytorch-benchmark-opt-1:109:157 [1] NCCL INFO New proxy send connection 21 from local rank 1, transport 0
pytorch-benchmark-opt-1:108:152 [0] NCCL INFO New proxy send connection 13 from local rank 0, transport 0
pytorch-benchmark-opt-1:109:163 [1] NCCL INFO Connected to proxy localRank 1 -> connection 0x7f83d0005918
pytorch-benchmark-opt-1:108:162 [0] NCCL INFO Connected to proxy localRank 0 -> connection 0x7f50b4005558
pytorch-benchmark-opt-1:111:154 [3] NCCL INFO New proxy recv connection 14 from local rank 3, transport 0
pytorch-benchmark-opt-1:111:161 [3] NCCL INFO Connected to proxy localRank 3 -> connection 0x7f2e780055d0
pytorch-benchmark-opt-1:110:155 [2] NCCL INFO New proxy recv connection 22 from local rank 2, transport 0
pytorch-benchmark-opt-1:110:160 [2] NCCL INFO Connected to proxy localRank 2 -> connection 0x7fd3a0005990
pytorch-benchmark-opt-1:109:163 [1] NCCL INFO Channel 13/0 : 5[1] -> 7[3] via P2P/CUMEM
pytorch-benchmark-opt-1:108:162 [0] NCCL INFO Channel 13/0 : 4[0] -> 6[2] via P2P/CUMEM
pytorch-benchmark-opt-1:109:157 [1] NCCL INFO New proxy send connection 22 from local rank 1, transport 0
pytorch-benchmark-opt-1:108:152 [0] NCCL INFO New proxy send connection 14 from local rank 0, transport 0
pytorch-benchmark-opt-1:109:163 [1] NCCL INFO Connected to proxy localRank 1 -> connection 0x7f83d0005990
pytorch-benchmark-opt-1:108:162 [0] NCCL INFO Connected to proxy localRank 0 -> connection 0x7f50b40055d0
pytorch-benchmark-opt-1:110:155 [2] NCCL INFO New proxy recv connection 23 from local rank 2, transport 0
pytorch-benchmark-opt-1:110:160 [2] NCCL INFO Connected to proxy localRank 2 -> connection 0x7fd3a0005a08
pytorch-benchmark-opt-1:111:154 [3] NCCL INFO New proxy recv connection 15 from local rank 3, transport 0
pytorch-benchmark-opt-1:111:161 [3] NCCL INFO Connected to proxy localRank 3 -> connection 0x7f2e78005648
pytorch-benchmark-opt-1:109:163 [1] NCCL INFO Channel 14/0 : 5[1] -> 7[3] via P2P/CUMEM
pytorch-benchmark-opt-1:108:162 [0] NCCL INFO Channel 14/0 : 4[0] -> 6[2] via P2P/CUMEM
pytorch-benchmark-opt-1:109:157 [1] NCCL INFO New proxy send connection 23 from local rank 1, transport 0
pytorch-benchmark-opt-1:108:152 [0] NCCL INFO New proxy send connection 15 from local rank 0, transport 0
pytorch-benchmark-opt-1:109:163 [1] NCCL INFO Connected to proxy localRank 1 -> connection 0x7f83d0005a08
pytorch-benchmark-opt-1:108:162 [0] NCCL INFO Connected to proxy localRank 0 -> connection 0x7f50b4005648
pytorch-benchmark-opt-1:108:162 [0] NCCL INFO Channel 01/0 : 4[0] -> 7[3] via P2P/CUMEM
pytorch-benchmark-opt-1:110:160 [2] NCCL INFO GPU Direct RDMA Enabled for GPU a6000 / HCA 2 (distance 4 <= 7), read 0
pytorch-benchmark-opt-1:109:163 [1] NCCL INFO GPU Direct RDMA Enabled for GPU 26000 / HCA 1 (distance 4 <= 7), read 0
pytorch-benchmark-opt-1:108:152 [0] NCCL INFO New proxy send connection 16 from local rank 0, transport 0
pytorch-benchmark-opt-1:108:162 [0] NCCL INFO Connected to proxy localRank 0 -> connection 0x7f50b40056c0
pytorch-benchmark-opt-1:111:154 [3] NCCL INFO New proxy recv connection 16 from local rank 3, transport 0
pytorch-benchmark-opt-1:111:161 [3] NCCL INFO Connected to proxy localRank 3 -> connection 0x7f2e780056c0
pytorch-benchmark-opt-1:108:162 [0] NCCL INFO Channel 04/0 : 4[0] -> 7[3] via P2P/CUMEM
pytorch-benchmark-opt-1:108:152 [0] NCCL INFO New proxy send connection 17 from local rank 0, transport 0
pytorch-benchmark-opt-1:108:162 [0] NCCL INFO Connected to proxy localRank 0 -> connection 0x7f50b4005738
pytorch-benchmark-opt-1:111:154 [3] NCCL INFO New proxy recv connection 17 from local rank 3, transport 0
pytorch-benchmark-opt-1:111:161 [3] NCCL INFO Connected to proxy localRank 3 -> connection 0x7f2e78005738
pytorch-benchmark-opt-1:108:162 [0] NCCL INFO Channel 05/0 : 4[0] -> 7[3] via P2P/CUMEM
pytorch-benchmark-opt-1:108:152 [0] NCCL INFO New proxy send connection 18 from local rank 0, transport 0
pytorch-benchmark-opt-1:108:162 [0] NCCL INFO Connected to proxy localRank 0 -> connection 0x7f50b40057b0
pytorch-benchmark-opt-1:111:154 [3] NCCL INFO New proxy recv connection 18 from local rank 3, transport 0
pytorch-benchmark-opt-1:111:161 [3] NCCL INFO Connected to proxy localRank 3 -> connection 0x7f2e780057b0
pytorch-benchmark-opt-1:108:162 [0] NCCL INFO Channel 06/0 : 4[0] -> 7[3] via P2P/CUMEM
pytorch-benchmark-opt-1:108:152 [0] NCCL INFO New proxy send connection 19 from local rank 0, transport 0
pytorch-benchmark-opt-1:108:162 [0] NCCL INFO Connected to proxy localRank 0 -> connection 0x7f50b4005828
pytorch-benchmark-opt-1:111:154 [3] NCCL INFO New proxy recv connection 19 from local rank 3, transport 0
pytorch-benchmark-opt-1:108:162 [0] NCCL INFO Channel 09/0 : 4[0] -> 7[3] via P2P/CUMEM
pytorch-benchmark-opt-1:111:161 [3] NCCL INFO Connected to proxy localRank 3 -> connection 0x7f2e78005828
pytorch-benchmark-opt-1:108:152 [0] NCCL INFO New proxy send connection 20 from local rank 0, transport 0
pytorch-benchmark-opt-1:108:162 [0] NCCL INFO Connected to proxy localRank 0 -> connection 0x7f50b40058a0
pytorch-benchmark-opt-1:108:162 [0] NCCL INFO Channel 12/0 : 4[0] -> 7[3] via P2P/CUMEM
pytorch-benchmark-opt-1:108:152 [0] NCCL INFO New proxy send connection 21 from local rank 0, transport 0
pytorch-benchmark-opt-1:108:162 [0] NCCL INFO Connected to proxy localRank 0 -> connection 0x7f50b4005918
pytorch-benchmark-opt-1:111:154 [3] NCCL INFO New proxy recv connection 20 from local rank 3, transport 0
pytorch-benchmark-opt-1:111:161 [3] NCCL INFO Connected to proxy localRank 3 -> connection 0x7f2e780058a0
pytorch-benchmark-opt-1:108:162 [0] NCCL INFO Channel 13/0 : 4[0] -> 7[3] via P2P/CUMEM
pytorch-benchmark-opt-1:108:152 [0] NCCL INFO New proxy send connection 22 from local rank 0, transport 0
pytorch-benchmark-opt-1:108:162 [0] NCCL INFO Connected to proxy localRank 0 -> connection 0x7f50b4005990
pytorch-benchmark-opt-1:111:154 [3] NCCL INFO New proxy recv connection 21 from local rank 3, transport 0
pytorch-benchmark-opt-1:111:161 [3] NCCL INFO Connected to proxy localRank 3 -> connection 0x7f2e78005918
pytorch-benchmark-opt-1:108:162 [0] NCCL INFO Channel 14/0 : 4[0] -> 7[3] via P2P/CUMEM
pytorch-benchmark-opt-1:108:152 [0] NCCL INFO New proxy send connection 23 from local rank 0, transport 0
pytorch-benchmark-opt-1:108:162 [0] NCCL INFO Connected to proxy localRank 0 -> connection 0x7f50b4005a08
pytorch-benchmark-opt-1:111:154 [3] NCCL INFO New proxy recv connection 22 from local rank 3, transport 0
pytorch-benchmark-opt-1:111:161 [3] NCCL INFO Connected to proxy localRank 3 -> connection 0x7f2e78005990
pytorch-benchmark-opt-1:111:154 [3] NCCL INFO New proxy recv connection 23 from local rank 3, transport 0
pytorch-benchmark-opt-1:111:161 [3] NCCL INFO Connected to proxy localRank 3 -> connection 0x7f2e78005a08
pytorch-benchmark-opt-1:108:162 [0] NCCL INFO GPU Direct RDMA Enabled for GPU 6000 / HCA 0 (distance 4 <= 7), read 0
pytorch-benchmark-opt-1:111:161 [3] NCCL INFO GPU Direct RDMA Enabled for GPU c6000 / HCA 3 (distance 4 <= 7), read 0
pytorch-benchmark-opt-1:110:155 [2] NCCL INFO New proxy recv connection 24 from local rank 2, transport 2
pytorch-benchmark-opt-1:110:160 [2] NCCL INFO Connected to proxy localRank 2 -> connection 0x7fd3a0005a80
pytorch-benchmark-opt-1:110:155 [2] NCCL INFO NET/IB : GPU Direct RDMA (nvidia-peermem) enabled for HCA 2 'mlx5_10
pytorch-benchmark-opt-1:110:155 [2] NCCL INFO NET/IB : GPU Direct RDMA (DMABUF) enabled for HCA 2 'mlx5_10
pytorch-benchmark-opt-1:110:164 [2] NCCL INFO [Proxy Progress] Device 2 CPU core 147
pytorch-benchmark-opt-1:110:160 [2] NCCL INFO Channel 02/0 : 2[2] -> 6[2] [receive] via NET/IBext_v8/2/GDRDMA
pytorch-benchmark-opt-1:110:160 [2] NCCL INFO GPU Direct RDMA Enabled for GPU a6000 / HCA 2 (distance 4 <= 7), read 0
pytorch-benchmark-opt-1:110:155 [2] NCCL INFO New proxy recv connection 25 from local rank 2, transport 2
pytorch-benchmark-opt-1:110:160 [2] NCCL INFO Connected to proxy localRank 2 -> connection 0x7fd3a0005af8
pytorch-benchmark-opt-1:110:155 [2] NCCL INFO NET/IB : GPU Direct RDMA (nvidia-peermem) enabled for HCA 2 'mlx5_10
pytorch-benchmark-opt-1:110:155 [2] NCCL INFO NET/IB : GPU Direct RDMA (DMABUF) enabled for HCA 2 'mlx5_10
pytorch-benchmark-opt-1:110:160 [2] NCCL INFO Channel 06/0 : 2[2] -> 6[2] [receive] via NET/IBext_v8/2/GDRDMA
pytorch-benchmark-opt-1:110:160 [2] NCCL INFO GPU Direct RDMA Enabled for GPU a6000 / HCA 2 (distance 4 <= 7), read 0
pytorch-benchmark-opt-1:110:155 [2] NCCL INFO New proxy recv connection 26 from local rank 2, transport 2
pytorch-benchmark-opt-1:110:160 [2] NCCL INFO Connected to proxy localRank 2 -> connection 0x7fd3a0005b70
pytorch-benchmark-opt-1:110:155 [2] NCCL INFO NET/IB : GPU Direct RDMA (nvidia-peermem) enabled for HCA 2 'mlx5_10
pytorch-benchmark-opt-1:110:155 [2] NCCL INFO NET/IB : GPU Direct RDMA (DMABUF) enabled for HCA 2 'mlx5_10
pytorch-benchmark-opt-1:110:160 [2] NCCL INFO Channel 10/0 : 2[2] -> 6[2] [receive] via NET/IBext_v8/2/GDRDMA
pytorch-benchmark-opt-1:110:160 [2] NCCL INFO GPU Direct RDMA Enabled for GPU a6000 / HCA 2 (distance 4 <= 7), read 0
pytorch-benchmark-opt-1:110:155 [2] NCCL INFO New proxy recv connection 27 from local rank 2, transport 2
pytorch-benchmark-opt-1:109:157 [1] NCCL INFO New proxy recv connection 24 from local rank 1, transport 2
pytorch-benchmark-opt-1:110:160 [2] NCCL INFO Connected to proxy localRank 2 -> connection 0x7fd3a0005be8
pytorch-benchmark-opt-1:110:155 [2] NCCL INFO NET/IB : GPU Direct RDMA (nvidia-peermem) enabled for HCA 2 'mlx5_10
pytorch-benchmark-opt-1:110:155 [2] NCCL INFO NET/IB : GPU Direct RDMA (DMABUF) enabled for HCA 2 'mlx5_10
pytorch-benchmark-opt-1:109:163 [1] NCCL INFO Connected to proxy localRank 1 -> connection 0x7f83d0005a80
pytorch-benchmark-opt-1:110:160 [2] NCCL INFO Channel 14/0 : 2[2] -> 6[2] [receive] via NET/IBext_v8/2/GDRDMA
pytorch-benchmark-opt-1:110:160 [2] NCCL INFO GPU Direct RDMA Enabled for GPU a6000 / HCA 2 (distance 4 <= 7), read 1
pytorch-benchmark-opt-1:110:155 [2] NCCL INFO New proxy send connection 28 from local rank 2, transport 2
pytorch-benchmark-opt-1:109:157 [1] NCCL INFO NET/IB : GPU Direct RDMA (nvidia-peermem) enabled for HCA 1 'mlx5_7
pytorch-benchmark-opt-1:109:157 [1] NCCL INFO NET/IB : GPU Direct RDMA (DMABUF) enabled for HCA 1 'mlx5_7
pytorch-benchmark-opt-1:110:160 [2] NCCL INFO Connected to proxy localRank 2 -> connection 0x7fd3a0005c60
pytorch-benchmark-opt-1:109:165 [1] NCCL INFO [Proxy Progress] Device 1 CPU core 28
pytorch-benchmark-opt-1:110:155 [2] NCCL INFO NET/IB : GPU Direct RDMA (nvidia-peermem) enabled for HCA 2 'mlx5_10
pytorch-benchmark-opt-1:110:155 [2] NCCL INFO NET/IB : GPU Direct RDMA (DMABUF) enabled for HCA 2 'mlx5_10
pytorch-benchmark-opt-1:109:163 [1] NCCL INFO Channel 01/0 : 1[1] -> 5[1] [receive] via NET/IBext_v8/1/GDRDMA
pytorch-benchmark-opt-1:110:160 [2] NCCL INFO Channel 02/0 : 6[2] -> 2[2] [send] via NET/IBext_v8/2/GDRDMA
pytorch-benchmark-opt-1:110:160 [2] NCCL INFO GPU Direct RDMA Enabled for GPU a6000 / HCA 2 (distance 4 <= 7), read 1
pytorch-benchmark-opt-1:109:163 [1] NCCL INFO GPU Direct RDMA Enabled for GPU 26000 / HCA 1 (distance 4 <= 7), read 0
pytorch-benchmark-opt-1:110:155 [2] NCCL INFO New proxy send connection 29 from local rank 2, transport 2
pytorch-benchmark-opt-1:109:157 [1] NCCL INFO New proxy recv connection 25 from local rank 1, transport 2
pytorch-benchmark-opt-1:110:160 [2] NCCL INFO Connected to proxy localRank 2 -> connection 0x7fd3a0005cd8
pytorch-benchmark-opt-1:109:163 [1] NCCL INFO Connected to proxy localRank 1 -> connection 0x7f83d0005af8
pytorch-benchmark-opt-1:110:155 [2] NCCL INFO NET/IB : GPU Direct RDMA (nvidia-peermem) enabled for HCA 2 'mlx5_10
pytorch-benchmark-opt-1:110:155 [2] NCCL INFO NET/IB : GPU Direct RDMA (DMABUF) enabled for HCA 2 'mlx5_10
pytorch-benchmark-opt-1:110:160 [2] NCCL INFO Channel 06/0 : 6[2] -> 2[2] [send] via NET/IBext_v8/2/GDRDMA
pytorch-benchmark-opt-1:110:160 [2] NCCL INFO GPU Direct RDMA Enabled for GPU a6000 / HCA 2 (distance 4 <= 7), read 1
pytorch-benchmark-opt-1:109:157 [1] NCCL INFO NET/IB : GPU Direct RDMA (nvidia-peermem) enabled for HCA 1 'mlx5_7
pytorch-benchmark-opt-1:109:157 [1] NCCL INFO NET/IB : GPU Direct RDMA (DMABUF) enabled for HCA 1 'mlx5_7
pytorch-benchmark-opt-1:110:155 [2] NCCL INFO New proxy send connection 30 from local rank 2, transport 2
pytorch-benchmark-opt-1:109:163 [1] NCCL INFO Channel 05/0 : 1[1] -> 5[1] [receive] via NET/IBext_v8/1/GDRDMA
pytorch-benchmark-opt-1:109:163 [1] NCCL INFO GPU Direct RDMA Enabled for GPU 26000 / HCA 1 (distance 4 <= 7), read 0
pytorch-benchmark-opt-1:110:160 [2] NCCL INFO Connected to proxy localRank 2 -> connection 0x7fd3a0005d50
pytorch-benchmark-opt-1:109:157 [1] NCCL INFO New proxy recv connection 26 from local rank 1, transport 2
pytorch-benchmark-opt-1:110:155 [2] NCCL INFO NET/IB : GPU Direct RDMA (nvidia-peermem) enabled for HCA 2 'mlx5_10
pytorch-benchmark-opt-1:110:155 [2] NCCL INFO NET/IB : GPU Direct RDMA (DMABUF) enabled for HCA 2 'mlx5_10
pytorch-benchmark-opt-1:110:160 [2] NCCL INFO Channel 10/0 : 6[2] -> 2[2] [send] via NET/IBext_v8/2/GDRDMA
pytorch-benchmark-opt-1:110:160 [2] NCCL INFO GPU Direct RDMA Enabled for GPU a6000 / HCA 2 (distance 4 <= 7), read 1
pytorch-benchmark-opt-1:109:163 [1] NCCL INFO Connected to proxy localRank 1 -> connection 0x7f83d0005b70
pytorch-benchmark-opt-1:110:155 [2] NCCL INFO New proxy send connection 31 from local rank 2, transport 2
pytorch-benchmark-opt-1:109:157 [1] NCCL INFO NET/IB : GPU Direct RDMA (nvidia-peermem) enabled for HCA 1 'mlx5_7
pytorch-benchmark-opt-1:109:157 [1] NCCL INFO NET/IB : GPU Direct RDMA (DMABUF) enabled for HCA 1 'mlx5_7
pytorch-benchmark-opt-1:110:160 [2] NCCL INFO Connected to proxy localRank 2 -> connection 0x7fd3a0005dc8
pytorch-benchmark-opt-1:109:163 [1] NCCL INFO Channel 09/0 : 1[1] -> 5[1] [receive] via NET/IBext_v8/1/GDRDMA
pytorch-benchmark-opt-1:109:163 [1] NCCL INFO GPU Direct RDMA Enabled for GPU 26000 / HCA 1 (distance 4 <= 7), read 0
pytorch-benchmark-opt-1:110:155 [2] NCCL INFO NET/IB : GPU Direct RDMA (nvidia-peermem) enabled for HCA 2 'mlx5_10
pytorch-benchmark-opt-1:110:155 [2] NCCL INFO NET/IB : GPU Direct RDMA (DMABUF) enabled for HCA 2 'mlx5_10
pytorch-benchmark-opt-1:110:160 [2] NCCL INFO Channel 14/0 : 6[2] -> 2[2] [send] via NET/IBext_v8/2/GDRDMA
pytorch-benchmark-opt-1:109:157 [1] NCCL INFO New proxy recv connection 27 from local rank 1, transport 2
pytorch-benchmark-opt-1:109:163 [1] NCCL INFO Connected to proxy localRank 1 -> connection 0x7f83d0005be8
pytorch-benchmark-opt-1:109:157 [1] NCCL INFO NET/IB : GPU Direct RDMA (nvidia-peermem) enabled for HCA 1 'mlx5_7
pytorch-benchmark-opt-1:109:157 [1] NCCL INFO NET/IB : GPU Direct RDMA (DMABUF) enabled for HCA 1 'mlx5_7
pytorch-benchmark-opt-1:109:163 [1] NCCL INFO Channel 13/0 : 1[1] -> 5[1] [receive] via NET/IBext_v8/1/GDRDMA
pytorch-benchmark-opt-1:109:163 [1] NCCL INFO GPU Direct RDMA Enabled for GPU 26000 / HCA 1 (distance 4 <= 7), read 1
pytorch-benchmark-opt-1:109:157 [1] NCCL INFO New proxy send connection 28 from local rank 1, transport 2
pytorch-benchmark-opt-1:109:163 [1] NCCL INFO Connected to proxy localRank 1 -> connection 0x7f83d0005c60
pytorch-benchmark-opt-1:109:157 [1] NCCL INFO NET/IB : GPU Direct RDMA (nvidia-peermem) enabled for HCA 1 'mlx5_7
pytorch-benchmark-opt-1:109:157 [1] NCCL INFO NET/IB : GPU Direct RDMA (DMABUF) enabled for HCA 1 'mlx5_7
pytorch-benchmark-opt-1:109:163 [1] NCCL INFO Channel 01/0 : 5[1] -> 1[1] [send] via NET/IBext_v8/1/GDRDMA
pytorch-benchmark-opt-1:109:163 [1] NCCL INFO GPU Direct RDMA Enabled for GPU 26000 / HCA 1 (distance 4 <= 7), read 1
pytorch-benchmark-opt-1:109:157 [1] NCCL INFO New proxy send connection 29 from local rank 1, transport 2
pytorch-benchmark-opt-1:109:163 [1] NCCL INFO Connected to proxy localRank 1 -> connection 0x7f83d0005cd8
pytorch-benchmark-opt-1:109:157 [1] NCCL INFO NET/IB : GPU Direct RDMA (nvidia-peermem) enabled for HCA 1 'mlx5_7
pytorch-benchmark-opt-1:109:157 [1] NCCL INFO NET/IB : GPU Direct RDMA (DMABUF) enabled for HCA 1 'mlx5_7
pytorch-benchmark-opt-1:109:163 [1] NCCL INFO Channel 05/0 : 5[1] -> 1[1] [send] via NET/IBext_v8/1/GDRDMA
pytorch-benchmark-opt-1:109:163 [1] NCCL INFO GPU Direct RDMA Enabled for GPU 26000 / HCA 1 (distance 4 <= 7), read 1
pytorch-benchmark-opt-1:110:160 [2] NCCL INFO Channel 02/0 : 6[2] -> 4[0] via P2P/CUMEM
pytorch-benchmark-opt-1:109:157 [1] NCCL INFO New proxy send connection 30 from local rank 1, transport 2
pytorch-benchmark-opt-1:109:163 [1] NCCL INFO Connected to proxy localRank 1 -> connection 0x7f83d0005d50
pytorch-benchmark-opt-1:110:155 [2] NCCL INFO New proxy send connection 32 from local rank 2, transport 0
pytorch-benchmark-opt-1:110:160 [2] NCCL INFO Connected to proxy localRank 2 -> connection 0x7fd3a0005e40
pytorch-benchmark-opt-1:109:157 [1] NCCL INFO NET/IB : GPU Direct RDMA (nvidia-peermem) enabled for HCA 1 'mlx5_7
pytorch-benchmark-opt-1:109:157 [1] NCCL INFO NET/IB : GPU Direct RDMA (DMABUF) enabled for HCA 1 'mlx5_7
pytorch-benchmark-opt-1:109:163 [1] NCCL INFO Channel 09/0 : 5[1] -> 1[1] [send] via NET/IBext_v8/1/GDRDMA
pytorch-benchmark-opt-1:109:163 [1] NCCL INFO GPU Direct RDMA Enabled for GPU 26000 / HCA 1 (distance 4 <= 7), read 1
pytorch-benchmark-opt-1:109:157 [1] NCCL INFO New proxy send connection 31 from local rank 1, transport 2
pytorch-benchmark-opt-1:109:163 [1] NCCL INFO Connected to proxy localRank 1 -> connection 0x7f83d0005dc8
pytorch-benchmark-opt-1:109:157 [1] NCCL INFO NET/IB : GPU Direct RDMA (nvidia-peermem) enabled for HCA 1 'mlx5_7
pytorch-benchmark-opt-1:109:157 [1] NCCL INFO NET/IB : GPU Direct RDMA (DMABUF) enabled for HCA 1 'mlx5_7
pytorch-benchmark-opt-1:109:163 [1] NCCL INFO Channel 13/0 : 5[1] -> 1[1] [send] via NET/IBext_v8/1/GDRDMA
pytorch-benchmark-opt-1:110:160 [2] NCCL INFO Channel 03/0 : 6[2] -> 4[0] via P2P/CUMEM
pytorch-benchmark-opt-1:110:155 [2] NCCL INFO New proxy send connection 33 from local rank 2, transport 0
pytorch-benchmark-opt-1:110:160 [2] NCCL INFO Connected to proxy localRank 2 -> connection 0x7fd3a0005eb8
pytorch-benchmark-opt-1:110:160 [2] NCCL INFO Channel 05/0 : 6[2] -> 4[0] via P2P/CUMEM
pytorch-benchmark-opt-1:109:157 [1] NCCL INFO New proxy recv connection 32 from local rank 1, transport 0
pytorch-benchmark-opt-1:110:155 [2] NCCL INFO New proxy send connection 34 from local rank 2, transport 0
pytorch-benchmark-opt-1:109:163 [1] NCCL INFO Connected to proxy localRank 1 -> connection 0x7f83d0005e40
pytorch-benchmark-opt-1:110:160 [2] NCCL INFO Connected to proxy localRank 2 -> connection 0x7fd3a0005f30
pytorch-benchmark-opt-1:110:160 [2] NCCL INFO Channel 06/0 : 6[2] -> 4[0] via P2P/CUMEM
pytorch-benchmark-opt-1:110:155 [2] NCCL INFO New proxy send connection 35 from local rank 2, transport 0
pytorch-benchmark-opt-1:110:160 [2] NCCL INFO Connected to proxy localRank 2 -> connection 0x7fd3a0005fa8
pytorch-benchmark-opt-1:109:157 [1] NCCL INFO New proxy recv connection 33 from local rank 1, transport 0
pytorch-benchmark-opt-1:109:163 [1] NCCL INFO Connected to proxy localRank 1 -> connection 0x7f83d0005eb8
pytorch-benchmark-opt-1:110:160 [2] NCCL INFO Channel 10/0 : 6[2] -> 4[0] via P2P/CUMEM
pytorch-benchmark-opt-1:110:155 [2] NCCL INFO New proxy send connection 36 from local rank 2, transport 0
pytorch-benchmark-opt-1:110:160 [2] NCCL INFO Connected to proxy localRank 2 -> connection 0x7fd3a0006020
pytorch-benchmark-opt-1:109:157 [1] NCCL INFO New proxy recv connection 34 from local rank 1, transport 0
pytorch-benchmark-opt-1:109:163 [1] NCCL INFO Connected to proxy localRank 1 -> connection 0x7f83d0005f30
pytorch-benchmark-opt-1:110:160 [2] NCCL INFO Channel 11/0 : 6[2] -> 4[0] via P2P/CUMEM
pytorch-benchmark-opt-1:110:155 [2] NCCL INFO New proxy send connection 37 from local rank 2, transport 0
pytorch-benchmark-opt-1:110:160 [2] NCCL INFO Connected to proxy localRank 2 -> connection 0x7fd3a0006098
pytorch-benchmark-opt-1:109:157 [1] NCCL INFO New proxy recv connection 35 from local rank 1, transport 0
pytorch-benchmark-opt-1:109:163 [1] NCCL INFO Connected to proxy localRank 1 -> connection 0x7f83d0005fa8
pytorch-benchmark-opt-1:110:160 [2] NCCL INFO Channel 13/0 : 6[2] -> 4[0] via P2P/CUMEM
pytorch-benchmark-opt-1:110:155 [2] NCCL INFO New proxy send connection 38 from local rank 2, transport 0
pytorch-benchmark-opt-1:110:160 [2] NCCL INFO Connected to proxy localRank 2 -> connection 0x7fd3a0006110
pytorch-benchmark-opt-1:108:152 [0] NCCL INFO New proxy recv connection 24 from local rank 0, transport 2
pytorch-benchmark-opt-1:111:154 [3] NCCL INFO New proxy recv connection 24 from local rank 3, transport 2
pytorch-benchmark-opt-1:109:157 [1] NCCL INFO New proxy recv connection 36 from local rank 1, transport 0
pytorch-benchmark-opt-1:109:163 [1] NCCL INFO Connected to proxy localRank 1 -> connection 0x7f83d0006020
pytorch-benchmark-opt-1:111:161 [3] NCCL INFO Connected to proxy localRank 3 -> connection 0x7f2e78005a80
pytorch-benchmark-opt-1:110:160 [2] NCCL INFO Channel 14/0 : 6[2] -> 4[0] via P2P/CUMEM
pytorch-benchmark-opt-1:108:162 [0] NCCL INFO Connected to proxy localRank 0 -> connection 0x7f50b4005a80
pytorch-benchmark-opt-1:108:167 [0] NCCL INFO [Proxy Progress] Device 0 CPU core 39
pytorch-benchmark-opt-1:110:155 [2] NCCL INFO New proxy send connection 39 from local rank 2, transport 0
pytorch-benchmark-opt-1:111:154 [3] NCCL INFO NET/IB : GPU Direct RDMA (nvidia-peermem) enabled for HCA 3 'mlx5_11
pytorch-benchmark-opt-1:111:154 [3] NCCL INFO NET/IB : GPU Direct RDMA (DMABUF) enabled for HCA 3 'mlx5_11
pytorch-benchmark-opt-1:110:160 [2] NCCL INFO Connected to proxy localRank 2 -> connection 0x7fd3a0006188
pytorch-benchmark-opt-1:108:152 [0] NCCL INFO NET/IB : GPU Direct RDMA (nvidia-peermem) enabled for HCA 0 'mlx5_6
pytorch-benchmark-opt-1:108:152 [0] NCCL INFO NET/IB : GPU Direct RDMA (DMABUF) enabled for HCA 0 'mlx5_6
pytorch-benchmark-opt-1:111:166 [3] NCCL INFO [Proxy Progress] Device 3 CPU core 65
pytorch-benchmark-opt-1:108:162 [0] NCCL INFO Channel 00/0 : 0[0] -> 4[0] [receive] via NET/IBext_v8/0/GDRDMA
pytorch-benchmark-opt-1:111:161 [3] NCCL INFO Channel 03/0 : 3[3] -> 7[3] [receive] via NET/IBext_v8/3/GDRDMA
pytorch-benchmark-opt-1:108:162 [0] NCCL INFO GPU Direct RDMA Enabled for GPU 6000 / HCA 0 (distance 4 <= 7), read 0
pytorch-benchmark-opt-1:111:161 [3] NCCL INFO GPU Direct RDMA Enabled for GPU c6000 / HCA 3 (distance 4 <= 7), read 0
pytorch-benchmark-opt-1:109:157 [1] NCCL INFO New proxy recv connection 37 from local rank 1, transport 0
pytorch-benchmark-opt-1:108:152 [0] NCCL INFO New proxy recv connection 25 from local rank 0, transport 2
pytorch-benchmark-opt-1:111:154 [3] NCCL INFO New proxy recv connection 25 from local rank 3, transport 2
pytorch-benchmark-opt-1:109:163 [1] NCCL INFO Connected to proxy localRank 1 -> connection 0x7f83d0006098
pytorch-benchmark-opt-1:108:162 [0] NCCL INFO Connected to proxy localRank 0 -> connection 0x7f50b4005af8
pytorch-benchmark-opt-1:111:161 [3] NCCL INFO Connected to proxy localRank 3 -> connection 0x7f2e78005af8
pytorch-benchmark-opt-1:108:152 [0] NCCL INFO NET/IB : GPU Direct RDMA (nvidia-peermem) enabled for HCA 0 'mlx5_6
pytorch-benchmark-opt-1:108:152 [0] NCCL INFO NET/IB : GPU Direct RDMA (DMABUF) enabled for HCA 0 'mlx5_6
pytorch-benchmark-opt-1:111:154 [3] NCCL INFO NET/IB : GPU Direct RDMA (nvidia-peermem) enabled for HCA 3 'mlx5_11
pytorch-benchmark-opt-1:111:154 [3] NCCL INFO NET/IB : GPU Direct RDMA (DMABUF) enabled for HCA 3 'mlx5_11
pytorch-benchmark-opt-1:108:162 [0] NCCL INFO Channel 04/0 : 0[0] -> 4[0] [receive] via NET/IBext_v8/0/GDRDMA
pytorch-benchmark-opt-1:108:162 [0] NCCL INFO GPU Direct RDMA Enabled for GPU 6000 / HCA 0 (distance 4 <= 7), read 0
pytorch-benchmark-opt-1:111:161 [3] NCCL INFO Channel 07/0 : 3[3] -> 7[3] [receive] via NET/IBext_v8/3/GDRDMA
pytorch-benchmark-opt-1:111:161 [3] NCCL INFO GPU Direct RDMA Enabled for GPU c6000 / HCA 3 (distance 4 <= 7), read 0
pytorch-benchmark-opt-1:108:152 [0] NCCL INFO New proxy recv connection 26 from local rank 0, transport 2
pytorch-benchmark-opt-1:111:154 [3] NCCL INFO New proxy recv connection 26 from local rank 3, transport 2
pytorch-benchmark-opt-1:108:162 [0] NCCL INFO Connected to proxy localRank 0 -> connection 0x7f50b4005b70
pytorch-benchmark-opt-1:111:161 [3] NCCL INFO Connected to proxy localRank 3 -> connection 0x7f2e78005b70
pytorch-benchmark-opt-1:108:152 [0] NCCL INFO NET/IB : GPU Direct RDMA (nvidia-peermem) enabled for HCA 0 'mlx5_6
pytorch-benchmark-opt-1:108:152 [0] NCCL INFO NET/IB : GPU Direct RDMA (DMABUF) enabled for HCA 0 'mlx5_6
pytorch-benchmark-opt-1:111:154 [3] NCCL INFO NET/IB : GPU Direct RDMA (nvidia-peermem) enabled for HCA 3 'mlx5_11
pytorch-benchmark-opt-1:111:154 [3] NCCL INFO NET/IB : GPU Direct RDMA (DMABUF) enabled for HCA 3 'mlx5_11
pytorch-benchmark-opt-1:109:157 [1] NCCL INFO New proxy recv connection 38 from local rank 1, transport 0
pytorch-benchmark-opt-1:108:162 [0] NCCL INFO Channel 08/0 : 0[0] -> 4[0] [receive] via NET/IBext_v8/0/GDRDMA
pytorch-benchmark-opt-1:108:162 [0] NCCL INFO GPU Direct RDMA Enabled for GPU 6000 / HCA 0 (distance 4 <= 7), read 0
pytorch-benchmark-opt-1:111:161 [3] NCCL INFO Channel 11/0 : 3[3] -> 7[3] [receive] via NET/IBext_v8/3/GDRDMA
pytorch-benchmark-opt-1:111:161 [3] NCCL INFO GPU Direct RDMA Enabled for GPU c6000 / HCA 3 (distance 4 <= 7), read 0
pytorch-benchmark-opt-1:109:163 [1] NCCL INFO Connected to proxy localRank 1 -> connection 0x7f83d0006110
pytorch-benchmark-opt-1:108:152 [0] NCCL INFO New proxy recv connection 27 from local rank 0, transport 2
pytorch-benchmark-opt-1:111:154 [3] NCCL INFO New proxy recv connection 27 from local rank 3, transport 2
pytorch-benchmark-opt-1:108:162 [0] NCCL INFO Connected to proxy localRank 0 -> connection 0x7f50b4005be8
pytorch-benchmark-opt-1:111:161 [3] NCCL INFO Connected to proxy localRank 3 -> connection 0x7f2e78005be8
pytorch-benchmark-opt-1:108:152 [0] NCCL INFO NET/IB : GPU Direct RDMA (nvidia-peermem) enabled for HCA 0 'mlx5_6
pytorch-benchmark-opt-1:108:152 [0] NCCL INFO NET/IB : GPU Direct RDMA (DMABUF) enabled for HCA 0 'mlx5_6
pytorch-benchmark-opt-1:111:154 [3] NCCL INFO NET/IB : GPU Direct RDMA (nvidia-peermem) enabled for HCA 3 'mlx5_11
pytorch-benchmark-opt-1:111:154 [3] NCCL INFO NET/IB : GPU Direct RDMA (DMABUF) enabled for HCA 3 'mlx5_11
pytorch-benchmark-opt-1:108:162 [0] NCCL INFO Channel 12/0 : 0[0] -> 4[0] [receive] via NET/IBext_v8/0/GDRDMA
pytorch-benchmark-opt-1:108:162 [0] NCCL INFO GPU Direct RDMA Enabled for GPU 6000 / HCA 0 (distance 4 <= 7), read 1
pytorch-benchmark-opt-1:111:161 [3] NCCL INFO Channel 15/0 : 3[3] -> 7[3] [receive] via NET/IBext_v8/3/GDRDMA
pytorch-benchmark-opt-1:111:161 [3] NCCL INFO GPU Direct RDMA Enabled for GPU c6000 / HCA 3 (distance 4 <= 7), read 1
pytorch-benchmark-opt-1:108:152 [0] NCCL INFO New proxy send connection 28 from local rank 0, transport 2
pytorch-benchmark-opt-1:111:154 [3] NCCL INFO New proxy send connection 28 from local rank 3, transport 2
pytorch-benchmark-opt-1:108:162 [0] NCCL INFO Connected to proxy localRank 0 -> connection 0x7f50b4005c60
pytorch-benchmark-opt-1:111:161 [3] NCCL INFO Connected to proxy localRank 3 -> connection 0x7f2e78005c60
pytorch-benchmark-opt-1:108:152 [0] NCCL INFO NET/IB : GPU Direct RDMA (nvidia-peermem) enabled for HCA 0 'mlx5_6
pytorch-benchmark-opt-1:109:157 [1] NCCL INFO New proxy recv connection 39 from local rank 1, transport 0
pytorch-benchmark-opt-1:108:152 [0] NCCL INFO NET/IB : GPU Direct RDMA (DMABUF) enabled for HCA 0 'mlx5_6
pytorch-benchmark-opt-1:108:162 [0] NCCL INFO Channel 00/0 : 4[0] -> 0[0] [send] via NET/IBext_v8/0/GDRDMA
pytorch-benchmark-opt-1:108:162 [0] NCCL INFO GPU Direct RDMA Enabled for GPU 6000 / HCA 0 (distance 4 <= 7), read 1
pytorch-benchmark-opt-1:111:154 [3] NCCL INFO NET/IB : GPU Direct RDMA (nvidia-peermem) enabled for HCA 3 'mlx5_11
pytorch-benchmark-opt-1:109:163 [1] NCCL INFO Connected to proxy localRank 1 -> connection 0x7f83d0006188
pytorch-benchmark-opt-1:111:154 [3] NCCL INFO NET/IB : GPU Direct RDMA (DMABUF) enabled for HCA 3 'mlx5_11
pytorch-benchmark-opt-1:111:161 [3] NCCL INFO Channel 03/0 : 7[3] -> 3[3] [send] via NET/IBext_v8/3/GDRDMA
pytorch-benchmark-opt-1:111:161 [3] NCCL INFO GPU Direct RDMA Enabled for GPU c6000 / HCA 3 (distance 4 <= 7), read 1
pytorch-benchmark-opt-1:108:152 [0] NCCL INFO New proxy send connection 29 from local rank 0, transport 2
pytorch-benchmark-opt-1:108:162 [0] NCCL INFO Connected to proxy localRank 0 -> connection 0x7f50b4005cd8
pytorch-benchmark-opt-1:111:154 [3] NCCL INFO New proxy send connection 29 from local rank 3, transport 2
pytorch-benchmark-opt-1:111:161 [3] NCCL INFO Connected to proxy localRank 3 -> connection 0x7f2e78005cd8
pytorch-benchmark-opt-1:108:152 [0] NCCL INFO NET/IB : GPU Direct RDMA (nvidia-peermem) enabled for HCA 0 'mlx5_6
pytorch-benchmark-opt-1:108:152 [0] NCCL INFO NET/IB : GPU Direct RDMA (DMABUF) enabled for HCA 0 'mlx5_6
pytorch-benchmark-opt-1:108:162 [0] NCCL INFO Channel 04/0 : 4[0] -> 0[0] [send] via NET/IBext_v8/0/GDRDMA
pytorch-benchmark-opt-1:108:162 [0] NCCL INFO GPU Direct RDMA Enabled for GPU 6000 / HCA 0 (distance 4 <= 7), read 1
pytorch-benchmark-opt-1:111:154 [3] NCCL INFO NET/IB : GPU Direct RDMA (nvidia-peermem) enabled for HCA 3 'mlx5_11
pytorch-benchmark-opt-1:111:154 [3] NCCL INFO NET/IB : GPU Direct RDMA (DMABUF) enabled for HCA 3 'mlx5_11
pytorch-benchmark-opt-1:111:161 [3] NCCL INFO Channel 07/0 : 7[3] -> 3[3] [send] via NET/IBext_v8/3/GDRDMA
pytorch-benchmark-opt-1:111:161 [3] NCCL INFO GPU Direct RDMA Enabled for GPU c6000 / HCA 3 (distance 4 <= 7), read 1
pytorch-benchmark-opt-1:108:152 [0] NCCL INFO New proxy send connection 30 from local rank 0, transport 2
pytorch-benchmark-opt-1:108:162 [0] NCCL INFO Connected to proxy localRank 0 -> connection 0x7f50b4005d50
pytorch-benchmark-opt-1:111:154 [3] NCCL INFO New proxy send connection 30 from local rank 3, transport 2
pytorch-benchmark-opt-1:111:161 [3] NCCL INFO Connected to proxy localRank 3 -> connection 0x7f2e78005d50
pytorch-benchmark-opt-1:108:152 [0] NCCL INFO NET/IB : GPU Direct RDMA (nvidia-peermem) enabled for HCA 0 'mlx5_6
pytorch-benchmark-opt-1:108:152 [0] NCCL INFO NET/IB : GPU Direct RDMA (DMABUF) enabled for HCA 0 'mlx5_6
pytorch-benchmark-opt-1:108:162 [0] NCCL INFO Channel 08/0 : 4[0] -> 0[0] [send] via NET/IBext_v8/0/GDRDMA
pytorch-benchmark-opt-1:108:162 [0] NCCL INFO GPU Direct RDMA Enabled for GPU 6000 / HCA 0 (distance 4 <= 7), read 1
pytorch-benchmark-opt-1:111:154 [3] NCCL INFO NET/IB : GPU Direct RDMA (nvidia-peermem) enabled for HCA 3 'mlx5_11
pytorch-benchmark-opt-1:111:154 [3] NCCL INFO NET/IB : GPU Direct RDMA (DMABUF) enabled for HCA 3 'mlx5_11
pytorch-benchmark-opt-1:111:161 [3] NCCL INFO Channel 11/0 : 7[3] -> 3[3] [send] via NET/IBext_v8/3/GDRDMA
pytorch-benchmark-opt-1:111:161 [3] NCCL INFO GPU Direct RDMA Enabled for GPU c6000 / HCA 3 (distance 4 <= 7), read 1
pytorch-benchmark-opt-1:108:152 [0] NCCL INFO New proxy send connection 31 from local rank 0, transport 2
pytorch-benchmark-opt-1:108:162 [0] NCCL INFO Connected to proxy localRank 0 -> connection 0x7f50b4005dc8
pytorch-benchmark-opt-1:111:154 [3] NCCL INFO New proxy send connection 31 from local rank 3, transport 2
pytorch-benchmark-opt-1:111:161 [3] NCCL INFO Connected to proxy localRank 3 -> connection 0x7f2e78005dc8
pytorch-benchmark-opt-1:108:152 [0] NCCL INFO NET/IB : GPU Direct RDMA (nvidia-peermem) enabled for HCA 0 'mlx5_6
pytorch-benchmark-opt-1:108:152 [0] NCCL INFO NET/IB : GPU Direct RDMA (DMABUF) enabled for HCA 0 'mlx5_6
pytorch-benchmark-opt-1:108:162 [0] NCCL INFO Channel 12/0 : 4[0] -> 0[0] [send] via NET/IBext_v8/0/GDRDMA
pytorch-benchmark-opt-1:111:154 [3] NCCL INFO NET/IB : GPU Direct RDMA (nvidia-peermem) enabled for HCA 3 'mlx5_11
pytorch-benchmark-opt-1:111:154 [3] NCCL INFO NET/IB : GPU Direct RDMA (DMABUF) enabled for HCA 3 'mlx5_11
pytorch-benchmark-opt-1:111:161 [3] NCCL INFO Channel 15/0 : 7[3] -> 3[3] [send] via NET/IBext_v8/3/GDRDMA
pytorch-benchmark-opt-1:108:152 [0] NCCL INFO New proxy recv connection 32 from local rank 0, transport 0
pytorch-benchmark-opt-1:108:162 [0] NCCL INFO Connected to proxy localRank 0 -> connection 0x7f50b4005e40
pytorch-benchmark-opt-1:111:161 [3] NCCL INFO Channel 01/0 : 7[3] -> 4[0] via P2P/CUMEM
pytorch-benchmark-opt-1:111:154 [3] NCCL INFO New proxy send connection 32 from local rank 3, transport 0
pytorch-benchmark-opt-1:111:161 [3] NCCL INFO Connected to proxy localRank 3 -> connection 0x7f2e78005e40
pytorch-benchmark-opt-1:108:152 [0] NCCL INFO New proxy recv connection 33 from local rank 0, transport 0
pytorch-benchmark-opt-1:108:162 [0] NCCL INFO Connected to proxy localRank 0 -> connection 0x7f50b4005eb8
pytorch-benchmark-opt-1:108:152 [0] NCCL INFO New proxy recv connection 34 from local rank 0, transport 0
pytorch-benchmark-opt-1:111:161 [3] NCCL INFO Channel 04/0 : 7[3] -> 4[0] via P2P/CUMEM
pytorch-benchmark-opt-1:108:162 [0] NCCL INFO Connected to proxy localRank 0 -> connection 0x7f50b4005f30
pytorch-benchmark-opt-1:111:154 [3] NCCL INFO New proxy send connection 33 from local rank 3, transport 0
pytorch-benchmark-opt-1:111:161 [3] NCCL INFO Connected to proxy localRank 3 -> connection 0x7f2e78005eb8
pytorch-benchmark-opt-1:108:152 [0] NCCL INFO New proxy recv connection 35 from local rank 0, transport 0
pytorch-benchmark-opt-1:111:161 [3] NCCL INFO Channel 05/0 : 7[3] -> 4[0] via P2P/CUMEM
pytorch-benchmark-opt-1:108:162 [0] NCCL INFO Connected to proxy localRank 0 -> connection 0x7f50b4005fa8
pytorch-benchmark-opt-1:111:154 [3] NCCL INFO New proxy send connection 34 from local rank 3, transport 0
pytorch-benchmark-opt-1:111:161 [3] NCCL INFO Connected to proxy localRank 3 -> connection 0x7f2e78005f30
pytorch-benchmark-opt-1:108:152 [0] NCCL INFO New proxy recv connection 36 from local rank 0, transport 0
pytorch-benchmark-opt-1:111:161 [3] NCCL INFO Channel 06/0 : 7[3] -> 4[0] via P2P/CUMEM
pytorch-benchmark-opt-1:108:162 [0] NCCL INFO Connected to proxy localRank 0 -> connection 0x7f50b4006020
pytorch-benchmark-opt-1:111:154 [3] NCCL INFO New proxy send connection 35 from local rank 3, transport 0
pytorch-benchmark-opt-1:111:161 [3] NCCL INFO Connected to proxy localRank 3 -> connection 0x7f2e78005fa8
pytorch-benchmark-opt-1:108:152 [0] NCCL INFO New proxy recv connection 37 from local rank 0, transport 0
pytorch-benchmark-opt-1:111:161 [3] NCCL INFO Channel 09/0 : 7[3] -> 4[0] via P2P/CUMEM
pytorch-benchmark-opt-1:108:162 [0] NCCL INFO Connected to proxy localRank 0 -> connection 0x7f50b4006098
pytorch-benchmark-opt-1:111:154 [3] NCCL INFO New proxy send connection 36 from local rank 3, transport 0
pytorch-benchmark-opt-1:111:161 [3] NCCL INFO Connected to proxy localRank 3 -> connection 0x7f2e78006020
pytorch-benchmark-opt-1:108:152 [0] NCCL INFO New proxy recv connection 38 from local rank 0, transport 0
pytorch-benchmark-opt-1:111:161 [3] NCCL INFO Channel 12/0 : 7[3] -> 4[0] via P2P/CUMEM
pytorch-benchmark-opt-1:108:162 [0] NCCL INFO Connected to proxy localRank 0 -> connection 0x7f50b4006110
pytorch-benchmark-opt-1:111:154 [3] NCCL INFO New proxy send connection 37 from local rank 3, transport 0
pytorch-benchmark-opt-1:111:161 [3] NCCL INFO Connected to proxy localRank 3 -> connection 0x7f2e78006098
pytorch-benchmark-opt-1:108:152 [0] NCCL INFO New proxy recv connection 39 from local rank 0, transport 0
pytorch-benchmark-opt-1:111:161 [3] NCCL INFO Channel 13/0 : 7[3] -> 4[0] via P2P/CUMEM
pytorch-benchmark-opt-1:108:162 [0] NCCL INFO Connected to proxy localRank 0 -> connection 0x7f50b4006188
pytorch-benchmark-opt-1:111:154 [3] NCCL INFO New proxy send connection 38 from local rank 3, transport 0
pytorch-benchmark-opt-1:111:161 [3] NCCL INFO Connected to proxy localRank 3 -> connection 0x7f2e78006110
pytorch-benchmark-opt-1:111:161 [3] NCCL INFO Channel 14/0 : 7[3] -> 4[0] via P2P/CUMEM
pytorch-benchmark-opt-1:111:154 [3] NCCL INFO New proxy send connection 39 from local rank 3, transport 0
pytorch-benchmark-opt-1:111:161 [3] NCCL INFO Connected to proxy localRank 3 -> connection 0x7f2e78006188
pytorch-benchmark-opt-1:111:161 [3] NCCL INFO Channel 02/0 : 7[3] -> 5[1] via P2P/CUMEM
pytorch-benchmark-opt-1:108:152 [0] NCCL INFO New proxy recv connection 40 from local rank 0, transport 0
pytorch-benchmark-opt-1:108:162 [0] NCCL INFO Connected to proxy localRank 0 -> connection 0x7f50b4006200
pytorch-benchmark-opt-1:111:154 [3] NCCL INFO New proxy send connection 40 from local rank 3, transport 0
pytorch-benchmark-opt-1:111:161 [3] NCCL INFO Connected to proxy localRank 3 -> connection 0x7f2e78006200
pytorch-benchmark-opt-1:111:161 [3] NCCL INFO Channel 03/0 : 7[3] -> 5[1] via P2P/CUMEM
pytorch-benchmark-opt-1:111:154 [3] NCCL INFO New proxy send connection 41 from local rank 3, transport 0
pytorch-benchmark-opt-1:111:161 [3] NCCL INFO Connected to proxy localRank 3 -> connection 0x7f2e78006278
pytorch-benchmark-opt-1:108:152 [0] NCCL INFO New proxy recv connection 41 from local rank 0, transport 0
pytorch-benchmark-opt-1:108:162 [0] NCCL INFO Connected to proxy localRank 0 -> connection 0x7f50b4006278
pytorch-benchmark-opt-1:111:161 [3] NCCL INFO Channel 05/0 : 7[3] -> 5[1] via P2P/CUMEM
pytorch-benchmark-opt-1:111:154 [3] NCCL INFO New proxy send connection 42 from local rank 3, transport 0
pytorch-benchmark-opt-1:108:152 [0] NCCL INFO New proxy recv connection 42 from local rank 0, transport 0
pytorch-benchmark-opt-1:111:161 [3] NCCL INFO Connected to proxy localRank 3 -> connection 0x7f2e780062f0
pytorch-benchmark-opt-1:108:162 [0] NCCL INFO Connected to proxy localRank 0 -> connection 0x7f50b40062f0
pytorch-benchmark-opt-1:111:161 [3] NCCL INFO Channel 06/0 : 7[3] -> 5[1] via P2P/CUMEM
pytorch-benchmark-opt-1:108:152 [0] NCCL INFO New proxy recv connection 43 from local rank 0, transport 0
pytorch-benchmark-opt-1:108:162 [0] NCCL INFO Connected to proxy localRank 0 -> connection 0x7f50b4006368
pytorch-benchmark-opt-1:111:154 [3] NCCL INFO New proxy send connection 43 from local rank 3, transport 0
pytorch-benchmark-opt-1:111:161 [3] NCCL INFO Connected to proxy localRank 3 -> connection 0x7f2e78006368
pytorch-benchmark-opt-1:111:161 [3] NCCL INFO Channel 10/0 : 7[3] -> 5[1] via P2P/CUMEM
pytorch-benchmark-opt-1:111:154 [3] NCCL INFO New proxy send connection 44 from local rank 3, transport 0
pytorch-benchmark-opt-1:108:152 [0] NCCL INFO New proxy recv connection 44 from local rank 0, transport 0
pytorch-benchmark-opt-1:111:161 [3] NCCL INFO Connected to proxy localRank 3 -> connection 0x7f2e780063e0
pytorch-benchmark-opt-1:108:162 [0] NCCL INFO Connected to proxy localRank 0 -> connection 0x7f50b40063e0
pytorch-benchmark-opt-1:111:161 [3] NCCL INFO Channel 11/0 : 7[3] -> 5[1] via P2P/CUMEM
pytorch-benchmark-opt-1:108:152 [0] NCCL INFO New proxy recv connection 45 from local rank 0, transport 0
pytorch-benchmark-opt-1:108:162 [0] NCCL INFO Connected to proxy localRank 0 -> connection 0x7f50b4006458
pytorch-benchmark-opt-1:111:154 [3] NCCL INFO New proxy send connection 45 from local rank 3, transport 0
pytorch-benchmark-opt-1:111:161 [3] NCCL INFO Connected to proxy localRank 3 -> connection 0x7f2e78006458
pytorch-benchmark-opt-1:108:152 [0] NCCL INFO New proxy recv connection 46 from local rank 0, transport 0
pytorch-benchmark-opt-1:111:161 [3] NCCL INFO Channel 13/0 : 7[3] -> 5[1] via P2P/CUMEM
pytorch-benchmark-opt-1:108:162 [0] NCCL INFO Connected to proxy localRank 0 -> connection 0x7f50b40064d0
pytorch-benchmark-opt-1:111:154 [3] NCCL INFO New proxy send connection 46 from local rank 3, transport 0
pytorch-benchmark-opt-1:111:161 [3] NCCL INFO Connected to proxy localRank 3 -> connection 0x7f2e780064d0
pytorch-benchmark-opt-1:108:152 [0] NCCL INFO New proxy recv connection 47 from local rank 0, transport 0
pytorch-benchmark-opt-1:111:161 [3] NCCL INFO Channel 14/0 : 7[3] -> 5[1] via P2P/CUMEM
pytorch-benchmark-opt-1:108:162 [0] NCCL INFO Connected to proxy localRank 0 -> connection 0x7f50b4006548
pytorch-benchmark-opt-1:111:154 [3] NCCL INFO New proxy send connection 47 from local rank 3, transport 0
pytorch-benchmark-opt-1:111:161 [3] NCCL INFO Connected to proxy localRank 3 -> connection 0x7f2e78006548
pytorch-benchmark-opt-1:111:161 [3] NCCL INFO Channel 00/0 : 7[3] -> 6[2] via P2P/CUMEM
pytorch-benchmark-opt-1:111:154 [3] NCCL INFO New proxy send connection 48 from local rank 3, transport 0
pytorch-benchmark-opt-1:108:152 [0] NCCL INFO New proxy recv connection 48 from local rank 0, transport 0
pytorch-benchmark-opt-1:109:157 [1] NCCL INFO New proxy recv connection 40 from local rank 1, transport 0
pytorch-benchmark-opt-1:111:161 [3] NCCL INFO Connected to proxy localRank 3 -> connection 0x7f2e780065c0
pytorch-benchmark-opt-1:108:162 [0] NCCL INFO Connected to proxy localRank 0 -> connection 0x7f50b40065c0
pytorch-benchmark-opt-1:109:163 [1] NCCL INFO Connected to proxy localRank 1 -> connection 0x7f83d0006200
pytorch-benchmark-opt-1:110:155 [2] NCCL INFO New proxy recv connection 40 from local rank 2, transport 0
pytorch-benchmark-opt-1:110:160 [2] NCCL INFO Connected to proxy localRank 2 -> connection 0x7fd3a0006200
pytorch-benchmark-opt-1:111:161 [3] NCCL INFO Channel 01/0 : 7[3] -> 6[2] via P2P/CUMEM
pytorch-benchmark-opt-1:111:154 [3] NCCL INFO New proxy send connection 49 from local rank 3, transport 0
pytorch-benchmark-opt-1:111:161 [3] NCCL INFO Connected to proxy localRank 3 -> connection 0x7f2e78006638
pytorch-benchmark-opt-1:108:152 [0] NCCL INFO New proxy recv connection 49 from local rank 0, transport 0
pytorch-benchmark-opt-1:108:162 [0] NCCL INFO Connected to proxy localRank 0 -> connection 0x7f50b4006638
pytorch-benchmark-opt-1:109:157 [1] NCCL INFO New proxy recv connection 41 from local rank 1, transport 0
pytorch-benchmark-opt-1:110:155 [2] NCCL INFO New proxy recv connection 41 from local rank 2, transport 0
pytorch-benchmark-opt-1:109:163 [1] NCCL INFO Connected to proxy localRank 1 -> connection 0x7f83d0006278
pytorch-benchmark-opt-1:110:160 [2] NCCL INFO Connected to proxy localRank 2 -> connection 0x7fd3a0006278
pytorch-benchmark-opt-1:111:161 [3] NCCL INFO Channel 04/0 : 7[3] -> 6[2] via P2P/CUMEM
pytorch-benchmark-opt-1:111:154 [3] NCCL INFO New proxy send connection 50 from local rank 3, transport 0
pytorch-benchmark-opt-1:111:161 [3] NCCL INFO Connected to proxy localRank 3 -> connection 0x7f2e780066b0
pytorch-benchmark-opt-1:108:152 [0] NCCL INFO New proxy recv connection 50 from local rank 0, transport 0
pytorch-benchmark-opt-1:108:162 [0] NCCL INFO Connected to proxy localRank 0 -> connection 0x7f50b40066b0
pytorch-benchmark-opt-1:110:155 [2] NCCL INFO New proxy recv connection 42 from local rank 2, transport 0
pytorch-benchmark-opt-1:110:160 [2] NCCL INFO Connected to proxy localRank 2 -> connection 0x7fd3a00062f0
pytorch-benchmark-opt-1:111:161 [3] NCCL INFO Channel 07/0 : 7[3] -> 6[2] via P2P/CUMEM
pytorch-benchmark-opt-1:109:157 [1] NCCL INFO New proxy recv connection 42 from local rank 1, transport 0
pytorch-benchmark-opt-1:109:163 [1] NCCL INFO Connected to proxy localRank 1 -> connection 0x7f83d00062f0
pytorch-benchmark-opt-1:111:154 [3] NCCL INFO New proxy send connection 51 from local rank 3, transport 0
pytorch-benchmark-opt-1:108:152 [0] NCCL INFO New proxy recv connection 51 from local rank 0, transport 0
pytorch-benchmark-opt-1:111:161 [3] NCCL INFO Connected to proxy localRank 3 -> connection 0x7f2e78006728
pytorch-benchmark-opt-1:108:162 [0] NCCL INFO Connected to proxy localRank 0 -> connection 0x7f50b4006728
pytorch-benchmark-opt-1:110:155 [2] NCCL INFO New proxy recv connection 43 from local rank 2, transport 0
pytorch-benchmark-opt-1:110:160 [2] NCCL INFO Connected to proxy localRank 2 -> connection 0x7fd3a0006368
pytorch-benchmark-opt-1:111:161 [3] NCCL INFO Channel 08/0 : 7[3] -> 6[2] via P2P/CUMEM
pytorch-benchmark-opt-1:109:157 [1] NCCL INFO New proxy recv connection 43 from local rank 1, transport 0
pytorch-benchmark-opt-1:109:163 [1] NCCL INFO Connected to proxy localRank 1 -> connection 0x7f83d0006368
