pytorch-benchmark-opt-0:108:163 [1] NCCL INFO Connected to proxy localRank 1 -> connection 0x7fbd30005558
pytorch-benchmark-opt-0:109:161 [2] NCCL INFO Channel 12/0 : 2[2] -> 3[3] via P2P/CUMEM
pytorch-benchmark-opt-0:109:157 [2] NCCL INFO New proxy send connection 14 from local rank 2, transport 0
pytorch-benchmark-opt-0:109:161 [2] NCCL INFO Connected to proxy localRank 2 -> connection 0x7f4c980055d0
pytorch-benchmark-opt-0:108:163 [1] NCCL INFO Channel 12/0 : 1[1] -> 2[2] via P2P/CUMEM
pytorch-benchmark-opt-0:108:155 [1] NCCL INFO New proxy send connection 14 from local rank 1, transport 0
pytorch-benchmark-opt-0:108:163 [1] NCCL INFO Connected to proxy localRank 1 -> connection 0x7fbd300055d0
pytorch-benchmark-opt-0:109:161 [2] NCCL INFO Channel 15/0 : 2[2] -> 3[3] via P2P/CUMEM
pytorch-benchmark-opt-0:109:157 [2] NCCL INFO New proxy send connection 15 from local rank 2, transport 0
pytorch-benchmark-opt-0:109:161 [2] NCCL INFO Connected to proxy localRank 2 -> connection 0x7f4c98005648
pytorch-benchmark-opt-0:108:163 [1] NCCL INFO Channel 15/0 : 1[1] -> 2[2] via P2P/CUMEM
pytorch-benchmark-opt-0:108:155 [1] NCCL INFO New proxy send connection 15 from local rank 1, transport 0
pytorch-benchmark-opt-0:108:163 [1] NCCL INFO Connected to proxy localRank 1 -> connection 0x7fbd30005648
pytorch-benchmark-opt-0:107:160 [0] NCCL INFO Channel 02/0 : 0[0] -> 2[2] via P2P/CUMEM
pytorch-benchmark-opt-0:110:152 [3] NCCL INFO New proxy recv connection 8 from local rank 3, transport 0
pytorch-benchmark-opt-0:110:162 [3] NCCL INFO Connected to proxy localRank 3 -> connection 0x7f0f4c005300
pytorch-benchmark-opt-0:107:154 [0] NCCL INFO New proxy send connection 8 from local rank 0, transport 0
pytorch-benchmark-opt-0:107:160 [0] NCCL INFO Connected to proxy localRank 0 -> connection 0x7f057c005300
pytorch-benchmark-opt-0:109:157 [2] NCCL INFO New proxy recv connection 16 from local rank 2, transport 0
pytorch-benchmark-opt-0:109:161 [2] NCCL INFO Connected to proxy localRank 2 -> connection 0x7f4c980056c0
pytorch-benchmark-opt-0:108:163 [1] NCCL INFO Channel 02/0 : 1[1] -> 3[3] via P2P/CUMEM
pytorch-benchmark-opt-0:108:155 [1] NCCL INFO New proxy send connection 16 from local rank 1, transport 0
pytorch-benchmark-opt-0:108:163 [1] NCCL INFO Connected to proxy localRank 1 -> connection 0x7fbd300056c0
pytorch-benchmark-opt-0:107:160 [0] NCCL INFO Channel 03/0 : 0[0] -> 2[2] via P2P/CUMEM
pytorch-benchmark-opt-0:110:152 [3] NCCL INFO New proxy recv connection 9 from local rank 3, transport 0
pytorch-benchmark-opt-0:110:162 [3] NCCL INFO Connected to proxy localRank 3 -> connection 0x7f0f4c005378
pytorch-benchmark-opt-0:107:154 [0] NCCL INFO New proxy send connection 9 from local rank 0, transport 0
pytorch-benchmark-opt-0:107:160 [0] NCCL INFO Connected to proxy localRank 0 -> connection 0x7f057c005378
pytorch-benchmark-opt-0:108:163 [1] NCCL INFO Channel 03/0 : 1[1] -> 3[3] via P2P/CUMEM
pytorch-benchmark-opt-0:109:157 [2] NCCL INFO New proxy recv connection 17 from local rank 2, transport 0
pytorch-benchmark-opt-0:108:155 [1] NCCL INFO New proxy send connection 17 from local rank 1, transport 0
pytorch-benchmark-opt-0:109:161 [2] NCCL INFO Connected to proxy localRank 2 -> connection 0x7f4c98005738
pytorch-benchmark-opt-0:108:163 [1] NCCL INFO Connected to proxy localRank 1 -> connection 0x7fbd30005738
pytorch-benchmark-opt-0:107:160 [0] NCCL INFO Channel 05/0 : 0[0] -> 2[2] via P2P/CUMEM
pytorch-benchmark-opt-0:107:154 [0] NCCL INFO New proxy send connection 10 from local rank 0, transport 0
pytorch-benchmark-opt-0:110:152 [3] NCCL INFO New proxy recv connection 10 from local rank 3, transport 0
pytorch-benchmark-opt-0:107:160 [0] NCCL INFO Connected to proxy localRank 0 -> connection 0x7f057c0053f0
pytorch-benchmark-opt-0:110:162 [3] NCCL INFO Connected to proxy localRank 3 -> connection 0x7f0f4c0053f0
pytorch-benchmark-opt-0:108:163 [1] NCCL INFO Channel 05/0 : 1[1] -> 3[3] via P2P/CUMEM
pytorch-benchmark-opt-0:109:157 [2] NCCL INFO New proxy recv connection 18 from local rank 2, transport 0
pytorch-benchmark-opt-0:109:161 [2] NCCL INFO Connected to proxy localRank 2 -> connection 0x7f4c980057b0
pytorch-benchmark-opt-0:108:155 [1] NCCL INFO New proxy send connection 18 from local rank 1, transport 0
pytorch-benchmark-opt-0:108:163 [1] NCCL INFO Connected to proxy localRank 1 -> connection 0x7fbd300057b0
pytorch-benchmark-opt-0:107:160 [0] NCCL INFO Channel 06/0 : 0[0] -> 2[2] via P2P/CUMEM
pytorch-benchmark-opt-0:107:154 [0] NCCL INFO New proxy send connection 11 from local rank 0, transport 0
pytorch-benchmark-opt-0:110:152 [3] NCCL INFO New proxy recv connection 11 from local rank 3, transport 0
pytorch-benchmark-opt-0:107:160 [0] NCCL INFO Connected to proxy localRank 0 -> connection 0x7f057c005468
pytorch-benchmark-opt-0:110:162 [3] NCCL INFO Connected to proxy localRank 3 -> connection 0x7f0f4c005468
pytorch-benchmark-opt-0:108:163 [1] NCCL INFO Channel 06/0 : 1[1] -> 3[3] via P2P/CUMEM
pytorch-benchmark-opt-0:109:157 [2] NCCL INFO New proxy recv connection 19 from local rank 2, transport 0
pytorch-benchmark-opt-0:109:161 [2] NCCL INFO Connected to proxy localRank 2 -> connection 0x7f4c98005828
pytorch-benchmark-opt-0:108:155 [1] NCCL INFO New proxy send connection 19 from local rank 1, transport 0
pytorch-benchmark-opt-0:108:163 [1] NCCL INFO Connected to proxy localRank 1 -> connection 0x7fbd30005828
pytorch-benchmark-opt-0:107:160 [0] NCCL INFO Channel 10/0 : 0[0] -> 2[2] via P2P/CUMEM
pytorch-benchmark-opt-0:110:152 [3] NCCL INFO New proxy recv connection 12 from local rank 3, transport 0
pytorch-benchmark-opt-0:110:162 [3] NCCL INFO Connected to proxy localRank 3 -> connection 0x7f0f4c0054e0
pytorch-benchmark-opt-0:107:154 [0] NCCL INFO New proxy send connection 12 from local rank 0, transport 0
pytorch-benchmark-opt-0:107:160 [0] NCCL INFO Connected to proxy localRank 0 -> connection 0x7f057c0054e0
pytorch-benchmark-opt-0:108:163 [1] NCCL INFO Channel 10/0 : 1[1] -> 3[3] via P2P/CUMEM
pytorch-benchmark-opt-0:108:155 [1] NCCL INFO New proxy send connection 20 from local rank 1, transport 0
pytorch-benchmark-opt-0:108:163 [1] NCCL INFO Connected to proxy localRank 1 -> connection 0x7fbd300058a0
pytorch-benchmark-opt-0:109:157 [2] NCCL INFO New proxy recv connection 20 from local rank 2, transport 0
pytorch-benchmark-opt-0:109:161 [2] NCCL INFO Connected to proxy localRank 2 -> connection 0x7f4c980058a0
pytorch-benchmark-opt-0:107:160 [0] NCCL INFO Channel 11/0 : 0[0] -> 2[2] via P2P/CUMEM
pytorch-benchmark-opt-0:110:152 [3] NCCL INFO New proxy recv connection 13 from local rank 3, transport 0
pytorch-benchmark-opt-0:110:162 [3] NCCL INFO Connected to proxy localRank 3 -> connection 0x7f0f4c005558
pytorch-benchmark-opt-0:107:154 [0] NCCL INFO New proxy send connection 13 from local rank 0, transport 0
pytorch-benchmark-opt-0:107:160 [0] NCCL INFO Connected to proxy localRank 0 -> connection 0x7f057c005558
pytorch-benchmark-opt-0:108:163 [1] NCCL INFO Channel 11/0 : 1[1] -> 3[3] via P2P/CUMEM
pytorch-benchmark-opt-0:109:157 [2] NCCL INFO New proxy recv connection 21 from local rank 2, transport 0
pytorch-benchmark-opt-0:109:161 [2] NCCL INFO Connected to proxy localRank 2 -> connection 0x7f4c98005918
pytorch-benchmark-opt-0:108:155 [1] NCCL INFO New proxy send connection 21 from local rank 1, transport 0
pytorch-benchmark-opt-0:108:163 [1] NCCL INFO Connected to proxy localRank 1 -> connection 0x7fbd30005918
pytorch-benchmark-opt-0:107:160 [0] NCCL INFO Channel 13/0 : 0[0] -> 2[2] via P2P/CUMEM
pytorch-benchmark-opt-0:107:154 [0] NCCL INFO New proxy send connection 14 from local rank 0, transport 0
pytorch-benchmark-opt-0:107:160 [0] NCCL INFO Connected to proxy localRank 0 -> connection 0x7f057c0055d0
pytorch-benchmark-opt-0:110:152 [3] NCCL INFO New proxy recv connection 14 from local rank 3, transport 0
pytorch-benchmark-opt-0:110:162 [3] NCCL INFO Connected to proxy localRank 3 -> connection 0x7f0f4c0055d0
pytorch-benchmark-opt-0:108:163 [1] NCCL INFO Channel 13/0 : 1[1] -> 3[3] via P2P/CUMEM
pytorch-benchmark-opt-0:108:155 [1] NCCL INFO New proxy send connection 22 from local rank 1, transport 0
pytorch-benchmark-opt-0:109:157 [2] NCCL INFO New proxy recv connection 22 from local rank 2, transport 0
pytorch-benchmark-opt-0:108:163 [1] NCCL INFO Connected to proxy localRank 1 -> connection 0x7fbd30005990
pytorch-benchmark-opt-0:109:161 [2] NCCL INFO Connected to proxy localRank 2 -> connection 0x7f4c98005990
pytorch-benchmark-opt-0:107:160 [0] NCCL INFO Channel 14/0 : 0[0] -> 2[2] via P2P/CUMEM
pytorch-benchmark-opt-0:107:154 [0] NCCL INFO New proxy send connection 15 from local rank 0, transport 0
pytorch-benchmark-opt-0:110:152 [3] NCCL INFO New proxy recv connection 15 from local rank 3, transport 0
pytorch-benchmark-opt-0:107:160 [0] NCCL INFO Connected to proxy localRank 0 -> connection 0x7f057c005648
pytorch-benchmark-opt-0:110:162 [3] NCCL INFO Connected to proxy localRank 3 -> connection 0x7f0f4c005648
pytorch-benchmark-opt-0:108:163 [1] NCCL INFO Channel 14/0 : 1[1] -> 3[3] via P2P/CUMEM
pytorch-benchmark-opt-0:109:157 [2] NCCL INFO New proxy recv connection 23 from local rank 2, transport 0
pytorch-benchmark-opt-0:109:161 [2] NCCL INFO Connected to proxy localRank 2 -> connection 0x7f4c98005a08
pytorch-benchmark-opt-0:108:155 [1] NCCL INFO New proxy send connection 23 from local rank 1, transport 0
pytorch-benchmark-opt-0:108:163 [1] NCCL INFO Connected to proxy localRank 1 -> connection 0x7fbd30005a08
pytorch-benchmark-opt-0:107:160 [0] NCCL INFO Channel 01/0 : 0[0] -> 3[3] via P2P/CUMEM
pytorch-benchmark-opt-0:110:152 [3] NCCL INFO New proxy recv connection 16 from local rank 3, transport 0
pytorch-benchmark-opt-0:108:163 [1] NCCL INFO GPU Direct RDMA Enabled for GPU 26000 / HCA 1 (distance 4 <= 7), read 0
pytorch-benchmark-opt-0:110:162 [3] NCCL INFO Connected to proxy localRank 3 -> connection 0x7f0f4c0056c0
pytorch-benchmark-opt-0:107:154 [0] NCCL INFO New proxy send connection 16 from local rank 0, transport 0
pytorch-benchmark-opt-0:109:161 [2] NCCL INFO GPU Direct RDMA Enabled for GPU a6000 / HCA 2 (distance 4 <= 7), read 0
pytorch-benchmark-opt-0:107:160 [0] NCCL INFO Connected to proxy localRank 0 -> connection 0x7f057c0056c0
pytorch-benchmark-opt-0:107:160 [0] NCCL INFO Channel 04/0 : 0[0] -> 3[3] via P2P/CUMEM
pytorch-benchmark-opt-0:107:154 [0] NCCL INFO New proxy send connection 17 from local rank 0, transport 0
pytorch-benchmark-opt-0:110:152 [3] NCCL INFO New proxy recv connection 17 from local rank 3, transport 0
pytorch-benchmark-opt-0:107:160 [0] NCCL INFO Connected to proxy localRank 0 -> connection 0x7f057c005738
pytorch-benchmark-opt-0:110:162 [3] NCCL INFO Connected to proxy localRank 3 -> connection 0x7f0f4c005738
pytorch-benchmark-opt-0:107:160 [0] NCCL INFO Channel 05/0 : 0[0] -> 3[3] via P2P/CUMEM
pytorch-benchmark-opt-0:110:152 [3] NCCL INFO New proxy recv connection 18 from local rank 3, transport 0
pytorch-benchmark-opt-0:110:162 [3] NCCL INFO Connected to proxy localRank 3 -> connection 0x7f0f4c0057b0
pytorch-benchmark-opt-0:107:154 [0] NCCL INFO New proxy send connection 18 from local rank 0, transport 0
pytorch-benchmark-opt-0:107:160 [0] NCCL INFO Connected to proxy localRank 0 -> connection 0x7f057c0057b0
pytorch-benchmark-opt-0:107:160 [0] NCCL INFO Channel 06/0 : 0[0] -> 3[3] via P2P/CUMEM
pytorch-benchmark-opt-0:107:154 [0] NCCL INFO New proxy send connection 19 from local rank 0, transport 0
pytorch-benchmark-opt-0:107:160 [0] NCCL INFO Connected to proxy localRank 0 -> connection 0x7f057c005828
pytorch-benchmark-opt-0:110:152 [3] NCCL INFO New proxy recv connection 19 from local rank 3, transport 0
pytorch-benchmark-opt-0:110:162 [3] NCCL INFO Connected to proxy localRank 3 -> connection 0x7f0f4c005828
pytorch-benchmark-opt-0:107:160 [0] NCCL INFO Channel 09/0 : 0[0] -> 3[3] via P2P/CUMEM
pytorch-benchmark-opt-0:107:154 [0] NCCL INFO New proxy send connection 20 from local rank 0, transport 0
pytorch-benchmark-opt-0:107:160 [0] NCCL INFO Connected to proxy localRank 0 -> connection 0x7f057c0058a0
pytorch-benchmark-opt-0:110:152 [3] NCCL INFO New proxy recv connection 20 from local rank 3, transport 0
pytorch-benchmark-opt-0:110:162 [3] NCCL INFO Connected to proxy localRank 3 -> connection 0x7f0f4c0058a0
pytorch-benchmark-opt-0:107:160 [0] NCCL INFO Channel 12/0 : 0[0] -> 3[3] via P2P/CUMEM
pytorch-benchmark-opt-0:107:154 [0] NCCL INFO New proxy send connection 21 from local rank 0, transport 0
pytorch-benchmark-opt-0:107:160 [0] NCCL INFO Connected to proxy localRank 0 -> connection 0x7f057c005918
pytorch-benchmark-opt-0:110:152 [3] NCCL INFO New proxy recv connection 21 from local rank 3, transport 0
pytorch-benchmark-opt-0:110:162 [3] NCCL INFO Connected to proxy localRank 3 -> connection 0x7f0f4c005918
pytorch-benchmark-opt-0:107:160 [0] NCCL INFO Channel 13/0 : 0[0] -> 3[3] via P2P/CUMEM
pytorch-benchmark-opt-0:107:154 [0] NCCL INFO New proxy send connection 22 from local rank 0, transport 0
pytorch-benchmark-opt-0:107:160 [0] NCCL INFO Connected to proxy localRank 0 -> connection 0x7f057c005990
pytorch-benchmark-opt-0:110:152 [3] NCCL INFO New proxy recv connection 22 from local rank 3, transport 0
pytorch-benchmark-opt-0:110:162 [3] NCCL INFO Connected to proxy localRank 3 -> connection 0x7f0f4c005990
pytorch-benchmark-opt-0:107:160 [0] NCCL INFO Channel 14/0 : 0[0] -> 3[3] via P2P/CUMEM
pytorch-benchmark-opt-0:107:154 [0] NCCL INFO New proxy send connection 23 from local rank 0, transport 0
pytorch-benchmark-opt-0:107:160 [0] NCCL INFO Connected to proxy localRank 0 -> connection 0x7f057c005a08
pytorch-benchmark-opt-0:110:152 [3] NCCL INFO New proxy recv connection 23 from local rank 3, transport 0
pytorch-benchmark-opt-0:110:162 [3] NCCL INFO Connected to proxy localRank 3 -> connection 0x7f0f4c005a08
pytorch-benchmark-opt-0:107:160 [0] NCCL INFO GPU Direct RDMA Enabled for GPU 6000 / HCA 0 (distance 4 <= 7), read 0
pytorch-benchmark-opt-0:110:162 [3] NCCL INFO GPU Direct RDMA Enabled for GPU c6000 / HCA 3 (distance 4 <= 7), read 0
pytorch-benchmark-opt-0:109:157 [2] NCCL INFO New proxy recv connection 24 from local rank 2, transport 2
pytorch-benchmark-opt-0:109:161 [2] NCCL INFO Connected to proxy localRank 2 -> connection 0x7f4c98005a80
pytorch-benchmark-opt-0:109:164 [2] NCCL INFO [Proxy Progress] Device 2 CPU core 180
pytorch-benchmark-opt-0:109:157 [2] NCCL INFO NET/IB : GPU Direct RDMA (nvidia-peermem) enabled for HCA 2 'mlx5_10
pytorch-benchmark-opt-0:109:157 [2] NCCL INFO NET/IB : GPU Direct RDMA (DMABUF) enabled for HCA 2 'mlx5_10
pytorch-benchmark-opt-0:109:161 [2] NCCL INFO Channel 02/0 : 6[2] -> 2[2] [receive] via NET/IBext_v8/2/GDRDMA
pytorch-benchmark-opt-0:109:161 [2] NCCL INFO GPU Direct RDMA Enabled for GPU a6000 / HCA 2 (distance 4 <= 7), read 0
pytorch-benchmark-opt-0:109:157 [2] NCCL INFO New proxy recv connection 25 from local rank 2, transport 2
pytorch-benchmark-opt-0:109:161 [2] NCCL INFO Connected to proxy localRank 2 -> connection 0x7f4c98005af8
pytorch-benchmark-opt-0:108:155 [1] NCCL INFO New proxy recv connection 24 from local rank 1, transport 2
pytorch-benchmark-opt-0:109:157 [2] NCCL INFO NET/IB : GPU Direct RDMA (nvidia-peermem) enabled for HCA 2 'mlx5_10
pytorch-benchmark-opt-0:109:157 [2] NCCL INFO NET/IB : GPU Direct RDMA (DMABUF) enabled for HCA 2 'mlx5_10
pytorch-benchmark-opt-0:108:163 [1] NCCL INFO Connected to proxy localRank 1 -> connection 0x7fbd30005a80
pytorch-benchmark-opt-0:109:161 [2] NCCL INFO Channel 06/0 : 6[2] -> 2[2] [receive] via NET/IBext_v8/2/GDRDMA
pytorch-benchmark-opt-0:109:161 [2] NCCL INFO GPU Direct RDMA Enabled for GPU a6000 / HCA 2 (distance 4 <= 7), read 0
pytorch-benchmark-opt-0:109:157 [2] NCCL INFO New proxy recv connection 26 from local rank 2, transport 2
pytorch-benchmark-opt-0:108:165 [1] NCCL INFO [Proxy Progress] Device 1 CPU core 16
pytorch-benchmark-opt-0:109:161 [2] NCCL INFO Connected to proxy localRank 2 -> connection 0x7f4c98005b70
pytorch-benchmark-opt-0:108:155 [1] NCCL INFO NET/IB : GPU Direct RDMA (nvidia-peermem) enabled for HCA 1 'mlx5_7
pytorch-benchmark-opt-0:108:155 [1] NCCL INFO NET/IB : GPU Direct RDMA (DMABUF) enabled for HCA 1 'mlx5_7
pytorch-benchmark-opt-0:109:157 [2] NCCL INFO NET/IB : GPU Direct RDMA (nvidia-peermem) enabled for HCA 2 'mlx5_10
pytorch-benchmark-opt-0:109:157 [2] NCCL INFO NET/IB : GPU Direct RDMA (DMABUF) enabled for HCA 2 'mlx5_10
pytorch-benchmark-opt-0:108:163 [1] NCCL INFO Channel 01/0 : 5[1] -> 1[1] [receive] via NET/IBext_v8/1/GDRDMA
pytorch-benchmark-opt-0:108:163 [1] NCCL INFO GPU Direct RDMA Enabled for GPU 26000 / HCA 1 (distance 4 <= 7), read 0
pytorch-benchmark-opt-0:108:155 [1] NCCL INFO New proxy recv connection 25 from local rank 1, transport 2
pytorch-benchmark-opt-0:109:161 [2] NCCL INFO Channel 10/0 : 6[2] -> 2[2] [receive] via NET/IBext_v8/2/GDRDMA
pytorch-benchmark-opt-0:109:161 [2] NCCL INFO GPU Direct RDMA Enabled for GPU a6000 / HCA 2 (distance 4 <= 7), read 0
pytorch-benchmark-opt-0:108:163 [1] NCCL INFO Connected to proxy localRank 1 -> connection 0x7fbd30005af8
pytorch-benchmark-opt-0:109:157 [2] NCCL INFO New proxy recv connection 27 from local rank 2, transport 2
pytorch-benchmark-opt-0:108:155 [1] NCCL INFO NET/IB : GPU Direct RDMA (nvidia-peermem) enabled for HCA 1 'mlx5_7
pytorch-benchmark-opt-0:108:155 [1] NCCL INFO NET/IB : GPU Direct RDMA (DMABUF) enabled for HCA 1 'mlx5_7
pytorch-benchmark-opt-0:109:161 [2] NCCL INFO Connected to proxy localRank 2 -> connection 0x7f4c98005be8
pytorch-benchmark-opt-0:108:163 [1] NCCL INFO Channel 05/0 : 5[1] -> 1[1] [receive] via NET/IBext_v8/1/GDRDMA
pytorch-benchmark-opt-0:108:163 [1] NCCL INFO GPU Direct RDMA Enabled for GPU 26000 / HCA 1 (distance 4 <= 7), read 0
pytorch-benchmark-opt-0:108:155 [1] NCCL INFO New proxy recv connection 26 from local rank 1, transport 2
pytorch-benchmark-opt-0:109:157 [2] NCCL INFO NET/IB : GPU Direct RDMA (nvidia-peermem) enabled for HCA 2 'mlx5_10
pytorch-benchmark-opt-0:109:157 [2] NCCL INFO NET/IB : GPU Direct RDMA (DMABUF) enabled for HCA 2 'mlx5_10
pytorch-benchmark-opt-0:108:163 [1] NCCL INFO Connected to proxy localRank 1 -> connection 0x7fbd30005b70
pytorch-benchmark-opt-0:109:161 [2] NCCL INFO Channel 14/0 : 6[2] -> 2[2] [receive] via NET/IBext_v8/2/GDRDMA
pytorch-benchmark-opt-0:109:161 [2] NCCL INFO GPU Direct RDMA Enabled for GPU a6000 / HCA 2 (distance 4 <= 7), read 1
pytorch-benchmark-opt-0:108:155 [1] NCCL INFO NET/IB : GPU Direct RDMA (nvidia-peermem) enabled for HCA 1 'mlx5_7
pytorch-benchmark-opt-0:108:155 [1] NCCL INFO NET/IB : GPU Direct RDMA (DMABUF) enabled for HCA 1 'mlx5_7
pytorch-benchmark-opt-0:108:163 [1] NCCL INFO Channel 09/0 : 5[1] -> 1[1] [receive] via NET/IBext_v8/1/GDRDMA
pytorch-benchmark-opt-0:108:163 [1] NCCL INFO GPU Direct RDMA Enabled for GPU 26000 / HCA 1 (distance 4 <= 7), read 0
pytorch-benchmark-opt-0:109:157 [2] NCCL INFO New proxy send connection 28 from local rank 2, transport 2
pytorch-benchmark-opt-0:109:161 [2] NCCL INFO Connected to proxy localRank 2 -> connection 0x7f4c98005c60
pytorch-benchmark-opt-0:108:155 [1] NCCL INFO New proxy recv connection 27 from local rank 1, transport 2
pytorch-benchmark-opt-0:108:163 [1] NCCL INFO Connected to proxy localRank 1 -> connection 0x7fbd30005be8
pytorch-benchmark-opt-0:109:157 [2] NCCL INFO NET/IB : GPU Direct RDMA (nvidia-peermem) enabled for HCA 2 'mlx5_10
pytorch-benchmark-opt-0:109:157 [2] NCCL INFO NET/IB : GPU Direct RDMA (DMABUF) enabled for HCA 2 'mlx5_10
pytorch-benchmark-opt-0:109:161 [2] NCCL INFO Channel 02/0 : 2[2] -> 6[2] [send] via NET/IBext_v8/2/GDRDMA
pytorch-benchmark-opt-0:109:161 [2] NCCL INFO GPU Direct RDMA Enabled for GPU a6000 / HCA 2 (distance 4 <= 7), read 1
pytorch-benchmark-opt-0:108:155 [1] NCCL INFO NET/IB : GPU Direct RDMA (nvidia-peermem) enabled for HCA 1 'mlx5_7
pytorch-benchmark-opt-0:108:155 [1] NCCL INFO NET/IB : GPU Direct RDMA (DMABUF) enabled for HCA 1 'mlx5_7
pytorch-benchmark-opt-0:108:163 [1] NCCL INFO Channel 13/0 : 5[1] -> 1[1] [receive] via NET/IBext_v8/1/GDRDMA
pytorch-benchmark-opt-0:108:163 [1] NCCL INFO GPU Direct RDMA Enabled for GPU 26000 / HCA 1 (distance 4 <= 7), read 1
pytorch-benchmark-opt-0:109:157 [2] NCCL INFO New proxy send connection 29 from local rank 2, transport 2
pytorch-benchmark-opt-0:109:161 [2] NCCL INFO Connected to proxy localRank 2 -> connection 0x7f4c98005cd8
pytorch-benchmark-opt-0:108:155 [1] NCCL INFO New proxy send connection 28 from local rank 1, transport 2
pytorch-benchmark-opt-0:108:163 [1] NCCL INFO Connected to proxy localRank 1 -> connection 0x7fbd30005c60
pytorch-benchmark-opt-0:109:157 [2] NCCL INFO NET/IB : GPU Direct RDMA (nvidia-peermem) enabled for HCA 2 'mlx5_10
pytorch-benchmark-opt-0:109:157 [2] NCCL INFO NET/IB : GPU Direct RDMA (DMABUF) enabled for HCA 2 'mlx5_10
pytorch-benchmark-opt-0:108:155 [1] NCCL INFO NET/IB : GPU Direct RDMA (nvidia-peermem) enabled for HCA 1 'mlx5_7
pytorch-benchmark-opt-0:109:161 [2] NCCL INFO Channel 06/0 : 2[2] -> 6[2] [send] via NET/IBext_v8/2/GDRDMA
pytorch-benchmark-opt-0:108:155 [1] NCCL INFO NET/IB : GPU Direct RDMA (DMABUF) enabled for HCA 1 'mlx5_7
pytorch-benchmark-opt-0:109:161 [2] NCCL INFO GPU Direct RDMA Enabled for GPU a6000 / HCA 2 (distance 4 <= 7), read 1
pytorch-benchmark-opt-0:108:163 [1] NCCL INFO Channel 01/0 : 1[1] -> 5[1] [send] via NET/IBext_v8/1/GDRDMA
pytorch-benchmark-opt-0:108:163 [1] NCCL INFO GPU Direct RDMA Enabled for GPU 26000 / HCA 1 (distance 4 <= 7), read 1
pytorch-benchmark-opt-0:108:155 [1] NCCL INFO New proxy send connection 29 from local rank 1, transport 2
pytorch-benchmark-opt-0:109:157 [2] NCCL INFO New proxy send connection 30 from local rank 2, transport 2
pytorch-benchmark-opt-0:109:161 [2] NCCL INFO Connected to proxy localRank 2 -> connection 0x7f4c98005d50
pytorch-benchmark-opt-0:108:163 [1] NCCL INFO Connected to proxy localRank 1 -> connection 0x7fbd30005cd8
pytorch-benchmark-opt-0:108:155 [1] NCCL INFO NET/IB : GPU Direct RDMA (nvidia-peermem) enabled for HCA 1 'mlx5_7
pytorch-benchmark-opt-0:108:155 [1] NCCL INFO NET/IB : GPU Direct RDMA (DMABUF) enabled for HCA 1 'mlx5_7
pytorch-benchmark-opt-0:109:157 [2] NCCL INFO NET/IB : GPU Direct RDMA (nvidia-peermem) enabled for HCA 2 'mlx5_10
pytorch-benchmark-opt-0:108:163 [1] NCCL INFO Channel 05/0 : 1[1] -> 5[1] [send] via NET/IBext_v8/1/GDRDMA
pytorch-benchmark-opt-0:109:157 [2] NCCL INFO NET/IB : GPU Direct RDMA (DMABUF) enabled for HCA 2 'mlx5_10
pytorch-benchmark-opt-0:108:163 [1] NCCL INFO GPU Direct RDMA Enabled for GPU 26000 / HCA 1 (distance 4 <= 7), read 1
pytorch-benchmark-opt-0:109:161 [2] NCCL INFO Channel 10/0 : 2[2] -> 6[2] [send] via NET/IBext_v8/2/GDRDMA
pytorch-benchmark-opt-0:109:161 [2] NCCL INFO GPU Direct RDMA Enabled for GPU a6000 / HCA 2 (distance 4 <= 7), read 1
pytorch-benchmark-opt-0:108:155 [1] NCCL INFO New proxy send connection 30 from local rank 1, transport 2
pytorch-benchmark-opt-0:109:157 [2] NCCL INFO New proxy send connection 31 from local rank 2, transport 2
pytorch-benchmark-opt-0:108:163 [1] NCCL INFO Connected to proxy localRank 1 -> connection 0x7fbd30005d50
pytorch-benchmark-opt-0:109:161 [2] NCCL INFO Connected to proxy localRank 2 -> connection 0x7f4c98005dc8
pytorch-benchmark-opt-0:108:155 [1] NCCL INFO NET/IB : GPU Direct RDMA (nvidia-peermem) enabled for HCA 1 'mlx5_7
pytorch-benchmark-opt-0:109:157 [2] NCCL INFO NET/IB : GPU Direct RDMA (nvidia-peermem) enabled for HCA 2 'mlx5_10
pytorch-benchmark-opt-0:108:155 [1] NCCL INFO NET/IB : GPU Direct RDMA (DMABUF) enabled for HCA 1 'mlx5_7
pytorch-benchmark-opt-0:109:157 [2] NCCL INFO NET/IB : GPU Direct RDMA (DMABUF) enabled for HCA 2 'mlx5_10
pytorch-benchmark-opt-0:108:163 [1] NCCL INFO Channel 09/0 : 1[1] -> 5[1] [send] via NET/IBext_v8/1/GDRDMA
pytorch-benchmark-opt-0:108:163 [1] NCCL INFO GPU Direct RDMA Enabled for GPU 26000 / HCA 1 (distance 4 <= 7), read 1
pytorch-benchmark-opt-0:109:161 [2] NCCL INFO Channel 14/0 : 2[2] -> 6[2] [send] via NET/IBext_v8/2/GDRDMA
pytorch-benchmark-opt-0:108:155 [1] NCCL INFO New proxy send connection 31 from local rank 1, transport 2
pytorch-benchmark-opt-0:108:163 [1] NCCL INFO Connected to proxy localRank 1 -> connection 0x7fbd30005dc8
pytorch-benchmark-opt-0:108:155 [1] NCCL INFO NET/IB : GPU Direct RDMA (nvidia-peermem) enabled for HCA 1 'mlx5_7
pytorch-benchmark-opt-0:108:155 [1] NCCL INFO NET/IB : GPU Direct RDMA (DMABUF) enabled for HCA 1 'mlx5_7
pytorch-benchmark-opt-0:108:163 [1] NCCL INFO Channel 13/0 : 1[1] -> 5[1] [send] via NET/IBext_v8/1/GDRDMA
pytorch-benchmark-opt-0:110:152 [3] NCCL INFO New proxy recv connection 24 from local rank 3, transport 2
pytorch-benchmark-opt-0:110:166 [3] NCCL INFO [Proxy Progress] Device 3 CPU core 180
pytorch-benchmark-opt-0:110:162 [3] NCCL INFO Connected to proxy localRank 3 -> connection 0x7f0f4c005a80
pytorch-benchmark-opt-0:110:152 [3] NCCL INFO NET/IB : GPU Direct RDMA (nvidia-peermem) enabled for HCA 3 'mlx5_11
pytorch-benchmark-opt-0:110:152 [3] NCCL INFO NET/IB : GPU Direct RDMA (DMABUF) enabled for HCA 3 'mlx5_11
pytorch-benchmark-opt-0:110:162 [3] NCCL INFO Channel 03/0 : 7[3] -> 3[3] [receive] via NET/IBext_v8/3/GDRDMA
pytorch-benchmark-opt-0:110:162 [3] NCCL INFO GPU Direct RDMA Enabled for GPU c6000 / HCA 3 (distance 4 <= 7), read 0
pytorch-benchmark-opt-0:110:152 [3] NCCL INFO New proxy recv connection 25 from local rank 3, transport 2
pytorch-benchmark-opt-0:110:162 [3] NCCL INFO Connected to proxy localRank 3 -> connection 0x7f0f4c005af8
pytorch-benchmark-opt-0:110:152 [3] NCCL INFO NET/IB : GPU Direct RDMA (nvidia-peermem) enabled for HCA 3 'mlx5_11
pytorch-benchmark-opt-0:110:152 [3] NCCL INFO NET/IB : GPU Direct RDMA (DMABUF) enabled for HCA 3 'mlx5_11
pytorch-benchmark-opt-0:110:162 [3] NCCL INFO Channel 07/0 : 7[3] -> 3[3] [receive] via NET/IBext_v8/3/GDRDMA
pytorch-benchmark-opt-0:110:162 [3] NCCL INFO GPU Direct RDMA Enabled for GPU c6000 / HCA 3 (distance 4 <= 7), read 0
pytorch-benchmark-opt-0:110:152 [3] NCCL INFO New proxy recv connection 26 from local rank 3, transport 2
pytorch-benchmark-opt-0:110:162 [3] NCCL INFO Connected to proxy localRank 3 -> connection 0x7f0f4c005b70
pytorch-benchmark-opt-0:107:154 [0] NCCL INFO New proxy recv connection 24 from local rank 0, transport 2
pytorch-benchmark-opt-0:110:152 [3] NCCL INFO NET/IB : GPU Direct RDMA (nvidia-peermem) enabled for HCA 3 'mlx5_11
pytorch-benchmark-opt-0:110:152 [3] NCCL INFO NET/IB : GPU Direct RDMA (DMABUF) enabled for HCA 3 'mlx5_11
pytorch-benchmark-opt-0:110:162 [3] NCCL INFO Channel 11/0 : 7[3] -> 3[3] [receive] via NET/IBext_v8/3/GDRDMA
pytorch-benchmark-opt-0:110:162 [3] NCCL INFO GPU Direct RDMA Enabled for GPU c6000 / HCA 3 (distance 4 <= 7), read 0
pytorch-benchmark-opt-0:107:160 [0] NCCL INFO Connected to proxy localRank 0 -> connection 0x7f057c005a80
pytorch-benchmark-opt-0:110:152 [3] NCCL INFO New proxy recv connection 27 from local rank 3, transport 2
pytorch-benchmark-opt-0:107:154 [0] NCCL INFO NET/IB : GPU Direct RDMA (nvidia-peermem) enabled for HCA 0 'mlx5_6
pytorch-benchmark-opt-0:110:162 [3] NCCL INFO Connected to proxy localRank 3 -> connection 0x7f0f4c005be8
pytorch-benchmark-opt-0:107:167 [0] NCCL INFO [Proxy Progress] Device 0 CPU core 6
pytorch-benchmark-opt-0:107:154 [0] NCCL INFO NET/IB : GPU Direct RDMA (DMABUF) enabled for HCA 0 'mlx5_6
pytorch-benchmark-opt-0:110:152 [3] NCCL INFO NET/IB : GPU Direct RDMA (nvidia-peermem) enabled for HCA 3 'mlx5_11
pytorch-benchmark-opt-0:110:152 [3] NCCL INFO NET/IB : GPU Direct RDMA (DMABUF) enabled for HCA 3 'mlx5_11
pytorch-benchmark-opt-0:110:162 [3] NCCL INFO Channel 15/0 : 7[3] -> 3[3] [receive] via NET/IBext_v8/3/GDRDMA
pytorch-benchmark-opt-0:110:162 [3] NCCL INFO GPU Direct RDMA Enabled for GPU c6000 / HCA 3 (distance 4 <= 7), read 1
pytorch-benchmark-opt-0:107:160 [0] NCCL INFO Channel 00/0 : 4[0] -> 0[0] [receive] via NET/IBext_v8/0/GDRDMA
pytorch-benchmark-opt-0:107:160 [0] NCCL INFO GPU Direct RDMA Enabled for GPU 6000 / HCA 0 (distance 4 <= 7), read 0
pytorch-benchmark-opt-0:110:152 [3] NCCL INFO New proxy send connection 28 from local rank 3, transport 2
pytorch-benchmark-opt-0:107:154 [0] NCCL INFO New proxy recv connection 25 from local rank 0, transport 2
pytorch-benchmark-opt-0:110:162 [3] NCCL INFO Connected to proxy localRank 3 -> connection 0x7f0f4c005c60
pytorch-benchmark-opt-0:107:160 [0] NCCL INFO Connected to proxy localRank 0 -> connection 0x7f057c005af8
pytorch-benchmark-opt-0:110:152 [3] NCCL INFO NET/IB : GPU Direct RDMA (nvidia-peermem) enabled for HCA 3 'mlx5_11
pytorch-benchmark-opt-0:110:152 [3] NCCL INFO NET/IB : GPU Direct RDMA (DMABUF) enabled for HCA 3 'mlx5_11
pytorch-benchmark-opt-0:110:162 [3] NCCL INFO Channel 03/0 : 3[3] -> 7[3] [send] via NET/IBext_v8/3/GDRDMA
pytorch-benchmark-opt-0:110:162 [3] NCCL INFO GPU Direct RDMA Enabled for GPU c6000 / HCA 3 (distance 4 <= 7), read 1
pytorch-benchmark-opt-0:107:154 [0] NCCL INFO NET/IB : GPU Direct RDMA (nvidia-peermem) enabled for HCA 0 'mlx5_6
pytorch-benchmark-opt-0:107:154 [0] NCCL INFO NET/IB : GPU Direct RDMA (DMABUF) enabled for HCA 0 'mlx5_6
pytorch-benchmark-opt-0:107:160 [0] NCCL INFO Channel 04/0 : 4[0] -> 0[0] [receive] via NET/IBext_v8/0/GDRDMA
pytorch-benchmark-opt-0:110:152 [3] NCCL INFO New proxy send connection 29 from local rank 3, transport 2
pytorch-benchmark-opt-0:107:160 [0] NCCL INFO GPU Direct RDMA Enabled for GPU 6000 / HCA 0 (distance 4 <= 7), read 0
pytorch-benchmark-opt-0:110:162 [3] NCCL INFO Connected to proxy localRank 3 -> connection 0x7f0f4c005cd8
pytorch-benchmark-opt-0:107:154 [0] NCCL INFO New proxy recv connection 26 from local rank 0, transport 2
pytorch-benchmark-opt-0:110:152 [3] NCCL INFO NET/IB : GPU Direct RDMA (nvidia-peermem) enabled for HCA 3 'mlx5_11
pytorch-benchmark-opt-0:107:160 [0] NCCL INFO Connected to proxy localRank 0 -> connection 0x7f057c005b70
pytorch-benchmark-opt-0:110:152 [3] NCCL INFO NET/IB : GPU Direct RDMA (DMABUF) enabled for HCA 3 'mlx5_11
pytorch-benchmark-opt-0:110:162 [3] NCCL INFO Channel 07/0 : 3[3] -> 7[3] [send] via NET/IBext_v8/3/GDRDMA
pytorch-benchmark-opt-0:110:162 [3] NCCL INFO GPU Direct RDMA Enabled for GPU c6000 / HCA 3 (distance 4 <= 7), read 1
pytorch-benchmark-opt-0:107:154 [0] NCCL INFO NET/IB : GPU Direct RDMA (nvidia-peermem) enabled for HCA 0 'mlx5_6
pytorch-benchmark-opt-0:107:154 [0] NCCL INFO NET/IB : GPU Direct RDMA (DMABUF) enabled for HCA 0 'mlx5_6
pytorch-benchmark-opt-0:110:152 [3] NCCL INFO New proxy send connection 30 from local rank 3, transport 2
pytorch-benchmark-opt-0:107:160 [0] NCCL INFO Channel 08/0 : 4[0] -> 0[0] [receive] via NET/IBext_v8/0/GDRDMA
pytorch-benchmark-opt-0:107:160 [0] NCCL INFO GPU Direct RDMA Enabled for GPU 6000 / HCA 0 (distance 4 <= 7), read 0
pytorch-benchmark-opt-0:110:162 [3] NCCL INFO Connected to proxy localRank 3 -> connection 0x7f0f4c005d50
pytorch-benchmark-opt-0:107:154 [0] NCCL INFO New proxy recv connection 27 from local rank 0, transport 2
pytorch-benchmark-opt-0:107:160 [0] NCCL INFO Connected to proxy localRank 0 -> connection 0x7f057c005be8
pytorch-benchmark-opt-0:110:152 [3] NCCL INFO NET/IB : GPU Direct RDMA (nvidia-peermem) enabled for HCA 3 'mlx5_11
pytorch-benchmark-opt-0:110:152 [3] NCCL INFO NET/IB : GPU Direct RDMA (DMABUF) enabled for HCA 3 'mlx5_11
pytorch-benchmark-opt-0:110:162 [3] NCCL INFO Channel 11/0 : 3[3] -> 7[3] [send] via NET/IBext_v8/3/GDRDMA
pytorch-benchmark-opt-0:110:162 [3] NCCL INFO GPU Direct RDMA Enabled for GPU c6000 / HCA 3 (distance 4 <= 7), read 1
pytorch-benchmark-opt-0:107:154 [0] NCCL INFO NET/IB : GPU Direct RDMA (nvidia-peermem) enabled for HCA 0 'mlx5_6
pytorch-benchmark-opt-0:107:154 [0] NCCL INFO NET/IB : GPU Direct RDMA (DMABUF) enabled for HCA 0 'mlx5_6
pytorch-benchmark-opt-0:110:152 [3] NCCL INFO New proxy send connection 31 from local rank 3, transport 2
pytorch-benchmark-opt-0:110:162 [3] NCCL INFO Connected to proxy localRank 3 -> connection 0x7f0f4c005dc8
pytorch-benchmark-opt-0:107:160 [0] NCCL INFO Channel 12/0 : 4[0] -> 0[0] [receive] via NET/IBext_v8/0/GDRDMA
pytorch-benchmark-opt-0:107:160 [0] NCCL INFO GPU Direct RDMA Enabled for GPU 6000 / HCA 0 (distance 4 <= 7), read 1
pytorch-benchmark-opt-0:110:152 [3] NCCL INFO NET/IB : GPU Direct RDMA (nvidia-peermem) enabled for HCA 3 'mlx5_11
pytorch-benchmark-opt-0:110:152 [3] NCCL INFO NET/IB : GPU Direct RDMA (DMABUF) enabled for HCA 3 'mlx5_11
pytorch-benchmark-opt-0:110:162 [3] NCCL INFO Channel 15/0 : 3[3] -> 7[3] [send] via NET/IBext_v8/3/GDRDMA
pytorch-benchmark-opt-0:107:154 [0] NCCL INFO New proxy send connection 28 from local rank 0, transport 2
pytorch-benchmark-opt-0:107:160 [0] NCCL INFO Connected to proxy localRank 0 -> connection 0x7f057c005c60
pytorch-benchmark-opt-0:107:154 [0] NCCL INFO NET/IB : GPU Direct RDMA (nvidia-peermem) enabled for HCA 0 'mlx5_6
pytorch-benchmark-opt-0:107:154 [0] NCCL INFO NET/IB : GPU Direct RDMA (DMABUF) enabled for HCA 0 'mlx5_6
pytorch-benchmark-opt-0:107:160 [0] NCCL INFO Channel 00/0 : 0[0] -> 4[0] [send] via NET/IBext_v8/0/GDRDMA
pytorch-benchmark-opt-0:107:160 [0] NCCL INFO GPU Direct RDMA Enabled for GPU 6000 / HCA 0 (distance 4 <= 7), read 1
pytorch-benchmark-opt-0:107:154 [0] NCCL INFO New proxy send connection 29 from local rank 0, transport 2
pytorch-benchmark-opt-0:107:160 [0] NCCL INFO Connected to proxy localRank 0 -> connection 0x7f057c005cd8
pytorch-benchmark-opt-0:107:154 [0] NCCL INFO NET/IB : GPU Direct RDMA (nvidia-peermem) enabled for HCA 0 'mlx5_6
pytorch-benchmark-opt-0:107:154 [0] NCCL INFO NET/IB : GPU Direct RDMA (DMABUF) enabled for HCA 0 'mlx5_6
pytorch-benchmark-opt-0:107:160 [0] NCCL INFO Channel 04/0 : 0[0] -> 4[0] [send] via NET/IBext_v8/0/GDRDMA
pytorch-benchmark-opt-0:107:160 [0] NCCL INFO GPU Direct RDMA Enabled for GPU 6000 / HCA 0 (distance 4 <= 7), read 1
pytorch-benchmark-opt-0:107:154 [0] NCCL INFO New proxy send connection 30 from local rank 0, transport 2
pytorch-benchmark-opt-0:107:160 [0] NCCL INFO Connected to proxy localRank 0 -> connection 0x7f057c005d50
pytorch-benchmark-opt-0:107:154 [0] NCCL INFO NET/IB : GPU Direct RDMA (nvidia-peermem) enabled for HCA 0 'mlx5_6
pytorch-benchmark-opt-0:107:154 [0] NCCL INFO NET/IB : GPU Direct RDMA (DMABUF) enabled for HCA 0 'mlx5_6
pytorch-benchmark-opt-0:107:160 [0] NCCL INFO Channel 08/0 : 0[0] -> 4[0] [send] via NET/IBext_v8/0/GDRDMA
pytorch-benchmark-opt-0:107:160 [0] NCCL INFO GPU Direct RDMA Enabled for GPU 6000 / HCA 0 (distance 4 <= 7), read 1
pytorch-benchmark-opt-0:107:154 [0] NCCL INFO New proxy send connection 31 from local rank 0, transport 2
pytorch-benchmark-opt-0:107:160 [0] NCCL INFO Connected to proxy localRank 0 -> connection 0x7f057c005dc8
pytorch-benchmark-opt-0:107:154 [0] NCCL INFO NET/IB : GPU Direct RDMA (nvidia-peermem) enabled for HCA 0 'mlx5_6
pytorch-benchmark-opt-0:107:154 [0] NCCL INFO NET/IB : GPU Direct RDMA (DMABUF) enabled for HCA 0 'mlx5_6
pytorch-benchmark-opt-0:107:160 [0] NCCL INFO Channel 12/0 : 0[0] -> 4[0] [send] via NET/IBext_v8/0/GDRDMA
pytorch-benchmark-opt-0:109:161 [2] NCCL INFO Channel 02/0 : 2[2] -> 0[0] via P2P/CUMEM
pytorch-benchmark-opt-0:109:157 [2] NCCL INFO New proxy send connection 32 from local rank 2, transport 0
pytorch-benchmark-opt-0:109:161 [2] NCCL INFO Connected to proxy localRank 2 -> connection 0x7f4c98005e40
pytorch-benchmark-opt-0:109:161 [2] NCCL INFO Channel 03/0 : 2[2] -> 0[0] via P2P/CUMEM
pytorch-benchmark-opt-0:109:157 [2] NCCL INFO New proxy send connection 33 from local rank 2, transport 0
pytorch-benchmark-opt-0:109:161 [2] NCCL INFO Connected to proxy localRank 2 -> connection 0x7f4c98005eb8
pytorch-benchmark-opt-0:108:155 [1] NCCL INFO New proxy recv connection 32 from local rank 1, transport 0
pytorch-benchmark-opt-0:108:163 [1] NCCL INFO Connected to proxy localRank 1 -> connection 0x7fbd30005e40
pytorch-benchmark-opt-0:109:161 [2] NCCL INFO Channel 05/0 : 2[2] -> 0[0] via P2P/CUMEM
pytorch-benchmark-opt-0:109:157 [2] NCCL INFO New proxy send connection 34 from local rank 2, transport 0
pytorch-benchmark-opt-0:109:161 [2] NCCL INFO Connected to proxy localRank 2 -> connection 0x7f4c98005f30
pytorch-benchmark-opt-0:108:155 [1] NCCL INFO New proxy recv connection 33 from local rank 1, transport 0
pytorch-benchmark-opt-0:109:161 [2] NCCL INFO Channel 06/0 : 2[2] -> 0[0] via P2P/CUMEM
pytorch-benchmark-opt-0:108:163 [1] NCCL INFO Connected to proxy localRank 1 -> connection 0x7fbd30005eb8
pytorch-benchmark-opt-0:109:157 [2] NCCL INFO New proxy send connection 35 from local rank 2, transport 0
pytorch-benchmark-opt-0:109:161 [2] NCCL INFO Connected to proxy localRank 2 -> connection 0x7f4c98005fa8
pytorch-benchmark-opt-0:108:155 [1] NCCL INFO New proxy recv connection 34 from local rank 1, transport 0
pytorch-benchmark-opt-0:109:161 [2] NCCL INFO Channel 10/0 : 2[2] -> 0[0] via P2P/CUMEM
pytorch-benchmark-opt-0:108:163 [1] NCCL INFO Connected to proxy localRank 1 -> connection 0x7fbd30005f30
pytorch-benchmark-opt-0:109:157 [2] NCCL INFO New proxy send connection 36 from local rank 2, transport 0
pytorch-benchmark-opt-0:109:161 [2] NCCL INFO Connected to proxy localRank 2 -> connection 0x7f4c98006020
pytorch-benchmark-opt-0:108:155 [1] NCCL INFO New proxy recv connection 35 from local rank 1, transport 0
pytorch-benchmark-opt-0:109:161 [2] NCCL INFO Channel 11/0 : 2[2] -> 0[0] via P2P/CUMEM
pytorch-benchmark-opt-0:108:163 [1] NCCL INFO Connected to proxy localRank 1 -> connection 0x7fbd30005fa8
pytorch-benchmark-opt-0:109:157 [2] NCCL INFO New proxy send connection 37 from local rank 2, transport 0
pytorch-benchmark-opt-0:109:161 [2] NCCL INFO Connected to proxy localRank 2 -> connection 0x7f4c98006098
pytorch-benchmark-opt-0:109:161 [2] NCCL INFO Channel 13/0 : 2[2] -> 0[0] via P2P/CUMEM
pytorch-benchmark-opt-0:108:155 [1] NCCL INFO New proxy recv connection 36 from local rank 1, transport 0
pytorch-benchmark-opt-0:108:163 [1] NCCL INFO Connected to proxy localRank 1 -> connection 0x7fbd30006020
pytorch-benchmark-opt-0:109:157 [2] NCCL INFO New proxy send connection 38 from local rank 2, transport 0
pytorch-benchmark-opt-0:109:161 [2] NCCL INFO Connected to proxy localRank 2 -> connection 0x7f4c98006110
pytorch-benchmark-opt-0:108:155 [1] NCCL INFO New proxy recv connection 37 from local rank 1, transport 0
pytorch-benchmark-opt-0:109:161 [2] NCCL INFO Channel 14/0 : 2[2] -> 0[0] via P2P/CUMEM
pytorch-benchmark-opt-0:108:163 [1] NCCL INFO Connected to proxy localRank 1 -> connection 0x7fbd30006098
pytorch-benchmark-opt-0:109:157 [2] NCCL INFO New proxy send connection 39 from local rank 2, transport 0
pytorch-benchmark-opt-0:109:161 [2] NCCL INFO Connected to proxy localRank 2 -> connection 0x7f4c98006188
pytorch-benchmark-opt-0:108:155 [1] NCCL INFO New proxy recv connection 38 from local rank 1, transport 0
pytorch-benchmark-opt-0:108:163 [1] NCCL INFO Connected to proxy localRank 1 -> connection 0x7fbd30006110
pytorch-benchmark-opt-0:108:155 [1] NCCL INFO New proxy recv connection 39 from local rank 1, transport 0
pytorch-benchmark-opt-0:108:163 [1] NCCL INFO Connected to proxy localRank 1 -> connection 0x7fbd30006188
pytorch-benchmark-opt-0:107:154 [0] NCCL INFO New proxy recv connection 32 from local rank 0, transport 0
pytorch-benchmark-opt-0:107:160 [0] NCCL INFO Connected to proxy localRank 0 -> connection 0x7f057c005e40
pytorch-benchmark-opt-0:110:162 [3] NCCL INFO Channel 01/0 : 3[3] -> 0[0] via P2P/CUMEM
pytorch-benchmark-opt-0:110:152 [3] NCCL INFO New proxy send connection 32 from local rank 3, transport 0
pytorch-benchmark-opt-0:110:162 [3] NCCL INFO Connected to proxy localRank 3 -> connection 0x7f0f4c005e40
pytorch-benchmark-opt-0:107:154 [0] NCCL INFO New proxy recv connection 33 from local rank 0, transport 0
pytorch-benchmark-opt-0:107:160 [0] NCCL INFO Connected to proxy localRank 0 -> connection 0x7f057c005eb8
pytorch-benchmark-opt-0:110:162 [3] NCCL INFO Channel 04/0 : 3[3] -> 0[0] via P2P/CUMEM
pytorch-benchmark-opt-0:110:152 [3] NCCL INFO New proxy send connection 33 from local rank 3, transport 0
pytorch-benchmark-opt-0:110:162 [3] NCCL INFO Connected to proxy localRank 3 -> connection 0x7f0f4c005eb8
pytorch-benchmark-opt-0:107:154 [0] NCCL INFO New proxy recv connection 34 from local rank 0, transport 0
pytorch-benchmark-opt-0:107:160 [0] NCCL INFO Connected to proxy localRank 0 -> connection 0x7f057c005f30
pytorch-benchmark-opt-0:110:162 [3] NCCL INFO Channel 05/0 : 3[3] -> 0[0] via P2P/CUMEM
pytorch-benchmark-opt-0:110:152 [3] NCCL INFO New proxy send connection 34 from local rank 3, transport 0
pytorch-benchmark-opt-0:110:162 [3] NCCL INFO Connected to proxy localRank 3 -> connection 0x7f0f4c005f30
pytorch-benchmark-opt-0:107:154 [0] NCCL INFO New proxy recv connection 35 from local rank 0, transport 0
pytorch-benchmark-opt-0:107:160 [0] NCCL INFO Connected to proxy localRank 0 -> connection 0x7f057c005fa8
pytorch-benchmark-opt-0:110:162 [3] NCCL INFO Channel 06/0 : 3[3] -> 0[0] via P2P/CUMEM
pytorch-benchmark-opt-0:110:152 [3] NCCL INFO New proxy send connection 35 from local rank 3, transport 0
pytorch-benchmark-opt-0:110:162 [3] NCCL INFO Connected to proxy localRank 3 -> connection 0x7f0f4c005fa8
pytorch-benchmark-opt-0:107:154 [0] NCCL INFO New proxy recv connection 36 from local rank 0, transport 0
pytorch-benchmark-opt-0:107:160 [0] NCCL INFO Connected to proxy localRank 0 -> connection 0x7f057c006020
pytorch-benchmark-opt-0:110:162 [3] NCCL INFO Channel 09/0 : 3[3] -> 0[0] via P2P/CUMEM
pytorch-benchmark-opt-0:110:152 [3] NCCL INFO New proxy send connection 36 from local rank 3, transport 0
pytorch-benchmark-opt-0:110:162 [3] NCCL INFO Connected to proxy localRank 3 -> connection 0x7f0f4c006020
pytorch-benchmark-opt-0:107:154 [0] NCCL INFO New proxy recv connection 37 from local rank 0, transport 0
pytorch-benchmark-opt-0:107:160 [0] NCCL INFO Connected to proxy localRank 0 -> connection 0x7f057c006098
pytorch-benchmark-opt-0:110:162 [3] NCCL INFO Channel 12/0 : 3[3] -> 0[0] via P2P/CUMEM
pytorch-benchmark-opt-0:110:152 [3] NCCL INFO New proxy send connection 37 from local rank 3, transport 0
pytorch-benchmark-opt-0:110:162 [3] NCCL INFO Connected to proxy localRank 3 -> connection 0x7f0f4c006098
pytorch-benchmark-opt-0:107:154 [0] NCCL INFO New proxy recv connection 38 from local rank 0, transport 0
pytorch-benchmark-opt-0:107:160 [0] NCCL INFO Connected to proxy localRank 0 -> connection 0x7f057c006110
pytorch-benchmark-opt-0:110:162 [3] NCCL INFO Channel 13/0 : 3[3] -> 0[0] via P2P/CUMEM
pytorch-benchmark-opt-0:110:152 [3] NCCL INFO New proxy send connection 38 from local rank 3, transport 0
pytorch-benchmark-opt-0:110:162 [3] NCCL INFO Connected to proxy localRank 3 -> connection 0x7f0f4c006110
pytorch-benchmark-opt-0:107:154 [0] NCCL INFO New proxy recv connection 39 from local rank 0, transport 0
pytorch-benchmark-opt-0:107:160 [0] NCCL INFO Connected to proxy localRank 0 -> connection 0x7f057c006188
pytorch-benchmark-opt-0:110:162 [3] NCCL INFO Channel 14/0 : 3[3] -> 0[0] via P2P/CUMEM
pytorch-benchmark-opt-0:110:152 [3] NCCL INFO New proxy send connection 39 from local rank 3, transport 0
pytorch-benchmark-opt-0:110:162 [3] NCCL INFO Connected to proxy localRank 3 -> connection 0x7f0f4c006188
pytorch-benchmark-opt-0:110:162 [3] NCCL INFO Channel 02/0 : 3[3] -> 1[1] via P2P/CUMEM
pytorch-benchmark-opt-0:107:154 [0] NCCL INFO New proxy recv connection 40 from local rank 0, transport 0
pytorch-benchmark-opt-0:107:160 [0] NCCL INFO Connected to proxy localRank 0 -> connection 0x7f057c006200
pytorch-benchmark-opt-0:110:152 [3] NCCL INFO New proxy send connection 40 from local rank 3, transport 0
pytorch-benchmark-opt-0:110:162 [3] NCCL INFO Connected to proxy localRank 3 -> connection 0x7f0f4c006200
pytorch-benchmark-opt-0:110:162 [3] NCCL INFO Channel 03/0 : 3[3] -> 1[1] via P2P/CUMEM
pytorch-benchmark-opt-0:110:152 [3] NCCL INFO New proxy send connection 41 from local rank 3, transport 0
pytorch-benchmark-opt-0:110:162 [3] NCCL INFO Connected to proxy localRank 3 -> connection 0x7f0f4c006278
pytorch-benchmark-opt-0:107:154 [0] NCCL INFO New proxy recv connection 41 from local rank 0, transport 0
pytorch-benchmark-opt-0:107:160 [0] NCCL INFO Connected to proxy localRank 0 -> connection 0x7f057c006278
pytorch-benchmark-opt-0:110:162 [3] NCCL INFO Channel 05/0 : 3[3] -> 1[1] via P2P/CUMEM
pytorch-benchmark-opt-0:107:154 [0] NCCL INFO New proxy recv connection 42 from local rank 0, transport 0
pytorch-benchmark-opt-0:107:160 [0] NCCL INFO Connected to proxy localRank 0 -> connection 0x7f057c0062f0
pytorch-benchmark-opt-0:110:152 [3] NCCL INFO New proxy send connection 42 from local rank 3, transport 0
pytorch-benchmark-opt-0:110:162 [3] NCCL INFO Connected to proxy localRank 3 -> connection 0x7f0f4c0062f0
pytorch-benchmark-opt-0:110:162 [3] NCCL INFO Channel 06/0 : 3[3] -> 1[1] via P2P/CUMEM
pytorch-benchmark-opt-0:110:152 [3] NCCL INFO New proxy send connection 43 from local rank 3, transport 0
pytorch-benchmark-opt-0:110:162 [3] NCCL INFO Connected to proxy localRank 3 -> connection 0x7f0f4c006368
pytorch-benchmark-opt-0:107:154 [0] NCCL INFO New proxy recv connection 43 from local rank 0, transport 0
pytorch-benchmark-opt-0:107:160 [0] NCCL INFO Connected to proxy localRank 0 -> connection 0x7f057c006368
pytorch-benchmark-opt-0:110:162 [3] NCCL INFO Channel 10/0 : 3[3] -> 1[1] via P2P/CUMEM
pytorch-benchmark-opt-0:107:154 [0] NCCL INFO New proxy recv connection 44 from local rank 0, transport 0
pytorch-benchmark-opt-0:107:160 [0] NCCL INFO Connected to proxy localRank 0 -> connection 0x7f057c0063e0
pytorch-benchmark-opt-0:110:152 [3] NCCL INFO New proxy send connection 44 from local rank 3, transport 0
pytorch-benchmark-opt-0:110:162 [3] NCCL INFO Connected to proxy localRank 3 -> connection 0x7f0f4c0063e0
pytorch-benchmark-opt-0:110:162 [3] NCCL INFO Channel 11/0 : 3[3] -> 1[1] via P2P/CUMEM
pytorch-benchmark-opt-0:110:152 [3] NCCL INFO New proxy send connection 45 from local rank 3, transport 0
pytorch-benchmark-opt-0:110:162 [3] NCCL INFO Connected to proxy localRank 3 -> connection 0x7f0f4c006458
pytorch-benchmark-opt-0:107:154 [0] NCCL INFO New proxy recv connection 45 from local rank 0, transport 0
pytorch-benchmark-opt-0:107:160 [0] NCCL INFO Connected to proxy localRank 0 -> connection 0x7f057c006458
pytorch-benchmark-opt-0:110:162 [3] NCCL INFO Channel 13/0 : 3[3] -> 1[1] via P2P/CUMEM
pytorch-benchmark-opt-0:107:154 [0] NCCL INFO New proxy recv connection 46 from local rank 0, transport 0
pytorch-benchmark-opt-0:107:160 [0] NCCL INFO Connected to proxy localRank 0 -> connection 0x7f057c0064d0
pytorch-benchmark-opt-0:110:152 [3] NCCL INFO New proxy send connection 46 from local rank 3, transport 0
pytorch-benchmark-opt-0:110:162 [3] NCCL INFO Connected to proxy localRank 3 -> connection 0x7f0f4c0064d0
pytorch-benchmark-opt-0:110:162 [3] NCCL INFO Channel 14/0 : 3[3] -> 1[1] via P2P/CUMEM
pytorch-benchmark-opt-0:110:152 [3] NCCL INFO New proxy send connection 47 from local rank 3, transport 0
pytorch-benchmark-opt-0:110:162 [3] NCCL INFO Connected to proxy localRank 3 -> connection 0x7f0f4c006548
pytorch-benchmark-opt-0:107:154 [0] NCCL INFO New proxy recv connection 47 from local rank 0, transport 0
pytorch-benchmark-opt-0:107:160 [0] NCCL INFO Connected to proxy localRank 0 -> connection 0x7f057c006548
pytorch-benchmark-opt-0:110:162 [3] NCCL INFO Channel 00/0 : 3[3] -> 2[2] via P2P/CUMEM
pytorch-benchmark-opt-0:108:155 [1] NCCL INFO New proxy recv connection 40 from local rank 1, transport 0
pytorch-benchmark-opt-0:110:152 [3] NCCL INFO New proxy send connection 48 from local rank 3, transport 0
pytorch-benchmark-opt-0:110:162 [3] NCCL INFO Connected to proxy localRank 3 -> connection 0x7f0f4c0065c0
pytorch-benchmark-opt-0:108:163 [1] NCCL INFO Connected to proxy localRank 1 -> connection 0x7fbd30006200
pytorch-benchmark-opt-0:107:154 [0] NCCL INFO New proxy recv connection 48 from local rank 0, transport 0
pytorch-benchmark-opt-0:107:160 [0] NCCL INFO Connected to proxy localRank 0 -> connection 0x7f057c0065c0
pytorch-benchmark-opt-0:109:157 [2] NCCL INFO New proxy recv connection 40 from local rank 2, transport 0
pytorch-benchmark-opt-0:109:161 [2] NCCL INFO Connected to proxy localRank 2 -> connection 0x7f4c98006200
pytorch-benchmark-opt-0:110:162 [3] NCCL INFO Channel 01/0 : 3[3] -> 2[2] via P2P/CUMEM
pytorch-benchmark-opt-0:110:152 [3] NCCL INFO New proxy send connection 49 from local rank 3, transport 0
pytorch-benchmark-opt-0:110:162 [3] NCCL INFO Connected to proxy localRank 3 -> connection 0x7f0f4c006638
pytorch-benchmark-opt-0:108:155 [1] NCCL INFO New proxy recv connection 41 from local rank 1, transport 0
pytorch-benchmark-opt-0:108:163 [1] NCCL INFO Connected to proxy localRank 1 -> connection 0x7fbd30006278
pytorch-benchmark-opt-0:109:157 [2] NCCL INFO New proxy recv connection 41 from local rank 2, transport 0
pytorch-benchmark-opt-0:109:161 [2] NCCL INFO Connected to proxy localRank 2 -> connection 0x7f4c98006278
pytorch-benchmark-opt-0:107:154 [0] NCCL INFO New proxy recv connection 49 from local rank 0, transport 0
pytorch-benchmark-opt-0:107:160 [0] NCCL INFO Connected to proxy localRank 0 -> connection 0x7f057c006638
pytorch-benchmark-opt-0:110:162 [3] NCCL INFO Channel 04/0 : 3[3] -> 2[2] via P2P/CUMEM
pytorch-benchmark-opt-0:110:152 [3] NCCL INFO New proxy send connection 50 from local rank 3, transport 0
pytorch-benchmark-opt-0:110:162 [3] NCCL INFO Connected to proxy localRank 3 -> connection 0x7f0f4c0066b0
pytorch-benchmark-opt-0:107:154 [0] NCCL INFO New proxy recv connection 50 from local rank 0, transport 0
pytorch-benchmark-opt-0:107:160 [0] NCCL INFO Connected to proxy localRank 0 -> connection 0x7f057c0066b0
pytorch-benchmark-opt-0:110:162 [3] NCCL INFO Channel 07/0 : 3[3] -> 2[2] via P2P/CUMEM
pytorch-benchmark-opt-0:110:152 [3] NCCL INFO New proxy send connection 51 from local rank 3, transport 0
pytorch-benchmark-opt-0:110:162 [3] NCCL INFO Connected to proxy localRank 3 -> connection 0x7f0f4c006728
