pytorch-benchmark-opt-0:108:155 [1] NCCL INFO New proxy recv connection 42 from local rank 1, transport 0
pytorch-benchmark-opt-0:108:163 [1] NCCL INFO Connected to proxy localRank 1 -> connection 0x7fbd300062f0
pytorch-benchmark-opt-0:109:157 [2] NCCL INFO New proxy recv connection 42 from local rank 2, transport 0
pytorch-benchmark-opt-0:109:161 [2] NCCL INFO Connected to proxy localRank 2 -> connection 0x7f4c980062f0
pytorch-benchmark-opt-0:107:154 [0] NCCL INFO New proxy recv connection 51 from local rank 0, transport 0
pytorch-benchmark-opt-0:107:160 [0] NCCL INFO Connected to proxy localRank 0 -> connection 0x7f057c006728
pytorch-benchmark-opt-0:110:162 [3] NCCL INFO Channel 08/0 : 3[3] -> 2[2] via P2P/CUMEM
pytorch-benchmark-opt-0:110:152 [3] NCCL INFO New proxy send connection 52 from local rank 3, transport 0
pytorch-benchmark-opt-0:110:162 [3] NCCL INFO Connected to proxy localRank 3 -> connection 0x7f0f4c0067a0
pytorch-benchmark-opt-0:109:157 [2] NCCL INFO New proxy recv connection 43 from local rank 2, transport 0
pytorch-benchmark-opt-0:109:161 [2] NCCL INFO Connected to proxy localRank 2 -> connection 0x7f4c98006368
pytorch-benchmark-opt-0:108:155 [1] NCCL INFO New proxy recv connection 43 from local rank 1, transport 0
pytorch-benchmark-opt-0:108:163 [1] NCCL INFO Connected to proxy localRank 1 -> connection 0x7fbd30006368
pytorch-benchmark-opt-0:107:154 [0] NCCL INFO New proxy recv connection 52 from local rank 0, transport 0
pytorch-benchmark-opt-0:107:160 [0] NCCL INFO Connected to proxy localRank 0 -> connection 0x7f057c0067a0
pytorch-benchmark-opt-0:110:162 [3] NCCL INFO Channel 09/0 : 3[3] -> 2[2] via P2P/CUMEM
pytorch-benchmark-opt-0:110:152 [3] NCCL INFO New proxy send connection 53 from local rank 3, transport 0
pytorch-benchmark-opt-0:110:162 [3] NCCL INFO Connected to proxy localRank 3 -> connection 0x7f0f4c006818
pytorch-benchmark-opt-0:108:155 [1] NCCL INFO New proxy recv connection 44 from local rank 1, transport 0
pytorch-benchmark-opt-0:108:163 [1] NCCL INFO Connected to proxy localRank 1 -> connection 0x7fbd300063e0
pytorch-benchmark-opt-0:109:157 [2] NCCL INFO New proxy recv connection 44 from local rank 2, transport 0
pytorch-benchmark-opt-0:109:161 [2] NCCL INFO Connected to proxy localRank 2 -> connection 0x7f4c980063e0
pytorch-benchmark-opt-0:107:154 [0] NCCL INFO New proxy recv connection 53 from local rank 0, transport 0
pytorch-benchmark-opt-0:107:160 [0] NCCL INFO Connected to proxy localRank 0 -> connection 0x7f057c006818
pytorch-benchmark-opt-0:110:162 [3] NCCL INFO Channel 12/0 : 3[3] -> 2[2] via P2P/CUMEM
pytorch-benchmark-opt-0:110:152 [3] NCCL INFO New proxy send connection 54 from local rank 3, transport 0
pytorch-benchmark-opt-0:110:162 [3] NCCL INFO Connected to proxy localRank 3 -> connection 0x7f0f4c006890
pytorch-benchmark-opt-0:109:157 [2] NCCL INFO New proxy recv connection 45 from local rank 2, transport 0
pytorch-benchmark-opt-0:108:155 [1] NCCL INFO New proxy recv connection 45 from local rank 1, transport 0
pytorch-benchmark-opt-0:109:161 [2] NCCL INFO Connected to proxy localRank 2 -> connection 0x7f4c98006458
pytorch-benchmark-opt-0:108:163 [1] NCCL INFO Connected to proxy localRank 1 -> connection 0x7fbd30006458
pytorch-benchmark-opt-0:107:154 [0] NCCL INFO New proxy recv connection 54 from local rank 0, transport 0
pytorch-benchmark-opt-0:107:160 [0] NCCL INFO Connected to proxy localRank 0 -> connection 0x7f057c006890
pytorch-benchmark-opt-0:110:162 [3] NCCL INFO Channel 15/0 : 3[3] -> 2[2] via P2P/CUMEM
pytorch-benchmark-opt-0:110:152 [3] NCCL INFO New proxy send connection 55 from local rank 3, transport 0
pytorch-benchmark-opt-0:110:162 [3] NCCL INFO Connected to proxy localRank 3 -> connection 0x7f0f4c006908
pytorch-benchmark-opt-0:109:157 [2] NCCL INFO New proxy recv connection 46 from local rank 2, transport 0
pytorch-benchmark-opt-0:109:161 [2] NCCL INFO Connected to proxy localRank 2 -> connection 0x7f4c980064d0
pytorch-benchmark-opt-0:107:154 [0] NCCL INFO New proxy recv connection 55 from local rank 0, transport 0
pytorch-benchmark-opt-0:107:160 [0] NCCL INFO Connected to proxy localRank 0 -> connection 0x7f057c006908
pytorch-benchmark-opt-0:108:155 [1] NCCL INFO New proxy recv connection 46 from local rank 1, transport 0
pytorch-benchmark-opt-0:108:163 [1] NCCL INFO Connected to proxy localRank 1 -> connection 0x7fbd300064d0
pytorch-benchmark-opt-0:109:157 [2] NCCL INFO New proxy recv connection 47 from local rank 2, transport 0
pytorch-benchmark-opt-0:109:161 [2] NCCL INFO Connected to proxy localRank 2 -> connection 0x7f4c98006548
pytorch-benchmark-opt-0:108:155 [1] NCCL INFO New proxy recv connection 47 from local rank 1, transport 0
pytorch-benchmark-opt-0:108:163 [1] NCCL INFO Connected to proxy localRank 1 -> connection 0x7fbd30006548
pytorch-benchmark-opt-0:109:161 [2] NCCL INFO Channel 00/0 : 2[2] -> 1[1] via P2P/CUMEM
pytorch-benchmark-opt-0:109:157 [2] NCCL INFO New proxy send connection 48 from local rank 2, transport 0
pytorch-benchmark-opt-0:109:161 [2] NCCL INFO Connected to proxy localRank 2 -> connection 0x7f4c980065c0
pytorch-benchmark-opt-0:108:163 [1] NCCL INFO Channel 00/0 : 1[1] -> 0[0] via P2P/CUMEM
pytorch-benchmark-opt-0:109:161 [2] NCCL INFO Channel 01/0 : 2[2] -> 1[1] via P2P/CUMEM
pytorch-benchmark-opt-0:108:155 [1] NCCL INFO New proxy send connection 48 from local rank 1, transport 0
pytorch-benchmark-opt-0:108:163 [1] NCCL INFO Connected to proxy localRank 1 -> connection 0x7fbd300065c0
pytorch-benchmark-opt-0:109:157 [2] NCCL INFO New proxy send connection 49 from local rank 2, transport 0
pytorch-benchmark-opt-0:109:161 [2] NCCL INFO Connected to proxy localRank 2 -> connection 0x7f4c98006638
pytorch-benchmark-opt-0:108:163 [1] NCCL INFO Channel 02/0 : 1[1] -> 0[0] via P2P/CUMEM
pytorch-benchmark-opt-0:108:155 [1] NCCL INFO New proxy send connection 49 from local rank 1, transport 0
pytorch-benchmark-opt-0:108:163 [1] NCCL INFO Connected to proxy localRank 1 -> connection 0x7fbd30006638
pytorch-benchmark-opt-0:109:161 [2] NCCL INFO Channel 04/0 : 2[2] -> 1[1] via P2P/CUMEM
pytorch-benchmark-opt-0:109:157 [2] NCCL INFO New proxy send connection 50 from local rank 2, transport 0
pytorch-benchmark-opt-0:109:161 [2] NCCL INFO Connected to proxy localRank 2 -> connection 0x7f4c980066b0
pytorch-benchmark-opt-0:108:163 [1] NCCL INFO Channel 03/0 : 1[1] -> 0[0] via P2P/CUMEM
pytorch-benchmark-opt-0:108:155 [1] NCCL INFO New proxy send connection 50 from local rank 1, transport 0
pytorch-benchmark-opt-0:108:163 [1] NCCL INFO Connected to proxy localRank 1 -> connection 0x7fbd300066b0
pytorch-benchmark-opt-0:109:161 [2] NCCL INFO Channel 07/0 : 2[2] -> 1[1] via P2P/CUMEM
pytorch-benchmark-opt-0:109:157 [2] NCCL INFO New proxy send connection 51 from local rank 2, transport 0
pytorch-benchmark-opt-0:109:161 [2] NCCL INFO Connected to proxy localRank 2 -> connection 0x7f4c98006728
pytorch-benchmark-opt-0:108:163 [1] NCCL INFO Channel 07/0 : 1[1] -> 0[0] via P2P/CUMEM
pytorch-benchmark-opt-0:108:155 [1] NCCL INFO New proxy send connection 51 from local rank 1, transport 0
pytorch-benchmark-opt-0:108:163 [1] NCCL INFO Connected to proxy localRank 1 -> connection 0x7fbd30006728
pytorch-benchmark-opt-0:109:161 [2] NCCL INFO Channel 08/0 : 2[2] -> 1[1] via P2P/CUMEM
pytorch-benchmark-opt-0:109:157 [2] NCCL INFO New proxy send connection 52 from local rank 2, transport 0
pytorch-benchmark-opt-0:109:161 [2] NCCL INFO Connected to proxy localRank 2 -> connection 0x7f4c980067a0
pytorch-benchmark-opt-0:108:163 [1] NCCL INFO Channel 08/0 : 1[1] -> 0[0] via P2P/CUMEM
pytorch-benchmark-opt-0:108:155 [1] NCCL INFO New proxy send connection 52 from local rank 1, transport 0
pytorch-benchmark-opt-0:108:163 [1] NCCL INFO Connected to proxy localRank 1 -> connection 0x7fbd300067a0
pytorch-benchmark-opt-0:109:161 [2] NCCL INFO Channel 09/0 : 2[2] -> 1[1] via P2P/CUMEM
pytorch-benchmark-opt-0:109:157 [2] NCCL INFO New proxy send connection 53 from local rank 2, transport 0
pytorch-benchmark-opt-0:109:161 [2] NCCL INFO Connected to proxy localRank 2 -> connection 0x7f4c98006818
pytorch-benchmark-opt-0:108:163 [1] NCCL INFO Channel 10/0 : 1[1] -> 0[0] via P2P/CUMEM
pytorch-benchmark-opt-0:108:155 [1] NCCL INFO New proxy send connection 53 from local rank 1, transport 0
pytorch-benchmark-opt-0:108:163 [1] NCCL INFO Connected to proxy localRank 1 -> connection 0x7fbd30006818
pytorch-benchmark-opt-0:109:161 [2] NCCL INFO Channel 12/0 : 2[2] -> 1[1] via P2P/CUMEM
pytorch-benchmark-opt-0:109:157 [2] NCCL INFO New proxy send connection 54 from local rank 2, transport 0
pytorch-benchmark-opt-0:109:161 [2] NCCL INFO Connected to proxy localRank 2 -> connection 0x7f4c98006890
pytorch-benchmark-opt-0:108:163 [1] NCCL INFO Channel 11/0 : 1[1] -> 0[0] via P2P/CUMEM
pytorch-benchmark-opt-0:108:155 [1] NCCL INFO New proxy send connection 54 from local rank 1, transport 0
pytorch-benchmark-opt-0:108:163 [1] NCCL INFO Connected to proxy localRank 1 -> connection 0x7fbd30006890
pytorch-benchmark-opt-0:109:161 [2] NCCL INFO Channel 15/0 : 2[2] -> 1[1] via P2P/CUMEM
pytorch-benchmark-opt-0:109:157 [2] NCCL INFO New proxy send connection 55 from local rank 2, transport 0
pytorch-benchmark-opt-0:109:161 [2] NCCL INFO Connected to proxy localRank 2 -> connection 0x7f4c98006908
pytorch-benchmark-opt-0:108:163 [1] NCCL INFO Channel 15/0 : 1[1] -> 0[0] via P2P/CUMEM
pytorch-benchmark-opt-0:108:155 [1] NCCL INFO New proxy send connection 55 from local rank 1, transport 0
pytorch-benchmark-opt-0:108:163 [1] NCCL INFO Connected to proxy localRank 1 -> connection 0x7fbd30006908
pytorch-benchmark-opt-0:109:157 [2] NCCL INFO New proxy send connection 56 from local rank 3, transport 0
pytorch-benchmark-opt-0:110:162 [3] NCCL INFO Connected to proxy localRank 2 -> connection 0x7f4c98006980
pytorch-benchmark-opt-0:110:152 [3] NCCL INFO New proxy send connection 56 from local rank 2, transport 0
pytorch-benchmark-opt-0:109:161 [2] NCCL INFO Connected to proxy localRank 3 -> connection 0x7f0f4c006980
pytorch-benchmark-opt-0:108:155 [1] NCCL INFO New proxy send connection 56 from local rank 0, transport 0
pytorch-benchmark-opt-0:107:160 [0] NCCL INFO Connected to proxy localRank 1 -> connection 0x7fbd30006980
pytorch-benchmark-opt-0:109:157 [2] NCCL INFO New proxy send connection 57 from local rank 1, transport 0
pytorch-benchmark-opt-0:108:163 [1] NCCL INFO Connected to proxy localRank 2 -> connection 0x7f4c980069f8
pytorch-benchmark-opt-0:108:155 [1] NCCL INFO New proxy send connection 57 from local rank 2, transport 0
pytorch-benchmark-opt-0:109:161 [2] NCCL INFO Connected to proxy localRank 1 -> connection 0x7fbd300069f8
pytorch-benchmark-opt-0:107:154 [0] NCCL INFO New proxy send connection 56 from local rank 1, transport 0
pytorch-benchmark-opt-0:108:163 [1] NCCL INFO Connected to proxy localRank 0 -> connection 0x7f057c006980
pytorch-benchmark-opt-0:108:155 [1] NCCL INFO New proxy send connection 58 from local rank 3, transport 0
pytorch-benchmark-opt-0:110:162 [3] NCCL INFO Connected to proxy localRank 1 -> connection 0x7fbd30006a70
pytorch-benchmark-opt-0:109:157 [2] NCCL INFO New proxy send connection 58 from local rank 0, transport 0
pytorch-benchmark-opt-0:107:160 [0] NCCL INFO Connected to proxy localRank 2 -> connection 0x7f4c98006a70
pytorch-benchmark-opt-0:107:154 [0] NCCL INFO New proxy send connection 57 from local rank 2, transport 0
pytorch-benchmark-opt-0:109:161 [2] NCCL INFO Connected to proxy localRank 0 -> connection 0x7f057c0069f8
pytorch-benchmark-opt-0:107:154 [0] NCCL INFO New proxy send connection 58 from local rank 3, transport 0
pytorch-benchmark-opt-0:110:162 [3] NCCL INFO Connected to proxy localRank 0 -> connection 0x7f057c006a70
pytorch-benchmark-opt-0:110:152 [3] NCCL INFO New proxy send connection 57 from local rank 1, transport 0
pytorch-benchmark-opt-0:108:163 [1] NCCL INFO Connected to proxy localRank 3 -> connection 0x7f0f4c0069f8
pytorch-benchmark-opt-0:110:152 [3] NCCL INFO New proxy send connection 58 from local rank 0, transport 0
pytorch-benchmark-opt-0:107:160 [0] NCCL INFO Connected to proxy localRank 3 -> connection 0x7f0f4c006a70
pytorch-benchmark-opt-0:108:155 [1] NCCL INFO NET/IB: NCCL Dev 1 IbDev 1 Port 1 qpn 4607 mtu 5 query_ece={supported=1, vendor_id=0x15b3, options=0x30000003, comp_mask=0x0} GID 3 (0/268000AFFFF0000) fifoRkey=0x40f00 fifoLkey=0x40f00
pytorch-benchmark-opt-0:109:157 [2] NCCL INFO NET/IB: NCCL Dev 2 IbDev 2 Port 1 qpn 4721 mtu 5 query_ece={supported=1, vendor_id=0x15b3, options=0x30000003, comp_mask=0x0} GID 3 (0/269000AFFFF0000) fifoRkey=0x40f00 fifoLkey=0x40f00
pytorch-benchmark-opt-0:107:154 [0] NCCL INFO NET/IB: NCCL Dev 0 IbDev 0 Port 1 qpn 4614 mtu 5 query_ece={supported=1, vendor_id=0x15b3, options=0x30000003, comp_mask=0x0} GID 3 (0/267000AFFFF0000) fifoRkey=0x40f00 fifoLkey=0x40f00
pytorch-benchmark-opt-0:110:152 [3] NCCL INFO NET/IB: NCCL Dev 3 IbDev 3 Port 1 qpn 4641 mtu 5 query_ece={supported=1, vendor_id=0x15b3, options=0x30000003, comp_mask=0x0} GID 3 (0/26A000AFFFF0000) fifoRkey=0x40f00 fifoLkey=0x40f00
pytorch-benchmark-opt-0:109:157 [2] NCCL INFO NET/IB: IbDev 2 Port 1 qpn 5403 set_ece={supported=1, vendor_id=0x15b3, options=0x0, comp_mask=0x0}
pytorch-benchmark-opt-0:108:155 [1] NCCL INFO NET/IB: NCCL Dev 1 IbDev 1 Port 1 qpn 4610 mtu 5 query_ece={supported=1, vendor_id=0x15b3, options=0x30000003, comp_mask=0x0} GID 3 (0/268000AFFFF0000) fifoRkey=0x41300 fifoLkey=0x41300
pytorch-benchmark-opt-0:108:155 [1] NCCL INFO NET/IB: IbDev 1 Port 1 qpn 5455 set_ece={supported=1, vendor_id=0x15b3, options=0x0, comp_mask=0x0}
pytorch-benchmark-opt-0:109:157 [2] NCCL INFO NET/IB: NCCL Dev 2 IbDev 2 Port 1 qpn 4724 mtu 5 query_ece={supported=1, vendor_id=0x15b3, options=0x30000003, comp_mask=0x0} GID 3 (0/269000AFFFF0000) fifoRkey=0x41b00 fifoLkey=0x41b00
pytorch-benchmark-opt-0:108:155 [1] NCCL INFO NET/IB: IbDev 1 Port 1 qpn 5457 set_ece={supported=1, vendor_id=0x15b3, options=0x0, comp_mask=0x0}
pytorch-benchmark-opt-0:109:157 [2] NCCL INFO NET/IB: IbDev 2 Port 1 qpn 5405 set_ece={supported=1, vendor_id=0x15b3, options=0x0, comp_mask=0x0}
pytorch-benchmark-opt-0:108:155 [1] NCCL INFO NET/IB: NCCL Dev 1 IbDev 1 Port 1 qpn 4613 mtu 5 query_ece={supported=1, vendor_id=0x15b3, options=0x30000003, comp_mask=0x0} GID 3 (0/268000AFFFF0000) fifoRkey=0x42500 fifoLkey=0x42500
pytorch-benchmark-opt-0:109:157 [2] NCCL INFO NET/IB: NCCL Dev 2 IbDev 2 Port 1 qpn 4727 mtu 5 query_ece={supported=1, vendor_id=0x15b3, options=0x30000003, comp_mask=0x0} GID 3 (0/269000AFFFF0000) fifoRkey=0x42600 fifoLkey=0x42600
pytorch-benchmark-opt-0:108:155 [1] NCCL INFO NET/IB: NCCL Dev 1 IbDev 1 Port 1 qpn 4682 mtu 5 query_ece={supported=1, vendor_id=0x15b3, options=0x30000003, comp_mask=0x0} GID 3 (0/268000AFFFF0000) fifoRkey=0x42900 fifoLkey=0x42900
pytorch-benchmark-opt-0:107:154 [0] NCCL INFO NET/IB: NCCL Dev 0 IbDev 0 Port 1 qpn 4617 mtu 5 query_ece={supported=1, vendor_id=0x15b3, options=0x30000003, comp_mask=0x0} GID 3 (0/267000AFFFF0000) fifoRkey=0x41300 fifoLkey=0x41300
pytorch-benchmark-opt-0:110:152 [3] NCCL INFO NET/IB: NCCL Dev 3 IbDev 3 Port 1 qpn 4644 mtu 5 query_ece={supported=1, vendor_id=0x15b3, options=0x30000003, comp_mask=0x0} GID 3 (0/26A000AFFFF0000) fifoRkey=0x41400 fifoLkey=0x41400
pytorch-benchmark-opt-0:109:157 [2] NCCL INFO NET/IB: NCCL Dev 2 IbDev 2 Port 1 qpn 4796 mtu 5 query_ece={supported=1, vendor_id=0x15b3, options=0x30000003, comp_mask=0x0} GID 3 (0/269000AFFFF0000) fifoRkey=0x42a00 fifoLkey=0x42a00
pytorch-benchmark-opt-0:110:152 [3] NCCL INFO NET/IB: IbDev 3 Port 1 qpn 5399 set_ece={supported=1, vendor_id=0x15b3, options=0x0, comp_mask=0x0}
pytorch-benchmark-opt-0:107:154 [0] NCCL INFO NET/IB: IbDev 0 Port 1 qpn 5450 set_ece={supported=1, vendor_id=0x15b3, options=0x0, comp_mask=0x0}
pytorch-benchmark-opt-0:107:154 [0] NCCL INFO NET/IB: IbDev 0 Port 1 qpn 5452 set_ece={supported=1, vendor_id=0x15b3, options=0x0, comp_mask=0x0}
pytorch-benchmark-opt-0:110:152 [3] NCCL INFO NET/IB: IbDev 3 Port 1 qpn 5397 set_ece={supported=1, vendor_id=0x15b3, options=0x0, comp_mask=0x0}
pytorch-benchmark-opt-0:109:157 [2] NCCL INFO NET/IB: IbDev 2 Port 1 qpn 5473 set_ece={supported=1, vendor_id=0x15b3, options=0x0, comp_mask=0x0}
pytorch-benchmark-opt-0:108:155 [1] NCCL INFO NET/IB: IbDev 1 Port 1 qpn 5525 set_ece={supported=1, vendor_id=0x15b3, options=0x0, comp_mask=0x0}
pytorch-benchmark-opt-0:107:154 [0] NCCL INFO NET/IB: NCCL Dev 0 IbDev 0 Port 1 qpn 4620 mtu 5 query_ece={supported=1, vendor_id=0x15b3, options=0x30000003, comp_mask=0x0} GID 3 (0/267000AFFFF0000) fifoRkey=0x42500 fifoLkey=0x42500
pytorch-benchmark-opt-0:110:152 [3] NCCL INFO NET/IB: NCCL Dev 3 IbDev 3 Port 1 qpn 4647 mtu 5 query_ece={supported=1, vendor_id=0x15b3, options=0x30000003, comp_mask=0x0} GID 3 (0/26A000AFFFF0000) fifoRkey=0x42600 fifoLkey=0x42600
pytorch-benchmark-opt-0:107:154 [0] NCCL INFO NET/IB: NCCL Dev 0 IbDev 0 Port 1 qpn 4689 mtu 5 query_ece={supported=1, vendor_id=0x15b3, options=0x30000003, comp_mask=0x0} GID 3 (0/267000AFFFF0000) fifoRkey=0x42900 fifoLkey=0x42900
pytorch-benchmark-opt-0:107:154 [0] NCCL INFO NET/IB: IbDev 0 Port 1 qpn 5521 set_ece={supported=1, vendor_id=0x15b3, options=0x0, comp_mask=0x0}
pytorch-benchmark-opt-0:110:152 [3] NCCL INFO NET/IB: NCCL Dev 3 IbDev 3 Port 1 qpn 4716 mtu 5 query_ece={supported=1, vendor_id=0x15b3, options=0x30000003, comp_mask=0x0} GID 3 (0/26A000AFFFF0000) fifoRkey=0x42a00 fifoLkey=0x42a00
pytorch-benchmark-opt-0:110:152 [3] NCCL INFO NET/IB: IbDev 3 Port 1 qpn 5469 set_ece={supported=1, vendor_id=0x15b3, options=0x0, comp_mask=0x0}
pytorch-benchmark-opt-0:109:157 [2] NCCL INFO NET/IB: IbDev 2 Port 1 qpn 5475 set_ece={supported=1, vendor_id=0x15b3, options=0x0, comp_mask=0x0}
pytorch-benchmark-opt-0:108:155 [1] NCCL INFO NET/IB: IbDev 1 Port 1 qpn 5527 set_ece={supported=1, vendor_id=0x15b3, options=0x0, comp_mask=0x0}
pytorch-benchmark-opt-0:107:154 [0] NCCL INFO NET/IB: IbDev 0 Port 1 qpn 5523 set_ece={supported=1, vendor_id=0x15b3, options=0x0, comp_mask=0x0}
pytorch-benchmark-opt-0:110:152 [3] NCCL INFO NET/IB: IbDev 3 Port 1 qpn 5471 set_ece={supported=1, vendor_id=0x15b3, options=0x0, comp_mask=0x0}
pytorch-benchmark-opt-0:107:160 [0] NCCL INFO Connected all trees
pytorch-benchmark-opt-0:110:162 [3] NCCL INFO Connected all trees
pytorch-benchmark-opt-0:108:163 [1] NCCL INFO Connected all trees
pytorch-benchmark-opt-0:109:161 [2] NCCL INFO Connected all trees
    0.10      141.3          112.1          270.2          1.24           1.56           0.65
    0.12      150.4          105.1          946.3          1.40           2.00           0.22
    0.15      123.1          110.4          153.9          2.13           2.38           1.71
    0.20      131.1          114.8          193.5          2.67           3.05           1.81
    0.32      144.5          115.5         1768.7          3.88           4.85           0.32
    0.40      127.8          117.0          163.2          5.48           5.98           4.29
    0.50      176.1          118.0         2350.9          4.97           7.41           0.37
    0.64      128.7          117.6          170.2          8.70           9.53           6.58
    0.80      231.1          125.4         2933.3          6.06          11.16           0.48
    1.00      153.4          129.7          681.0         11.41          13.49           2.57
    1.25      170.3          136.4         2361.8         12.85          16.04           0.93
    1.50      154.2          144.4          204.6         17.02          18.18          12.83
    2.00      212.9          156.2         2767.0         16.44          22.41           1.26
    3.16      283.9          184.7         2694.8         19.48          29.94           2.05
    4.00      228.5          205.0         1285.9         30.63          34.15           5.44
    5.00      260.0          231.9         1775.4         33.66          37.73           4.93
    6.40      333.0          262.1         1637.5         33.63          42.74           6.84
    8.00      362.0          303.7         1605.7         38.67          46.10           8.72
   10.00      374.6          362.3          388.8         46.72          48.30          45.01
   12.50      482.5          433.4         1119.6         45.34          50.48          19.54
   15.00      511.2          491.9          521.7         51.35          53.37          50.32
   20.00      638.6          538.2         1418.0         54.81          65.03          24.68
   31.60      611.3          593.0          647.4         90.47          93.25          85.41
   40.00      685.4          635.1         1062.8        102.13         110.21          65.86
pytorch-benchmark-opt-0:110:168 [3] NCCL INFO GPU Direct RDMA Enabled for GPU c6000 / HCA 0 (distance 4 <= 7), read 1
pytorch-benchmark-opt-0:107:170 [0] NCCL INFO GPU Direct RDMA Enabled for GPU 6000 / HCA 0 (distance 4 <= 7), read 0
pytorch-benchmark-opt-0:107:154 [0] NCCL INFO New proxy send connection 59 from local rank 3, transport 2
pytorch-benchmark-opt-0:108:155 [1] NCCL INFO New proxy recv connection 59 from local rank 1, transport 0
pytorch-benchmark-opt-0:107:154 [0] NCCL INFO New proxy recv connection 60 from local rank 0, transport 2
pytorch-benchmark-opt-0:108:169 [1] NCCL INFO Connected to proxy localRank 1 -> connection 0x7fbd30006ae8
pytorch-benchmark-opt-0:107:170 [0] NCCL INFO Connected to proxy localRank 0 -> connection 0x7f057c006b60
pytorch-benchmark-opt-0:110:168 [3] NCCL INFO Connected to proxy localRank 0 -> connection 0x7f057c006ae8
pytorch-benchmark-opt-0:109:157 [2] NCCL INFO New proxy recv connection 59 from local rank 2, transport 0
pytorch-benchmark-opt-0:109:171 [2] NCCL INFO Connected to proxy localRank 2 -> connection 0x7f4c98006ae8
pytorch-benchmark-opt-0:107:154 [0] NCCL INFO NET/IB : GPU Direct RDMA (nvidia-peermem) enabled for HCA 0 'mlx5_6
pytorch-benchmark-opt-0:107:154 [0] NCCL INFO NET/IB : GPU Direct RDMA (DMABUF) enabled for HCA 0 'mlx5_6
pytorch-benchmark-opt-0:107:170 [0] NCCL INFO Channel 00/0 : 7[3] -> 0[0] [receive] via NET/IBext_v8/0/GDRDMA
pytorch-benchmark-opt-0:107:170 [0] NCCL INFO GPU Direct RDMA Enabled for GPU 6000 / HCA 0 (distance 4 <= 7), read 0
pytorch-benchmark-opt-0:107:154 [0] NCCL INFO NET/IB : GPU Direct RDMA (nvidia-peermem) enabled for HCA 0 'mlx5_6
pytorch-benchmark-opt-0:107:154 [0] NCCL INFO NET/IB : GPU Direct RDMA (DMABUF) enabled for HCA 0 'mlx5_6
pytorch-benchmark-opt-0:110:168 [3] NCCL INFO Channel 00/0 : 3[3] -> 4[0] [send] via NET/IBext_v8/0(0)/GDRDMA
pytorch-benchmark-opt-0:110:168 [3] NCCL INFO GPU Direct RDMA Enabled for GPU c6000 / HCA 0 (distance 4 <= 7), read 1
pytorch-benchmark-opt-0:107:154 [0] NCCL INFO New proxy recv connection 61 from local rank 0, transport 2
pytorch-benchmark-opt-0:107:170 [0] NCCL INFO Connected to proxy localRank 0 -> connection 0x7f057c006bd8
pytorch-benchmark-opt-0:107:154 [0] NCCL INFO New proxy send connection 62 from local rank 3, transport 2
pytorch-benchmark-opt-0:110:168 [3] NCCL INFO Connected to proxy localRank 0 -> connection 0x7f057c006c50
pytorch-benchmark-opt-0:107:154 [0] NCCL INFO NET/IB : GPU Direct RDMA (nvidia-peermem) enabled for HCA 0 'mlx5_6
pytorch-benchmark-opt-0:107:154 [0] NCCL INFO NET/IB : GPU Direct RDMA (DMABUF) enabled for HCA 0 'mlx5_6
pytorch-benchmark-opt-0:107:170 [0] NCCL INFO Channel 04/0 : 7[3] -> 0[0] [receive] via NET/IBext_v8/0/GDRDMA
pytorch-benchmark-opt-0:107:170 [0] NCCL INFO GPU Direct RDMA Enabled for GPU 6000 / HCA 0 (distance 4 <= 7), read 0
pytorch-benchmark-opt-0:107:154 [0] NCCL INFO NET/IB : GPU Direct RDMA (nvidia-peermem) enabled for HCA 0 'mlx5_6
pytorch-benchmark-opt-0:107:154 [0] NCCL INFO NET/IB : GPU Direct RDMA (DMABUF) enabled for HCA 0 'mlx5_6
pytorch-benchmark-opt-0:110:168 [3] NCCL INFO Channel 04/0 : 3[3] -> 4[0] [send] via NET/IBext_v8/0(0)/GDRDMA
pytorch-benchmark-opt-0:110:168 [3] NCCL INFO GPU Direct RDMA Enabled for GPU c6000 / HCA 0 (distance 4 <= 7), read 1
pytorch-benchmark-opt-0:107:154 [0] NCCL INFO New proxy recv connection 63 from local rank 0, transport 2
pytorch-benchmark-opt-0:107:170 [0] NCCL INFO Connected to proxy localRank 0 -> connection 0x7f057c006cc8
pytorch-benchmark-opt-0:107:154 [0] NCCL INFO New proxy send connection 64 from local rank 3, transport 2
pytorch-benchmark-opt-0:110:168 [3] NCCL INFO Connected to proxy localRank 0 -> connection 0x7f057c006d40
pytorch-benchmark-opt-0:107:154 [0] NCCL INFO NET/IB : GPU Direct RDMA (nvidia-peermem) enabled for HCA 0 'mlx5_6
pytorch-benchmark-opt-0:107:154 [0] NCCL INFO NET/IB : GPU Direct RDMA (DMABUF) enabled for HCA 0 'mlx5_6
pytorch-benchmark-opt-0:107:170 [0] NCCL INFO Channel 08/0 : 7[3] -> 0[0] [receive] via NET/IBext_v8/0/GDRDMA
pytorch-benchmark-opt-0:107:170 [0] NCCL INFO GPU Direct RDMA Enabled for GPU 6000 / HCA 0 (distance 4 <= 7), read 0
pytorch-benchmark-opt-0:107:154 [0] NCCL INFO NET/IB : GPU Direct RDMA (nvidia-peermem) enabled for HCA 0 'mlx5_6
pytorch-benchmark-opt-0:107:154 [0] NCCL INFO NET/IB : GPU Direct RDMA (DMABUF) enabled for HCA 0 'mlx5_6
pytorch-benchmark-opt-0:110:168 [3] NCCL INFO Channel 08/0 : 3[3] -> 4[0] [send] via NET/IBext_v8/0(0)/GDRDMA
pytorch-benchmark-opt-0:110:168 [3] NCCL INFO GPU Direct RDMA Enabled for GPU c6000 / HCA 0 (distance 4 <= 7), read 1
pytorch-benchmark-opt-0:107:154 [0] NCCL INFO New proxy recv connection 65 from local rank 0, transport 2
pytorch-benchmark-opt-0:107:170 [0] NCCL INFO Connected to proxy localRank 0 -> connection 0x7f057c006db8
pytorch-benchmark-opt-0:107:154 [0] NCCL INFO New proxy send connection 66 from local rank 3, transport 2
pytorch-benchmark-opt-0:110:168 [3] NCCL INFO Connected to proxy localRank 0 -> connection 0x7f057c006e30
pytorch-benchmark-opt-0:107:154 [0] NCCL INFO NET/IB : GPU Direct RDMA (nvidia-peermem) enabled for HCA 0 'mlx5_6
pytorch-benchmark-opt-0:107:154 [0] NCCL INFO NET/IB : GPU Direct RDMA (DMABUF) enabled for HCA 0 'mlx5_6
pytorch-benchmark-opt-0:107:170 [0] NCCL INFO Channel 12/0 : 7[3] -> 0[0] [receive] via NET/IBext_v8/0/GDRDMA
pytorch-benchmark-opt-0:107:154 [0] NCCL INFO NET/IB : GPU Direct RDMA (nvidia-peermem) enabled for HCA 0 'mlx5_6
pytorch-benchmark-opt-0:107:154 [0] NCCL INFO NET/IB : GPU Direct RDMA (DMABUF) enabled for HCA 0 'mlx5_6
pytorch-benchmark-opt-0:107:170 [0] NCCL INFO Channel 04/0 : 0[0] -> 1[1] via P2P/CUMEM
pytorch-benchmark-opt-0:110:168 [3] NCCL INFO Channel 12/0 : 3[3] -> 4[0] [send] via NET/IBext_v8/0(0)/GDRDMA
pytorch-benchmark-opt-0:107:154 [0] NCCL INFO New proxy send connection 67 from local rank 0, transport 0
pytorch-benchmark-opt-0:107:170 [0] NCCL INFO Connected to proxy localRank 0 -> connection 0x7f057c006ea8
pytorch-benchmark-opt-0:108:155 [1] NCCL INFO New proxy recv connection 60 from local rank 1, transport 0
pytorch-benchmark-opt-0:108:169 [1] NCCL INFO Connected to proxy localRank 1 -> connection 0x7fbd30006b60
pytorch-benchmark-opt-0:109:157 [2] NCCL INFO New proxy recv connection 60 from local rank 2, transport 0
pytorch-benchmark-opt-0:109:171 [2] NCCL INFO Connected to proxy localRank 2 -> connection 0x7f4c98006b60
pytorch-benchmark-opt-0:107:170 [0] NCCL INFO Channel 12/0 : 0[0] -> 1[1] via P2P/CUMEM
pytorch-benchmark-opt-0:107:154 [0] NCCL INFO New proxy send connection 68 from local rank 0, transport 0
pytorch-benchmark-opt-0:107:170 [0] NCCL INFO Connected to proxy localRank 0 -> connection 0x7f057c006f20
pytorch-benchmark-opt-0:110:152 [3] NCCL INFO New proxy recv connection 59 from local rank 3, transport 0
pytorch-benchmark-opt-0:110:168 [3] NCCL INFO Connected to proxy localRank 3 -> connection 0x7f0f4c006ae8
pytorch-benchmark-opt-0:107:170 [0] NCCL INFO Channel 07/0 : 0[0] -> 2[2] via P2P/CUMEM
pytorch-benchmark-opt-0:108:169 [1] NCCL INFO Channel 01/0 : 1[1] -> 3[3] via P2P/CUMEM
pytorch-benchmark-opt-0:107:154 [0] NCCL INFO New proxy send connection 69 from local rank 0, transport 0
pytorch-benchmark-opt-0:108:155 [1] NCCL INFO New proxy send connection 61 from local rank 1, transport 0
pytorch-benchmark-opt-0:107:170 [0] NCCL INFO Connected to proxy localRank 0 -> connection 0x7f057c006f98
pytorch-benchmark-opt-0:108:169 [1] NCCL INFO Connected to proxy localRank 1 -> connection 0x7fbd30006bd8
pytorch-benchmark-opt-0:108:169 [1] NCCL INFO Channel 09/0 : 1[1] -> 3[3] via P2P/CUMEM
pytorch-benchmark-opt-0:107:170 [0] NCCL INFO Channel 15/0 : 0[0] -> 2[2] via P2P/CUMEM
pytorch-benchmark-opt-0:108:155 [1] NCCL INFO New proxy send connection 62 from local rank 1, transport 0
pytorch-benchmark-opt-0:107:154 [0] NCCL INFO New proxy send connection 70 from local rank 0, transport 0
pytorch-benchmark-opt-0:108:169 [1] NCCL INFO Connected to proxy localRank 1 -> connection 0x7fbd30006c50
pytorch-benchmark-opt-0:107:170 [0] NCCL INFO Connected to proxy localRank 0 -> connection 0x7f057c007010
pytorch-benchmark-opt-0:110:152 [3] NCCL INFO New proxy recv connection 60 from local rank 3, transport 0
pytorch-benchmark-opt-0:110:168 [3] NCCL INFO Connected to proxy localRank 3 -> connection 0x7f0f4c006b60
pytorch-benchmark-opt-0:108:169 [1] NCCL INFO GPU Direct RDMA Enabled for GPU 26000 / HCA 1 (distance 4 <= 7), read 0
pytorch-benchmark-opt-0:109:171 [2] NCCL INFO GPU Direct RDMA Enabled for GPU a6000 / HCA 2 (distance 4 <= 7), read 0
pytorch-benchmark-opt-0:110:152 [3] NCCL INFO New proxy recv connection 61 from local rank 3, transport 0
pytorch-benchmark-opt-0:110:168 [3] NCCL INFO Connected to proxy localRank 3 -> connection 0x7f0f4c006bd8
pytorch-benchmark-opt-0:108:155 [1] NCCL INFO New proxy recv connection 63 from local rank 1, transport 2
pytorch-benchmark-opt-0:107:170 [0] NCCL INFO Channel 02/0 : 0[0] -> 3[3] via P2P/CUMEM
pytorch-benchmark-opt-0:109:157 [2] NCCL INFO New proxy recv connection 61 from local rank 2, transport 2
pytorch-benchmark-opt-0:108:169 [1] NCCL INFO Connected to proxy localRank 1 -> connection 0x7fbd30006cc8
pytorch-benchmark-opt-0:109:171 [2] NCCL INFO Connected to proxy localRank 2 -> connection 0x7f4c98006bd8
pytorch-benchmark-opt-0:107:154 [0] NCCL INFO New proxy send connection 71 from local rank 0, transport 0
pytorch-benchmark-opt-0:107:170 [0] NCCL INFO Connected to proxy localRank 0 -> connection 0x7f057c007088
pytorch-benchmark-opt-0:108:155 [1] NCCL INFO NET/IB : GPU Direct RDMA (nvidia-peermem) enabled for HCA 1 'mlx5_7
pytorch-benchmark-opt-0:109:157 [2] NCCL INFO NET/IB : GPU Direct RDMA (nvidia-peermem) enabled for HCA 2 'mlx5_10
pytorch-benchmark-opt-0:108:155 [1] NCCL INFO NET/IB : GPU Direct RDMA (DMABUF) enabled for HCA 1 'mlx5_7
pytorch-benchmark-opt-0:109:157 [2] NCCL INFO NET/IB : GPU Direct RDMA (DMABUF) enabled for HCA 2 'mlx5_10
pytorch-benchmark-opt-0:108:169 [1] NCCL INFO Channel 01/0 : 4[0] -> 1[1] [receive] via NET/IBext_v8/1/GDRDMA
pytorch-benchmark-opt-0:108:169 [1] NCCL INFO GPU Direct RDMA Enabled for GPU 26000 / HCA 1 (distance 4 <= 7), read 0
pytorch-benchmark-opt-0:109:171 [2] NCCL INFO Channel 02/0 : 7[3] -> 2[2] [receive] via NET/IBext_v8/2/GDRDMA
pytorch-benchmark-opt-0:109:171 [2] NCCL INFO GPU Direct RDMA Enabled for GPU a6000 / HCA 2 (distance 4 <= 7), read 0
pytorch-benchmark-opt-0:109:157 [2] NCCL INFO New proxy recv connection 62 from local rank 2, transport 2
pytorch-benchmark-opt-0:108:155 [1] NCCL INFO New proxy recv connection 64 from local rank 1, transport 2
pytorch-benchmark-opt-0:109:171 [2] NCCL INFO Connected to proxy localRank 2 -> connection 0x7f4c98006c50
pytorch-benchmark-opt-0:108:169 [1] NCCL INFO Connected to proxy localRank 1 -> connection 0x7fbd30006d40
pytorch-benchmark-opt-0:109:157 [2] NCCL INFO NET/IB : GPU Direct RDMA (nvidia-peermem) enabled for HCA 2 'mlx5_10
pytorch-benchmark-opt-0:109:157 [2] NCCL INFO NET/IB : GPU Direct RDMA (DMABUF) enabled for HCA 2 'mlx5_10
pytorch-benchmark-opt-0:108:155 [1] NCCL INFO NET/IB : GPU Direct RDMA (nvidia-peermem) enabled for HCA 1 'mlx5_7
pytorch-benchmark-opt-0:108:155 [1] NCCL INFO NET/IB : GPU Direct RDMA (DMABUF) enabled for HCA 1 'mlx5_7
pytorch-benchmark-opt-0:109:171 [2] NCCL INFO Channel 06/0 : 7[3] -> 2[2] [receive] via NET/IBext_v8/2/GDRDMA
pytorch-benchmark-opt-0:109:171 [2] NCCL INFO GPU Direct RDMA Enabled for GPU a6000 / HCA 2 (distance 4 <= 7), read 0
pytorch-benchmark-opt-0:108:169 [1] NCCL INFO Channel 05/0 : 4[0] -> 1[1] [receive] via NET/IBext_v8/1/GDRDMA
pytorch-benchmark-opt-0:110:152 [3] NCCL INFO New proxy recv connection 62 from local rank 3, transport 0
pytorch-benchmark-opt-0:108:169 [1] NCCL INFO GPU Direct RDMA Enabled for GPU 26000 / HCA 1 (distance 4 <= 7), read 0
pytorch-benchmark-opt-0:107:170 [0] NCCL INFO Channel 10/0 : 0[0] -> 3[3] via P2P/CUMEM
pytorch-benchmark-opt-0:110:168 [3] NCCL INFO Connected to proxy localRank 3 -> connection 0x7f0f4c006c50
pytorch-benchmark-opt-0:109:157 [2] NCCL INFO New proxy recv connection 63 from local rank 2, transport 2
pytorch-benchmark-opt-0:109:171 [2] NCCL INFO Connected to proxy localRank 2 -> connection 0x7f4c98006cc8
pytorch-benchmark-opt-0:108:155 [1] NCCL INFO New proxy recv connection 65 from local rank 1, transport 2
pytorch-benchmark-opt-0:107:154 [0] NCCL INFO New proxy send connection 72 from local rank 0, transport 0
pytorch-benchmark-opt-0:108:169 [1] NCCL INFO Connected to proxy localRank 1 -> connection 0x7fbd30006db8
pytorch-benchmark-opt-0:107:170 [0] NCCL INFO Connected to proxy localRank 0 -> connection 0x7f057c007100
pytorch-benchmark-opt-0:109:157 [2] NCCL INFO NET/IB : GPU Direct RDMA (nvidia-peermem) enabled for HCA 2 'mlx5_10
pytorch-benchmark-opt-0:109:157 [2] NCCL INFO NET/IB : GPU Direct RDMA (DMABUF) enabled for HCA 2 'mlx5_10
pytorch-benchmark-opt-0:109:171 [2] NCCL INFO Channel 10/0 : 7[3] -> 2[2] [receive] via NET/IBext_v8/2/GDRDMA
pytorch-benchmark-opt-0:109:171 [2] NCCL INFO GPU Direct RDMA Enabled for GPU a6000 / HCA 2 (distance 4 <= 7), read 0
pytorch-benchmark-opt-0:108:155 [1] NCCL INFO NET/IB : GPU Direct RDMA (nvidia-peermem) enabled for HCA 1 'mlx5_7
pytorch-benchmark-opt-0:108:155 [1] NCCL INFO NET/IB : GPU Direct RDMA (DMABUF) enabled for HCA 1 'mlx5_7
pytorch-benchmark-opt-0:108:169 [1] NCCL INFO Channel 09/0 : 4[0] -> 1[1] [receive] via NET/IBext_v8/1/GDRDMA
pytorch-benchmark-opt-0:108:169 [1] NCCL INFO GPU Direct RDMA Enabled for GPU 26000 / HCA 1 (distance 4 <= 7), read 0
pytorch-benchmark-opt-0:109:157 [2] NCCL INFO New proxy recv connection 64 from local rank 2, transport 2
pytorch-benchmark-opt-0:109:171 [2] NCCL INFO Connected to proxy localRank 2 -> connection 0x7f4c98006d40
pytorch-benchmark-opt-0:108:155 [1] NCCL INFO New proxy recv connection 66 from local rank 1, transport 2
pytorch-benchmark-opt-0:109:157 [2] NCCL INFO NET/IB : GPU Direct RDMA (nvidia-peermem) enabled for HCA 2 'mlx5_10
pytorch-benchmark-opt-0:109:157 [2] NCCL INFO NET/IB : GPU Direct RDMA (DMABUF) enabled for HCA 2 'mlx5_10
pytorch-benchmark-opt-0:108:169 [1] NCCL INFO Connected to proxy localRank 1 -> connection 0x7fbd30006e30
pytorch-benchmark-opt-0:109:171 [2] NCCL INFO Channel 14/0 : 7[3] -> 2[2] [receive] via NET/IBext_v8/2/GDRDMA
pytorch-benchmark-opt-0:110:168 [3] NCCL INFO GPU Direct RDMA Enabled for GPU c6000 / HCA 2 (distance 4 <= 7), read 1
pytorch-benchmark-opt-0:108:155 [1] NCCL INFO NET/IB : GPU Direct RDMA (nvidia-peermem) enabled for HCA 1 'mlx5_7
pytorch-benchmark-opt-0:108:155 [1] NCCL INFO NET/IB : GPU Direct RDMA (DMABUF) enabled for HCA 1 'mlx5_7
pytorch-benchmark-opt-0:108:169 [1] NCCL INFO Channel 13/0 : 4[0] -> 1[1] [receive] via NET/IBext_v8/1/GDRDMA
pytorch-benchmark-opt-0:109:157 [2] NCCL INFO New proxy send connection 65 from local rank 3, transport 2
pytorch-benchmark-opt-0:110:168 [3] NCCL INFO Connected to proxy localRank 2 -> connection 0x7f4c98006db8
pytorch-benchmark-opt-0:109:157 [2] NCCL INFO NET/IB : GPU Direct RDMA (nvidia-peermem) enabled for HCA 2 'mlx5_10
pytorch-benchmark-opt-0:109:157 [2] NCCL INFO NET/IB : GPU Direct RDMA (DMABUF) enabled for HCA 2 'mlx5_10
pytorch-benchmark-opt-0:110:168 [3] NCCL INFO Channel 02/0 : 3[3] -> 6[2] [send] via NET/IBext_v8/2(2)/GDRDMA
pytorch-benchmark-opt-0:110:168 [3] NCCL INFO GPU Direct RDMA Enabled for GPU c6000 / HCA 2 (distance 4 <= 7), read 1
pytorch-benchmark-opt-0:109:157 [2] NCCL INFO New proxy send connection 66 from local rank 3, transport 2
pytorch-benchmark-opt-0:110:168 [3] NCCL INFO Connected to proxy localRank 2 -> connection 0x7f4c98006e30
pytorch-benchmark-opt-0:109:157 [2] NCCL INFO NET/IB : GPU Direct RDMA (nvidia-peermem) enabled for HCA 2 'mlx5_10
pytorch-benchmark-opt-0:109:157 [2] NCCL INFO NET/IB : GPU Direct RDMA (DMABUF) enabled for HCA 2 'mlx5_10
pytorch-benchmark-opt-0:110:168 [3] NCCL INFO Channel 06/0 : 3[3] -> 6[2] [send] via NET/IBext_v8/2(2)/GDRDMA
pytorch-benchmark-opt-0:110:168 [3] NCCL INFO GPU Direct RDMA Enabled for GPU c6000 / HCA 2 (distance 4 <= 7), read 1
pytorch-benchmark-opt-0:109:157 [2] NCCL INFO New proxy send connection 67 from local rank 3, transport 2
pytorch-benchmark-opt-0:110:168 [3] NCCL INFO Connected to proxy localRank 2 -> connection 0x7f4c98006ea8
pytorch-benchmark-opt-0:109:157 [2] NCCL INFO NET/IB : GPU Direct RDMA (nvidia-peermem) enabled for HCA 2 'mlx5_10
pytorch-benchmark-opt-0:109:157 [2] NCCL INFO NET/IB : GPU Direct RDMA (DMABUF) enabled for HCA 2 'mlx5_10
pytorch-benchmark-opt-0:110:168 [3] NCCL INFO Channel 10/0 : 3[3] -> 6[2] [send] via NET/IBext_v8/2(2)/GDRDMA
pytorch-benchmark-opt-0:110:168 [3] NCCL INFO GPU Direct RDMA Enabled for GPU c6000 / HCA 2 (distance 4 <= 7), read 1
pytorch-benchmark-opt-0:109:157 [2] NCCL INFO New proxy send connection 68 from local rank 3, transport 2
pytorch-benchmark-opt-0:110:168 [3] NCCL INFO Connected to proxy localRank 2 -> connection 0x7f4c98006f20
pytorch-benchmark-opt-0:109:157 [2] NCCL INFO NET/IB : GPU Direct RDMA (nvidia-peermem) enabled for HCA 2 'mlx5_10
pytorch-benchmark-opt-0:109:157 [2] NCCL INFO NET/IB : GPU Direct RDMA (DMABUF) enabled for HCA 2 'mlx5_10
pytorch-benchmark-opt-0:110:168 [3] NCCL INFO Channel 14/0 : 3[3] -> 6[2] [send] via NET/IBext_v8/2(2)/GDRDMA
pytorch-benchmark-opt-0:107:170 [0] NCCL INFO GPU Direct RDMA Enabled for GPU 6000 / HCA 1 (distance 4 <= 7), read 1
pytorch-benchmark-opt-0:108:155 [1] NCCL INFO New proxy send connection 67 from local rank 0, transport 2
pytorch-benchmark-opt-0:107:170 [0] NCCL INFO Connected to proxy localRank 1 -> connection 0x7fbd30006ea8
pytorch-benchmark-opt-0:108:155 [1] NCCL INFO NET/IB : GPU Direct RDMA (nvidia-peermem) enabled for HCA 1 'mlx5_7
pytorch-benchmark-opt-0:108:155 [1] NCCL INFO NET/IB : GPU Direct RDMA (DMABUF) enabled for HCA 1 'mlx5_7
pytorch-benchmark-opt-0:107:170 [0] NCCL INFO Channel 01/0 : 0[0] -> 5[1] [send] via NET/IBext_v8/1(1)/GDRDMA
pytorch-benchmark-opt-0:107:170 [0] NCCL INFO GPU Direct RDMA Enabled for GPU 6000 / HCA 1 (distance 4 <= 7), read 1
pytorch-benchmark-opt-0:110:168 [3] NCCL INFO GPU Direct RDMA Enabled for GPU c6000 / HCA 3 (distance 4 <= 7), read 0
pytorch-benchmark-opt-0:109:171 [2] NCCL INFO GPU Direct RDMA Enabled for GPU a6000 / HCA 3 (distance 4 <= 7), read 1
pytorch-benchmark-opt-0:108:155 [1] NCCL INFO New proxy send connection 68 from local rank 0, transport 2
pytorch-benchmark-opt-0:110:152 [3] NCCL INFO New proxy recv connection 63 from local rank 3, transport 2
pytorch-benchmark-opt-0:110:168 [3] NCCL INFO Connected to proxy localRank 3 -> connection 0x7f0f4c006cc8
pytorch-benchmark-opt-0:107:170 [0] NCCL INFO Connected to proxy localRank 1 -> connection 0x7fbd30006f20
pytorch-benchmark-opt-0:110:152 [3] NCCL INFO New proxy send connection 64 from local rank 2, transport 2
pytorch-benchmark-opt-0:108:155 [1] NCCL INFO NET/IB : GPU Direct RDMA (nvidia-peermem) enabled for HCA 1 'mlx5_7
pytorch-benchmark-opt-0:108:155 [1] NCCL INFO NET/IB : GPU Direct RDMA (DMABUF) enabled for HCA 1 'mlx5_7
pytorch-benchmark-opt-0:107:170 [0] NCCL INFO Channel 05/0 : 0[0] -> 5[1] [send] via NET/IBext_v8/1(1)/GDRDMA
pytorch-benchmark-opt-0:110:152 [3] NCCL INFO NET/IB : GPU Direct RDMA (nvidia-peermem) enabled for HCA 3 'mlx5_11
pytorch-benchmark-opt-0:107:170 [0] NCCL INFO GPU Direct RDMA Enabled for GPU 6000 / HCA 1 (distance 4 <= 7), read 1
pytorch-benchmark-opt-0:110:152 [3] NCCL INFO NET/IB : GPU Direct RDMA (DMABUF) enabled for HCA 3 'mlx5_11
pytorch-benchmark-opt-0:109:171 [2] NCCL INFO Connected to proxy localRank 3 -> connection 0x7f0f4c006d40
pytorch-benchmark-opt-0:108:155 [1] NCCL INFO New proxy send connection 69 from local rank 0, transport 2
pytorch-benchmark-opt-0:110:168 [3] NCCL INFO Channel 03/0 : 6[2] -> 3[3] [receive] via NET/IBext_v8/3/GDRDMA
pytorch-benchmark-opt-0:110:168 [3] NCCL INFO GPU Direct RDMA Enabled for GPU c6000 / HCA 3 (distance 4 <= 7), read 0
pytorch-benchmark-opt-0:107:170 [0] NCCL INFO Connected to proxy localRank 1 -> connection 0x7fbd30006f98
pytorch-benchmark-opt-0:110:152 [3] NCCL INFO NET/IB : GPU Direct RDMA (nvidia-peermem) enabled for HCA 3 'mlx5_11
pytorch-benchmark-opt-0:110:152 [3] NCCL INFO NET/IB : GPU Direct RDMA (DMABUF) enabled for HCA 3 'mlx5_11
pytorch-benchmark-opt-0:109:171 [2] NCCL INFO Channel 03/0 : 2[2] -> 7[3] [send] via NET/IBext_v8/3(3)/GDRDMA
pytorch-benchmark-opt-0:109:171 [2] NCCL INFO GPU Direct RDMA Enabled for GPU a6000 / HCA 3 (distance 4 <= 7), read 1
pytorch-benchmark-opt-0:110:152 [3] NCCL INFO New proxy recv connection 65 from local rank 3, transport 2
pytorch-benchmark-opt-0:110:168 [3] NCCL INFO Connected to proxy localRank 3 -> connection 0x7f0f4c006db8
pytorch-benchmark-opt-0:108:155 [1] NCCL INFO NET/IB : GPU Direct RDMA (nvidia-peermem) enabled for HCA 1 'mlx5_7
pytorch-benchmark-opt-0:108:155 [1] NCCL INFO NET/IB : GPU Direct RDMA (DMABUF) enabled for HCA 1 'mlx5_7
pytorch-benchmark-opt-0:107:170 [0] NCCL INFO Channel 09/0 : 0[0] -> 5[1] [send] via NET/IBext_v8/1(1)/GDRDMA
pytorch-benchmark-opt-0:107:170 [0] NCCL INFO GPU Direct RDMA Enabled for GPU 6000 / HCA 1 (distance 4 <= 7), read 1
pytorch-benchmark-opt-0:110:152 [3] NCCL INFO New proxy send connection 66 from local rank 2, transport 2
pytorch-benchmark-opt-0:109:171 [2] NCCL INFO Connected to proxy localRank 3 -> connection 0x7f0f4c006e30
pytorch-benchmark-opt-0:110:152 [3] NCCL INFO NET/IB : GPU Direct RDMA (nvidia-peermem) enabled for HCA 3 'mlx5_11
pytorch-benchmark-opt-0:110:152 [3] NCCL INFO NET/IB : GPU Direct RDMA (DMABUF) enabled for HCA 3 'mlx5_11
pytorch-benchmark-opt-0:108:155 [1] NCCL INFO New proxy send connection 70 from local rank 0, transport 2
pytorch-benchmark-opt-0:110:168 [3] NCCL INFO Channel 07/0 : 6[2] -> 3[3] [receive] via NET/IBext_v8/3/GDRDMA
pytorch-benchmark-opt-0:107:170 [0] NCCL INFO Connected to proxy localRank 1 -> connection 0x7fbd30007010
pytorch-benchmark-opt-0:110:168 [3] NCCL INFO GPU Direct RDMA Enabled for GPU c6000 / HCA 3 (distance 4 <= 7), read 0
pytorch-benchmark-opt-0:110:152 [3] NCCL INFO NET/IB : GPU Direct RDMA (nvidia-peermem) enabled for HCA 3 'mlx5_11
pytorch-benchmark-opt-0:110:152 [3] NCCL INFO NET/IB : GPU Direct RDMA (DMABUF) enabled for HCA 3 'mlx5_11
pytorch-benchmark-opt-0:109:171 [2] NCCL INFO Channel 07/0 : 2[2] -> 7[3] [send] via NET/IBext_v8/3(3)/GDRDMA
pytorch-benchmark-opt-0:109:171 [2] NCCL INFO GPU Direct RDMA Enabled for GPU a6000 / HCA 3 (distance 4 <= 7), read 1
pytorch-benchmark-opt-0:110:152 [3] NCCL INFO New proxy recv connection 67 from local rank 3, transport 2
pytorch-benchmark-opt-0:110:168 [3] NCCL INFO Connected to proxy localRank 3 -> connection 0x7f0f4c006ea8
pytorch-benchmark-opt-0:108:155 [1] NCCL INFO NET/IB : GPU Direct RDMA (nvidia-peermem) enabled for HCA 1 'mlx5_7
pytorch-benchmark-opt-0:108:155 [1] NCCL INFO NET/IB : GPU Direct RDMA (DMABUF) enabled for HCA 1 'mlx5_7
pytorch-benchmark-opt-0:107:170 [0] NCCL INFO Channel 13/0 : 0[0] -> 5[1] [send] via NET/IBext_v8/1(1)/GDRDMA
pytorch-benchmark-opt-0:110:152 [3] NCCL INFO New proxy send connection 68 from local rank 2, transport 2
pytorch-benchmark-opt-0:109:171 [2] NCCL INFO Connected to proxy localRank 3 -> connection 0x7f0f4c006f20
pytorch-benchmark-opt-0:110:152 [3] NCCL INFO NET/IB : GPU Direct RDMA (nvidia-peermem) enabled for HCA 3 'mlx5_11
pytorch-benchmark-opt-0:110:152 [3] NCCL INFO NET/IB : GPU Direct RDMA (DMABUF) enabled for HCA 3 'mlx5_11
pytorch-benchmark-opt-0:110:168 [3] NCCL INFO Channel 11/0 : 6[2] -> 3[3] [receive] via NET/IBext_v8/3/GDRDMA
pytorch-benchmark-opt-0:110:168 [3] NCCL INFO GPU Direct RDMA Enabled for GPU c6000 / HCA 3 (distance 4 <= 7), read 0
pytorch-benchmark-opt-0:110:152 [3] NCCL INFO NET/IB : GPU Direct RDMA (nvidia-peermem) enabled for HCA 3 'mlx5_11
pytorch-benchmark-opt-0:110:152 [3] NCCL INFO NET/IB : GPU Direct RDMA (DMABUF) enabled for HCA 3 'mlx5_11
pytorch-benchmark-opt-0:109:171 [2] NCCL INFO Channel 11/0 : 2[2] -> 7[3] [send] via NET/IBext_v8/3(3)/GDRDMA
pytorch-benchmark-opt-0:109:171 [2] NCCL INFO GPU Direct RDMA Enabled for GPU a6000 / HCA 3 (distance 4 <= 7), read 1
pytorch-benchmark-opt-0:110:152 [3] NCCL INFO New proxy recv connection 69 from local rank 3, transport 2
pytorch-benchmark-opt-0:110:168 [3] NCCL INFO Connected to proxy localRank 3 -> connection 0x7f0f4c006f98
pytorch-benchmark-opt-0:110:152 [3] NCCL INFO New proxy send connection 70 from local rank 2, transport 2
pytorch-benchmark-opt-0:109:171 [2] NCCL INFO Connected to proxy localRank 3 -> connection 0x7f0f4c007010
pytorch-benchmark-opt-0:110:152 [3] NCCL INFO NET/IB : GPU Direct RDMA (nvidia-peermem) enabled for HCA 3 'mlx5_11
pytorch-benchmark-opt-0:110:152 [3] NCCL INFO NET/IB : GPU Direct RDMA (DMABUF) enabled for HCA 3 'mlx5_11
pytorch-benchmark-opt-0:110:168 [3] NCCL INFO Channel 15/0 : 6[2] -> 3[3] [receive] via NET/IBext_v8/3/GDRDMA
pytorch-benchmark-opt-0:110:152 [3] NCCL INFO NET/IB : GPU Direct RDMA (nvidia-peermem) enabled for HCA 3 'mlx5_11
pytorch-benchmark-opt-0:110:152 [3] NCCL INFO NET/IB : GPU Direct RDMA (DMABUF) enabled for HCA 3 'mlx5_11
pytorch-benchmark-opt-0:107:154 [0] NCCL INFO New proxy recv connection 73 from local rank 0, transport 0
pytorch-benchmark-opt-0:109:171 [2] NCCL INFO Channel 15/0 : 2[2] -> 7[3] [send] via NET/IBext_v8/3(3)/GDRDMA
pytorch-benchmark-opt-0:108:155 [1] NCCL INFO New proxy recv connection 71 from local rank 1, transport 0
pytorch-benchmark-opt-0:107:170 [0] NCCL INFO Connected to proxy localRank 0 -> connection 0x7f057c007178
pytorch-benchmark-opt-0:108:169 [1] NCCL INFO Connected to proxy localRank 1 -> connection 0x7fbd30007088
pytorch-benchmark-opt-0:109:171 [2] NCCL INFO Channel 01/0 : 2[2] -> 0[0] via P2P/CUMEM
pytorch-benchmark-opt-0:108:155 [1] NCCL INFO New proxy recv connection 72 from local rank 1, transport 0
pytorch-benchmark-opt-0:107:154 [0] NCCL INFO New proxy recv connection 74 from local rank 0, transport 0
pytorch-benchmark-opt-0:108:169 [1] NCCL INFO Connected to proxy localRank 1 -> connection 0x7fbd30007100
pytorch-benchmark-opt-0:110:168 [3] NCCL INFO Channel 07/0 : 3[3] -> 1[1] via P2P/CUMEM
pytorch-benchmark-opt-0:107:170 [0] NCCL INFO Connected to proxy localRank 0 -> connection 0x7f057c0071f0
pytorch-benchmark-opt-0:109:157 [2] NCCL INFO New proxy send connection 69 from local rank 2, transport 0
pytorch-benchmark-opt-0:110:152 [3] NCCL INFO New proxy send connection 71 from local rank 3, transport 0
pytorch-benchmark-opt-0:109:171 [2] NCCL INFO Connected to proxy localRank 2 -> connection 0x7f4c98006f98
pytorch-benchmark-opt-0:110:168 [3] NCCL INFO Connected to proxy localRank 3 -> connection 0x7f0f4c007088
pytorch-benchmark-opt-0:110:168 [3] NCCL INFO Channel 15/0 : 3[3] -> 1[1] via P2P/CUMEM
pytorch-benchmark-opt-0:109:171 [2] NCCL INFO Channel 09/0 : 2[2] -> 0[0] via P2P/CUMEM
pytorch-benchmark-opt-0:110:152 [3] NCCL INFO New proxy send connection 72 from local rank 3, transport 0
pytorch-benchmark-opt-0:110:168 [3] NCCL INFO Connected to proxy localRank 3 -> connection 0x7f0f4c007100
pytorch-benchmark-opt-0:109:157 [2] NCCL INFO New proxy send connection 70 from local rank 2, transport 0
pytorch-benchmark-opt-0:109:171 [2] NCCL INFO Connected to proxy localRank 2 -> connection 0x7f4c98007010
pytorch-benchmark-opt-0:110:168 [3] NCCL INFO Channel 05/0 : 3[3] -> 2[2] via P2P/CUMEM
pytorch-benchmark-opt-0:109:157 [2] NCCL INFO New proxy recv connection 71 from local rank 2, transport 0
pytorch-benchmark-opt-0:109:171 [2] NCCL INFO Connected to proxy localRank 2 -> connection 0x7f4c98007088
pytorch-benchmark-opt-0:107:154 [0] NCCL INFO New proxy recv connection 75 from local rank 0, transport 0
pytorch-benchmark-opt-0:108:155 [1] NCCL INFO New proxy recv connection 73 from local rank 1, transport 0
pytorch-benchmark-opt-0:110:152 [3] NCCL INFO New proxy send connection 73 from local rank 3, transport 0
pytorch-benchmark-opt-0:107:170 [0] NCCL INFO Connected to proxy localRank 0 -> connection 0x7f057c007268
pytorch-benchmark-opt-0:110:168 [3] NCCL INFO Connected to proxy localRank 3 -> connection 0x7f0f4c007178
pytorch-benchmark-opt-0:108:169 [1] NCCL INFO Connected to proxy localRank 1 -> connection 0x7fbd30007178
pytorch-benchmark-opt-0:109:157 [2] NCCL INFO New proxy recv connection 72 from local rank 2, transport 0
pytorch-benchmark-opt-0:109:171 [2] NCCL INFO Connected to proxy localRank 2 -> connection 0x7f4c98007100
pytorch-benchmark-opt-0:110:168 [3] NCCL INFO Channel 13/0 : 3[3] -> 2[2] via P2P/CUMEM
pytorch-benchmark-opt-0:110:152 [3] NCCL INFO New proxy send connection 74 from local rank 3, transport 0
pytorch-benchmark-opt-0:110:168 [3] NCCL INFO Connected to proxy localRank 3 -> connection 0x7f0f4c0071f0
pytorch-benchmark-opt-0:107:154 [0] NCCL INFO New proxy recv connection 76 from local rank 0, transport 0
pytorch-benchmark-opt-0:107:170 [0] NCCL INFO Connected to proxy localRank 0 -> connection 0x7f057c0072e0
pytorch-benchmark-opt-0:108:155 [1] NCCL INFO New proxy recv connection 74 from local rank 1, transport 0
pytorch-benchmark-opt-0:108:169 [1] NCCL INFO Connected to proxy localRank 1 -> connection 0x7fbd300071f0
pytorch-benchmark-opt-0:109:171 [2] NCCL INFO Channel 02/0 : 2[2] -> 1[1] via P2P/CUMEM
